Component: ARM Compiler 5.05 update 1 (build 106) Tool: armlink [4d0efa]

==============================================================================

Section Cross References

    startup_stm32f427xx.o(RESET) refers to startup_stm32f427xx.o(STACK) for __initial_sp
    startup_stm32f427xx.o(RESET) refers to startup_stm32f427xx.o(.text) for Reset_Handler
    startup_stm32f427xx.o(RESET) refers to stm32f4xx_it.o(i.NMI_Handler) for NMI_Handler
    startup_stm32f427xx.o(RESET) refers to stm32f4xx_it.o(i.HardFault_Handler) for HardFault_Handler
    startup_stm32f427xx.o(RESET) refers to stm32f4xx_it.o(i.MemManage_Handler) for MemManage_Handler
    startup_stm32f427xx.o(RESET) refers to stm32f4xx_it.o(i.BusFault_Handler) for BusFault_Handler
    startup_stm32f427xx.o(RESET) refers to stm32f4xx_it.o(i.UsageFault_Handler) for UsageFault_Handler
    startup_stm32f427xx.o(RESET) refers to port.o(.emb_text) for SVC_Handler
    startup_stm32f427xx.o(RESET) refers to stm32f4xx_it.o(i.DebugMon_Handler) for DebugMon_Handler
    startup_stm32f427xx.o(RESET) refers to freertos_middleware.o(i.SysTick_Handler) for SysTick_Handler
    startup_stm32f427xx.o(RESET) refers to can_receive.o(i.CAN1_RX0_IRQHandler) for CAN1_RX0_IRQHandler
    startup_stm32f427xx.o(RESET) refers to freertos_middleware.o(i.TIM3_IRQHandler) for TIM3_IRQHandler
    startup_stm32f427xx.o(RESET) refers to remote_control.o(i.USART1_IRQHandler) for USART1_IRQHandler
    startup_stm32f427xx.o(RESET) refers to can_receive.o(i.CAN2_RX0_IRQHandler) for CAN2_RX0_IRQHandler
    startup_stm32f427xx.o(RESET) refers to gyroscope.o(i.UART7_IRQHandler) for UART7_IRQHandler
    startup_stm32f427xx.o(.text) refers to system_stm32f4xx.o(i.SystemInit) for SystemInit
    startup_stm32f427xx.o(.text) refers to entry.o(.ARM.Collect$$$$00000000) for __main
    system_stm32f4xx.o(i.SystemCoreClockUpdate) refers to system_stm32f4xx.o(.data) for .data
    system_stm32f4xx.o(i.SystemInit) refers to system_stm32f4xx.o(i.SetSysClock) for SetSysClock
    stm32f4xx_adc.o(i.ADC_DeInit) refers to stm32f4xx_rcc.o(i.RCC_APB2PeriphResetCmd) for RCC_APB2PeriphResetCmd
    stm32f4xx_can.o(i.CAN_DeInit) refers to stm32f4xx_rcc.o(i.RCC_APB1PeriphResetCmd) for RCC_APB1PeriphResetCmd
    stm32f4xx_can.o(i.CAN_GetITStatus) refers to stm32f4xx_can.o(i.CheckITStatus) for CheckITStatus
    stm32f4xx_cryp.o(i.CRYP_DeInit) refers to stm32f4xx_rcc.o(i.RCC_AHB2PeriphResetCmd) for RCC_AHB2PeriphResetCmd
    stm32f4xx_cryp_aes.o(i.CRYP_AES_CBC) refers to stm32f4xx_cryp.o(i.CRYP_KeyStructInit) for CRYP_KeyStructInit
    stm32f4xx_cryp_aes.o(i.CRYP_AES_CBC) refers to stm32f4xx_cryp.o(i.CRYP_KeyInit) for CRYP_KeyInit
    stm32f4xx_cryp_aes.o(i.CRYP_AES_CBC) refers to stm32f4xx_cryp.o(i.CRYP_Init) for CRYP_Init
    stm32f4xx_cryp_aes.o(i.CRYP_AES_CBC) refers to stm32f4xx_cryp.o(i.CRYP_IVInit) for CRYP_IVInit
    stm32f4xx_cryp_aes.o(i.CRYP_AES_CBC) refers to stm32f4xx_cryp.o(i.CRYP_FIFOFlush) for CRYP_FIFOFlush
    stm32f4xx_cryp_aes.o(i.CRYP_AES_CBC) refers to stm32f4xx_cryp.o(i.CRYP_Cmd) for CRYP_Cmd
    stm32f4xx_cryp_aes.o(i.CRYP_AES_CBC) refers to stm32f4xx_cryp.o(i.CRYP_GetCmdStatus) for CRYP_GetCmdStatus
    stm32f4xx_cryp_aes.o(i.CRYP_AES_CBC) refers to stm32f4xx_cryp.o(i.CRYP_GetFlagStatus) for CRYP_GetFlagStatus
    stm32f4xx_cryp_aes.o(i.CRYP_AES_CBC) refers to stm32f4xx_cryp.o(i.CRYP_DataIn) for CRYP_DataIn
    stm32f4xx_cryp_aes.o(i.CRYP_AES_CBC) refers to stm32f4xx_cryp.o(i.CRYP_DataOut) for CRYP_DataOut
    stm32f4xx_cryp_aes.o(i.CRYP_AES_CCM) refers to stm32f4xx_cryp.o(i.CRYP_KeyStructInit) for CRYP_KeyStructInit
    stm32f4xx_cryp_aes.o(i.CRYP_AES_CCM) refers to stm32f4xx_cryp.o(i.CRYP_FIFOFlush) for CRYP_FIFOFlush
    stm32f4xx_cryp_aes.o(i.CRYP_AES_CCM) refers to stm32f4xx_cryp.o(i.CRYP_KeyInit) for CRYP_KeyInit
    stm32f4xx_cryp_aes.o(i.CRYP_AES_CCM) refers to stm32f4xx_cryp.o(i.CRYP_IVInit) for CRYP_IVInit
    stm32f4xx_cryp_aes.o(i.CRYP_AES_CCM) refers to stm32f4xx_cryp.o(i.CRYP_Init) for CRYP_Init
    stm32f4xx_cryp_aes.o(i.CRYP_AES_CCM) refers to stm32f4xx_cryp.o(i.CRYP_PhaseConfig) for CRYP_PhaseConfig
    stm32f4xx_cryp_aes.o(i.CRYP_AES_CCM) refers to stm32f4xx_cryp.o(i.CRYP_DataIn) for CRYP_DataIn
    stm32f4xx_cryp_aes.o(i.CRYP_AES_CCM) refers to stm32f4xx_cryp.o(i.CRYP_Cmd) for CRYP_Cmd
    stm32f4xx_cryp_aes.o(i.CRYP_AES_CCM) refers to stm32f4xx_cryp.o(i.CRYP_GetCmdStatus) for CRYP_GetCmdStatus
    stm32f4xx_cryp_aes.o(i.CRYP_AES_CCM) refers to stm32f4xx_cryp.o(i.CRYP_GetFlagStatus) for CRYP_GetFlagStatus
    stm32f4xx_cryp_aes.o(i.CRYP_AES_CCM) refers to stm32f4xx_cryp.o(i.CRYP_DataOut) for CRYP_DataOut
    stm32f4xx_cryp_aes.o(i.CRYP_AES_CTR) refers to stm32f4xx_cryp.o(i.CRYP_KeyStructInit) for CRYP_KeyStructInit
    stm32f4xx_cryp_aes.o(i.CRYP_AES_CTR) refers to stm32f4xx_cryp.o(i.CRYP_KeyInit) for CRYP_KeyInit
    stm32f4xx_cryp_aes.o(i.CRYP_AES_CTR) refers to stm32f4xx_cryp.o(i.CRYP_Init) for CRYP_Init
[...]
    chassis_feedback_update                  0x080033d5   Thumb Code   298  chassis_task.o(i.chassis_feedback_update)
    i.chassis_init                           0x0800350c   Section        0  chassis_task.o(i.chassis_init)
    chassis_init                             0x0800350d   Thumb Code   186  chassis_task.o(i.chassis_init)
    i.chassis_mode_change_control_transit    0x080035f0   Section        0  chassis_task.o(i.chassis_mode_change_control_transit)
    i.chassis_rc_to_control_vector           0x0800362c   Section        0  chassis_task.o(i.chassis_rc_to_control_vector)
    i.chassis_set_contorl                    0x08003744   Section        0  chassis_task.o(i.chassis_set_contorl)
    chassis_set_contorl                      0x08003745   Thumb Code   342  chassis_task.o(i.chassis_set_contorl)
    i.chassis_task                           0x080038b8   Section        0  chassis_task.o(i.chassis_task)
    i.delay_init                             0x0800395c   Section        0  delay.o(i.delay_init)
    i.delay_ms                               0x080039b4   Section        0  delay.o(i.delay_ms)
    i.detect_task                            0x080039e8   Section        0  detect_task.o(i.detect_task)
    i.fabs                                   0x08003a88   Section        0  fabs.o(i.fabs)
    i.first_order_filter_cali                0x08003aa0   Section        0  user_lib_1.o(i.first_order_filter_cali)
    i.first_order_filter_init                0x08003aee   Section        0  user_lib_1.o(i.first_order_filter_init)
    i.float_constrain                        0x08003b00   Section        0  user_lib_1.o(i.float_constrain)
    i.flow_led_off                           0x08003b20   Section        0  led.o(i.flow_led_off)
    i.flow_led_on                            0x08003b30   Section        0  led.o(i.flow_led_on)
    i.get_Chassis_Motor_Data_Point           0x08003b40   Section        0  can_receive.o(i.get_Chassis_Motor_Data_Point)
    i.get_MPU6050_Angle_point                0x08003b54   Section        0  gyroscope.o(i.get_MPU6050_Angle_point)
    i.get_MPU6050_Gyro_Point                 0x08003b5c   Section        0  gyroscope.o(i.get_MPU6050_Gyro_Point)
    i.get_Pitch_Gimbal_Motor_Data_Point      0x08003b64   Section        0  can_receive.o(i.get_Pitch_Gimbal_Motor_Data_Point)
    i.get_Yaw_Gimbal_Motor_Data_Point        0x08003b6c   Section        0  can_receive.o(i.get_Yaw_Gimbal_Motor_Data_Point)
    i.get_remote_control_point               0x08003b74   Section        0  remote_control.o(i.get_remote_control_point)
    i.gimbal_behaviour_control_set           0x08003b7c   Section        0  gimbal_behaviour.o(i.gimbal_behaviour_control_set)
    i.gimbal_behaviour_mode_set              0x08003cb4   Section        0  gimbal_behaviour.o(i.gimbal_behaviour_mode_set)
    i.gimbal_init_control                    0x08003dc0   Section        0  gimbal_behaviour.o(i.gimbal_init_control)
    gimbal_init_control                      0x08003dc1   Thumb Code   104  gimbal_behaviour.o(i.gimbal_init_control)
    i.gimbal_task                            0x08003e3c   Section        0  gimbal_task.o(i.gimbal_task)
    i.gimbal_total_pid_clear                 0x08003f68   Section        0  gimbal_task.o(i.gimbal_total_pid_clear)
    gimbal_total_pid_clear                   0x08003f69   Thumb Code    70  gimbal_task.o(i.gimbal_total_pid_clear)
    i.gyroscope_init                         0x08003fb0   Section        0  gyroscope.o(i.gyroscope_init)
    i.led_green_off                          0x08003fc0   Section        0  led.o(i.led_green_off)
    i.led_green_toggle                       0x08003fd0   Section        0  led.o(i.led_green_toggle)
    i.led_red_off                            0x08003fe0   Section        0  led.o(i.led_red_off)
    i.led_red_toggle                         0x08003ff0   Section        0  led.o(i.led_red_toggle)
    i.main                                   0x08004000   Section        0  main.o(i.main)
    i.motor_ecd_to_angle_change              0x08004014   Section        0  gimbal_task.o(i.motor_ecd_to_angle_change)
    motor_ecd_to_angle_change                0x08004015   Thumb Code    46  gimbal_task.o(i.motor_ecd_to_angle_change)
    i.prvAddCurrentTaskToDelayedList         0x08004048   Section        0  tasks.o(i.prvAddCurrentTaskToDelayedList)
    prvAddCurrentTaskToDelayedList           0x08004049   Thumb Code   102  tasks.o(i.prvAddCurrentTaskToDelayedList)
    i.prvAddNewTaskToReadyList               0x080040b8   Section        0  tasks.o(i.prvAddNewTaskToReadyList)
    prvAddNewTaskToReadyList                 0x080040b9   Thumb Code   192  tasks.o(i.prvAddNewTaskToReadyList)
    i.prvCheckForValidListAndQueue           0x08004188   Section        0  timers.o(i.prvCheckForValidListAndQueue)
    prvCheckForValidListAndQueue             0x08004189   Thumb Code    62  timers.o(i.prvCheckForValidListAndQueue)
    i.prvCheckTasksWaitingTermination        0x080041d8   Section        0  tasks.o(i.prvCheckTasksWaitingTermination)
    prvCheckTasksWaitingTermination          0x080041d9   Thumb Code    70  tasks.o(i.prvCheckTasksWaitingTermination)
    i.prvCopyDataFromQueue                   0x08004228   Section        0  queue.o(i.prvCopyDataFromQueue)
    prvCopyDataFromQueue                     0x08004229   Thumb Code    38  queue.o(i.prvCopyDataFromQueue)
    i.prvCopyDataToQueue                     0x0800424e   Section        0  queue.o(i.prvCopyDataToQueue)
    prvCopyDataToQueue                       0x0800424f   Thumb Code   108  queue.o(i.prvCopyDataToQueue)
    i.prvDeleteTCB                           0x080042ba   Section        0  tasks.o(i.prvDeleteTCB)
    prvDeleteTCB                             0x080042bb   Thumb Code    20  tasks.o(i.prvDeleteTCB)
    i.prvHeapInit                            0x080042d0   Section        0  heap_4.o(i.prvHeapInit)
    prvHeapInit                              0x080042d1   Thumb Code    66  heap_4.o(i.prvHeapInit)
    i.prvIdleTask                            0x0800431c   Section        0  tasks.o(i.prvIdleTask)
    prvIdleTask                              0x0800431d   Thumb Code    30  tasks.o(i.prvIdleTask)
    i.prvInitialiseNewTask                   0x08004344   Section        0  tasks.o(i.prvInitialiseNewTask)
    prvInitialiseNewTask                     0x08004345   Thumb Code   156  tasks.o(i.prvInitialiseNewTask)
    i.prvInsertBlockIntoFreeList             0x080043e0   Section        0  heap_4.o(i.prvInsertBlockIntoFreeList)
    prvInsertBlockIntoFreeList               0x080043e1   Thumb Code    72  heap_4.o(i.prvInsertBlockIntoFreeList)
    i.prvInsertTimerInActiveList             0x0800442c   Section        0  timers.o(i.prvInsertTimerInActiveList)
    prvInsertTimerInActiveList               0x0800442d   Thumb Code    52  timers.o(i.prvInsertTimerInActiveList)
    i.prvIsQueueEmpty                        0x08004464   Section        0  queue.o(i.prvIsQueueEmpty)
    prvIsQueueEmpty                          0x08004465   Thumb Code    28  queue.o(i.prvIsQueueEmpty)
    i.prvNotifyQueueSetContainer             0x08004480   Section        0  queue.o(i.prvNotifyQueueSetContainer)
    prvNotifyQueueSetContainer               0x08004481   Thumb Code   108  queue.o(i.prvNotifyQueueSetContainer)
    i.prvProcessReceivedCommands             0x080044ec   Section        0  timers.o(i.prvProcessReceivedCommands)
    prvProcessReceivedCommands               0x080044ed   Thumb Code   180  timers.o(i.prvProcessReceivedCommands)
    i.prvProcessTimerOrBlockTask             0x080045a4   Section        0  timers.o(i.prvProcessTimerOrBlockTask)
    prvProcessTimerOrBlockTask               0x080045a5   Thumb Code   172  timers.o(i.prvProcessTimerOrBlockTask)
    i.prvResetNextTaskUnblockTime            0x08004658   Section        0  tasks.o(i.prvResetNextTaskUnblockTime)
    prvResetNextTaskUnblockTime              0x08004659   Thumb Code    26  tasks.o(i.prvResetNextTaskUnblockTime)
    i.prvSampleTimeNow                       0x08004678   Section        0  timers.o(i.prvSampleTimeNow)
    prvSampleTimeNow                         0x08004679   Thumb Code    36  timers.o(i.prvSampleTimeNow)
    i.prvSwitchTimerLists                    0x080046a0   Section        0  timers.o(i.prvSwitchTimerLists)
    prvSwitchTimerLists                      0x080046a1   Thumb Code   102  timers.o(i.prvSwitchTimerLists)
    i.prvTaskExitError                       0x0800470c   Section        0  port.o(i.prvTaskExitError)
    prvTaskExitError                         0x0800470d   Thumb Code    36  port.o(i.prvTaskExitError)
    i.prvTimerTask                           0x08004734   Section        0  timers.o(i.prvTimerTask)
    prvTimerTask                             0x08004735   Thumb Code    32  timers.o(i.prvTimerTask)
    i.prvUnlockQueue                         0x08004758   Section        0  queue.o(i.prvUnlockQueue)
    prvUnlockQueue                           0x08004759   Thumb Code   120  queue.o(i.prvUnlockQueue)
    i.pvPortMalloc                           0x080047d0   Section        0  heap_4.o(i.pvPortMalloc)
    i.pvTaskIncrementMutexHeldCount          0x080048a8   Section        0  tasks.o(i.pvTaskIncrementMutexHeldCount)
    i.pxPortInitialiseStack                  0x080048c0   Section        0  port.o(i.pxPortInitialiseStack)
    i.remote_control_init                    0x080048ec   Section        0  remote_control.o(i.remote_control_init)
    i.start_task                             0x080048fc   Section        0  start_task.o(i.start_task)
    i.toe_is_error                           0x080049b4   Section        0  detect_task.o(i.toe_is_error)
    i.user_task                              0x080049cc   Section        0  user_task.o(i.user_task)
    i.uxListRemove                           0x08004a0a   Section        0  list.o(i.uxListRemove)
    i.vListInitialise                        0x08004a2e   Section        0  list.o(i.vListInitialise)
    i.vListInitialiseItem                    0x08004a44   Section        0  list.o(i.vListInitialiseItem)
    i.vListInsert                            0x08004a4a   Section        0  list.o(i.vListInsert)
    i.vListInsertEnd                         0x08004a7a   Section        0  list.o(i.vListInsertEnd)
    i.vPortEnterCritical                     0x08004a94   Section        0  port.o(i.vPortEnterCritical)
    i.vPortExitCritical                      0x08004ad4   Section        0  port.o(i.vPortExitCritical)
    i.vPortFree                              0x08004afc   Section        0  heap_4.o(i.vPortFree)
    i.vPortSetupTimerInterrupt               0x08004b58   Section        0  freertos_middleware.o(i.vPortSetupTimerInterrupt)
    i.vPortValidateInterruptPriority         0x08004b5c   Section        0  port.o(i.vPortValidateInterruptPriority)
    i.vQueueAddToRegistry                    0x08004bb0   Section        0  queue.o(i.vQueueAddToRegistry)
    i.vQueueWaitForMessageRestricted         0x08004bd8   Section        0  queue.o(i.vQueueWaitForMessageRestricted)
    i.vTaskDelay                             0x08004c1c   Section        0  tasks.o(i.vTaskDelay)
    i.vTaskDelete                            0x08004c68   Section        0  tasks.o(i.vTaskDelete)
    i.vTaskMissedYield                       0x08004d14   Section        0  tasks.o(i.vTaskMissedYield)
    i.vTaskPlaceOnEventList                  0x08004d20   Section        0  tasks.o(i.vTaskPlaceOnEventList)
    i.vTaskPlaceOnEventListRestricted        0x08004d50   Section        0  tasks.o(i.vTaskPlaceOnEventListRestricted)
    i.vTaskPriorityInherit                   0x08004d88   Section        0  tasks.o(i.vTaskPriorityInherit)
    i.vTaskSetTimeOutState                   0x08004e0c   Section        0  tasks.o(i.vTaskSetTimeOutState)
    i.vTaskStartScheduler                    0x08004e30   Section        0  tasks.o(i.vTaskStartScheduler)
    i.vTaskSuspendAll                        0x08004ea0   Section        0  tasks.o(i.vTaskSuspendAll)
    i.vTaskSwitchContext                     0x08004eb0   Section        0  tasks.o(i.vTaskSwitchContext)
    i.xPortStartScheduler                    0x08004f0c   Section        0  port.o(i.xPortStartScheduler)
    i.xPortSysTickHandler                    0x08004fec   Section        0  port.o(i.xPortSysTickHandler)
    i.xQueueGenericCreate                    0x08005018   Section        0  queue.o(i.xQueueGenericCreate)
    i.xQueueGenericReceive                   0x08005070   Section        0  queue.o(i.xQueueGenericReceive)
    i.xQueueGenericReset                     0x080051dc   Section        0  queue.o(i.xQueueGenericReset)
    i.xQueueGenericSend                      0x08005264   Section        0  queue.o(i.xQueueGenericSend)
    i.xQueueGenericSendFromISR               0x080053d0   Section        0  queue.o(i.xQueueGenericSendFromISR)
    i.xTaskCheckForTimeOut                   0x0800549c   Section        0  tasks.o(i.xTaskCheckForTimeOut)
    i.xTaskCreate                            0x08005508   Section        0  tasks.o(i.xTaskCreate)
    i.xTaskGetSchedulerState                 0x08005560   Section        0  tasks.o(i.xTaskGetSchedulerState)
    i.xTaskGetTickCount                      0x0800557c   Section        0  tasks.o(i.xTaskGetTickCount)
    i.xTaskIncrementTick                     0x08005588   Section        0  tasks.o(i.xTaskIncrementTick)
    i.xTaskPriorityDisinherit                0x08005650   Section        0  tasks.o(i.xTaskPriorityDisinherit)
    i.xTaskRemoveFromEventList               0x080056e8   Section        0  tasks.o(i.xTaskRemoveFromEventList)
    i.xTaskResumeAll                         0x08005760   Section        0  tasks.o(i.xTaskResumeAll)
    i.xTimerCreateTimerTask                  0x08005824   Section        0  timers.o(i.xTimerCreateTimerTask)
    i.xTimerGenericCommand                   0x0800586c   Section        0  timers.o(i.xTimerGenericCommand)
    .constdata                               0x080058cc   Section        8  chassis_task.o(.constdata)
    chassis_x_order_filter                   0x080058cc   Data           4  chassis_task.o(.constdata)
    chassis_y_order_filter                   0x080058d0   Data           4  chassis_task.o(.constdata)
    .constdata                               0x080058d4   Section       64  detect_task.o(.constdata)
    .constdata                               0x08005914   Section     2052  arm_common_tables.o(.constdata)
    .constdata                               0x08006118   Section      152  atan.o(.constdata)
    atanhi                                   0x08006118   Data          32  atan.o(.constdata)
    atanlo                                   0x08006138   Data          32  atan.o(.constdata)
    aTodd                                    0x08006158   Data          40  atan.o(.constdata)
    aTeven                                   0x08006180   Data          48  atan.o(.constdata)
    .constdata                               0x080061b0   Section        8  qnan.o(.constdata)
    .data                                    0x20000000   Section       20  system_stm32f4xx.o(.data)
    .data                                    0x20000014   Section       16  stm32f4xx_rcc.o(.data)
    APBAHBPrescTable                         0x20000014   Data          16  stm32f4xx_rcc.o(.data)
    .data                                    0x20000024   Section       60  tasks.o(.data)
    uxDeletedTasksWaitingCleanUp             0x20000028   Data           4  tasks.o(.data)
    uxCurrentNumberOfTasks                   0x2000002c   Data           4  tasks.o(.data)
    xTickCount                               0x20000030   Data           4  tasks.o(.data)
    uxTopReadyPriority                       0x20000034   Data           4  tasks.o(.data)
    xSchedulerRunning                        0x20000038   Data           4  tasks.o(.data)
    uxPendedTicks                            0x2000003c   Data           4  tasks.o(.data)
    xYieldPending                            0x20000040   Data           4  tasks.o(.data)
    xNumOfOverflows                          0x20000044   Data           4  tasks.o(.data)
    uxTaskNumber                             0x20000048   Data           4  tasks.o(.data)
    xNextTaskUnblockTime                     0x2000004c   Data           4  tasks.o(.data)
    xIdleTaskHandle                          0x20000050   Data           4  tasks.o(.data)
    uxSchedulerSuspended                     0x20000054   Data           4  tasks.o(.data)
    pxDelayedTaskList                        0x20000058   Data           4  tasks.o(.data)
    pxOverflowDelayedTaskList                0x2000005c   Data           4  tasks.o(.data)
    .data                                    0x20000060   Section       20  timers.o(.data)
    xTimerQueue                              0x20000060   Data           4  timers.o(.data)
    xTimerTaskHandle                         0x20000064   Data           4  timers.o(.data)
    xLastTime                                0x20000068   Data           4  timers.o(.data)
    pxCurrentTimerList                       0x2000006c   Data           4  timers.o(.data)
    pxOverflowTimerList                      0x20000070   Data           4  timers.o(.data)
    .data                                    0x20000074   Section       24  heap_4.o(.data)
    pxEnd                                    0x20000074   Data           4  heap_4.o(.data)
    xFreeBytesRemaining                      0x20000078   Data           4  heap_4.o(.data)
    xMinimumEverFreeBytesRemaining           0x2000007c   Data           4  heap_4.o(.data)
    xBlockAllocatedBit                       0x20000080   Data           4  heap_4.o(.data)
    xStart                                   0x20000084   Data           8  heap_4.o(.data)
    .data                                    0x2000008c   Section       12  port.o(.data)
    ucMaxSysCallPriority                     0x2000008c   Data           1  port.o(.data)
    uxCriticalNesting                        0x20000090   Data           4  port.o(.data)
    ulMaxPRIGROUPValue                       0x20000094   Data           4  port.o(.data)
    .data                                    0x20000098   Section        8  delay.o(.data)
    fac_us                                   0x20000098   Data           1  delay.o(.data)
    fac_ms                                   0x2000009c   Data           4  delay.o(.data)
    .data                                    0x200000a0   Section        1  can_receive.o(.data)
    i                                        0x200000a0   Data           1  can_receive.o(.data)
    .data                                    0x200000a2   Section        2  remote_control.o(.data)
    this_time_rx_len                         0x200000a2   Data           2  remote_control.o(.data)
    .data                                    0x200000a4   Section        2  gyroscope.o(.data)
    this_time_rx_len                         0x200000a4   Data           2  gyroscope.o(.data)
    .data                                    0x200000a8   Section        8  chassis_task.o(.data)
    Gimbal_V                                 0x200000a8   Data           4  chassis_task.o(.data)
    delta_angle                              0x200000ac   Data           4  chassis_task.o(.data)
    .data                                    0x200000b0   Section        8  gimbal_task.o(.data)
    bias_angle                               0x200000b0   Data           4  gimbal_task.o(.data)
    bias_angle                               0x200000b4   Data           4  gimbal_task.o(.data)
    .data                                    0x200000b8   Section       20  gimbal_behaviour.o(.data)
    init_time                                0x200000ba   Data           2  gimbal_behaviour.o(.data)
    init_stop_time                           0x200000bc   Data           2  gimbal_behaviour.o(.data)
    yaw_channel                              0x200000be   Data           2  gimbal_behaviour.o(.data)
    pitch_channel                            0x200000c0   Data           2  gimbal_behaviour.o(.data)
    rc_add_yaw                               0x200000c4   Data           4  gimbal_behaviour.o(.data)
    rc_add_pitch                             0x200000c8   Data           4  gimbal_behaviour.o(.data)
    .data                                    0x200000cc   Section       20  start_task.o(.data)
    StartTask_Handler                        0x200000cc   Data           4  start_task.o(.data)
    ChassisTask_Handler                      0x200000d0   Data           4  start_task.o(.data)
    DetectTask_Handler                       0x200000d4   Data           4  start_task.o(.data)
    UserTask_Handler                         0x200000d8   Data           4  start_task.o(.data)
    GimbalTask_Handler                       0x200000dc   Data           4  start_task.o(.data)
    .data                                    0x200000e0   Section        8  detect_task.o(.data)
    detect_counter                           0x200000e0   Data           2  detect_task.o(.data)
    systemTime                               0x200000e4   Data           4  detect_task.o(.data)
    .data                                    0x200000e8   Section        8  freertos_middleware.o(.data)
    .bss                                     0x200000f0   Section       64  queue.o(.bss)
    .bss                                     0x20000130   Section      740  tasks.o(.bss)
    pxReadyTasksLists                        0x20000130   Data         640  tasks.o(.bss)
    xDelayedTaskList1                        0x200003b0   Data          20  tasks.o(.bss)
    xDelayedTaskList2                        0x200003c4   Data          20  tasks.o(.bss)
    xPendingReadyList                        0x200003d8   Data          20  tasks.o(.bss)
    xTasksWaitingTermination                 0x200003ec   Data          20  tasks.o(.bss)
    xSuspendedTaskList                       0x20000400   Data          20  tasks.o(.bss)
    .bss                                     0x20000414   Section       40  timers.o(.bss)
    xActiveTimerList1                        0x20000414   Data          20  timers.o(.bss)
    xActiveTimerList2                        0x20000428   Data          20  timers.o(.bss)
    .bss                                     0x2000043c   Section    131072  heap_4.o(.bss)
    ucHeap                                   0x2000043c   Data       131072  heap_4.o(.bss)
    .bss                                     0x2002043c   Section      100  can_receive.o(.bss)
    rx1_message                              0x2002043c   Data          20  can_receive.o(.bss)
    rx2_message                              0x20020450   Data          20  can_receive.o(.bss)
    motor_yaw                                0x20020464   Data          10  can_receive.o(.bss)
    motor_pitch                              0x2002046e   Data          10  can_receive.o(.bss)
    motor_chassis                            0x20020478   Data          40  can_receive.o(.bss)
    .bss                                     0x200204a0   Section       94  remote_control.o(.bss)
    rc_ctrl                                  0x200204a0   Data          22  remote_control.o(.bss)
    SBUS_rx_buf                              0x200204b6   Data          72  remote_control.o(.bss)
    .bss                                     0x20020500   Section       84  gyroscope.o(.bss)
    INS_Angle                                0x20020500   Data          12  gyroscope.o(.bss)
    INS_gyro                                 0x2002050c   Data          12  gyroscope.o(.bss)
    .bss                                     0x20020554   Section      415  chassis_task.o(.bss)
    chassis_move                             0x20020554   Data         415  chassis_task.o(.bss)
    .bss                                     0x200206f3   Section      530  gimbal_task.o(.bss)
    gimbal_move                              0x200206f3   Data         530  gimbal_task.o(.bss)
    .bss                                     0x20020905   Section      216  detect_task.o(.bss)
    errorList                                0x20020905   Data         216  detect_task.o(.bss)
    STACK                                    0x200209e0   Section     1024  startup_stm32f427xx.o(STACK)

    Global Symbols

    Symbol Name                              Value     Ov Type        Size  Object(Section)

    BuildAttributes$$THM_ISAv4$E$P$D$K$B$S$7EM$VFPi3$EXTD16$VFPS$VFMA$PE$A:L22UL41UL21$X:L11$S22US41US21$IEEE1$IW$USESV6$~STKCKD$USESV7$~SHL$OTIME$ROPI$IEEEX$EBA8$MICROLIB$REQ8$PRES8$EABIv2 0x00000000   Number         0  anon$$obj.o ABSOLUTE
    __ARM_use_no_argv                        0x00000000   Number         0  main.o ABSOLUTE
    _printf_a                                0x00000000   Number         0  stubs.o ABSOLUTE
    _printf_c                                0x00000000   Number         0  stubs.o ABSOLUTE
    _printf_charcount                        0x00000000   Number         0  stubs.o ABSOLUTE
    _printf_d                                0x00000000   Number         0  stubs.o ABSOLUTE
    _printf_e                                0x00000000   Number         0  stubs.o ABSOLUTE
    _printf_f                                0x00000000   Number         0  stubs.o ABSOLUTE
    _printf_flags                            0x00000000   Number         0  stubs.o ABSOLUTE
    _printf_fp_dec                           0x00000000   Number         0  stubs.o ABSOLUTE
    _printf_fp_hex                           0x00000000   Number         0  stubs.o ABSOLUTE
    _printf_g                                0x00000000   Number         0  stubs.o ABSOLUTE
    _printf_i                                0x00000000   Number         0  stubs.o ABSOLUTE
    _printf_int_dec                          0x00000000   Number         0  stubs.o ABSOLUTE
    _printf_l                                0x00000000   Number         0  stubs.o ABSOLUTE
    _printf_lc                               0x00000000   Number         0  stubs.o ABSOLUTE
    _printf_ll                               0x00000000   Number         0  stubs.o ABSOLUTE
    _printf_lld                              0x00000000   Number         0  stubs.o ABSOLUTE
    _printf_lli                              0x00000000   Number         0  stubs.o ABSOLUTE
    _printf_llo                              0x00000000   Number         0  stubs.o ABSOLUTE
    _printf_llu                              0x00000000   Number         0  stubs.o ABSOLUTE
    _printf_llx                              0x00000000   Number         0  stubs.o ABSOLUTE
    _printf_longlong_dec                     0x00000000   Number         0  stubs.o ABSOLUTE
    _printf_longlong_hex                     0x00000000   Number         0  stubs.o ABSOLUTE
    _printf_longlong_oct                     0x00000000   Number         0  stubs.o ABSOLUTE
    _printf_ls                               0x00000000   Number         0  stubs.o ABSOLUTE
    _printf_mbtowc                           0x00000000   Number         0  stubs.o ABSOLUTE
    _printf_n                                0x00000000   Number         0  stubs.o ABSOLUTE
    _printf_o                                0x00000000   Number         0  stubs.o ABSOLUTE
    _printf_p                                0x00000000   Number         0  stubs.o ABSOLUTE
    _printf_percent                          0x00000000   Number         0  stubs.o ABSOLUTE
    _printf_pre_padding                      0x00000000   Number         0  stubs.o ABSOLUTE
    _printf_return_value                     0x00000000   Number         0  stubs.o ABSOLUTE
    _printf_s                                0x00000000   Number         0  stubs.o ABSOLUTE
    _printf_sizespec                         0x00000000   Number         0  stubs.o ABSOLUTE
    _printf_str                              0x00000000   Number         0  stubs.o ABSOLUTE
    _printf_truncate_signed                  0x00000000   Number         0  stubs.o ABSOLUTE
    _printf_truncate_unsigned                0x00000000   Number         0  stubs.o ABSOLUTE
    _printf_u                                0x00000000   Number         0  stubs.o ABSOLUTE
    _printf_wc                               0x00000000   Number         0  stubs.o ABSOLUTE
    _printf_wctomb                           0x00000000   Number         0  stubs.o ABSOLUTE
    _printf_widthprec                        0x00000000   Number         0  stubs.o ABSOLUTE
    _printf_x                                0x00000000   Number         0  stubs.o ABSOLUTE
    __cpp_initialize__aeabi_                  - Undefined Weak Reference
    __cxa_finalize                            - Undefined Weak Reference
    __decompress                              - Undefined Weak Reference
    _clock_init                               - Undefined Weak Reference
    _microlib_exit                            - Undefined Weak Reference
    __Vectors_Size                           0x000001ac   Number         0  startup_stm32f427xx.o ABSOLUTE
    __Vectors                                0x08000000   Data           4  startup_stm32f427xx.o(RESET)
    __Vectors_End                            0x080001ac   Data           0  startup_stm32f427xx.o(RESET)
    __main                                   0x080001ad   Thumb Code     0  entry.o(.ARM.Collect$$$$00000000)
    _main_stk                                0x080001ad   Thumb Code     0  entry2.o(.ARM.Collect$$$$00000001)
    _main_scatterload                        0x080001b1   Thumb Code     0  entry5.o(.ARM.Collect$$$$00000004)
    __main_after_scatterload                 0x080001b5   Thumb Code     0  entry5.o(.ARM.Collect$$$$00000004)
    _main_clock                              0x080001b5   Thumb Code     0  entry7b.o(.ARM.Collect$$$$00000008)
    _main_cpp_init                           0x080001b5   Thumb Code     0  entry8b.o(.ARM.Collect$$$$0000000A)
    _main_init                               0x080001b5   Thumb Code     0  entry9a.o(.ARM.Collect$$$$0000000B)
    __rt_final_cpp                           0x080001bd   Thumb Code     0  entry10a.o(.ARM.Collect$$$$0000000D)
    __rt_final_exit                          0x080001bd   Thumb Code     0  entry11a.o(.ARM.Collect$$$$0000000F)
    SVC_Handler                              0x080001c1   Thumb Code    28  port.o(.emb_text)
    __asm___6_port_c_39a90d8d__prvStartFirstTask 0x080001e1   Thumb Code    28  port.o(.emb_text)
    __asm___6_port_c_39a90d8d__prvEnableVFP  0x08000201   Thumb Code    16  port.o(.emb_text)
    PendSV_Handler                           0x08000215   Thumb Code    88  port.o(.emb_text)
    vPortGetIPSR                             0x08000271   Thumb Code     6  port.o(.emb_text)
    Reset_Handler                            0x08000279   Thumb Code    18  startup_stm32f427xx.o(.text)
    ADC_IRQHandler                           0x0800029d   Thumb Code     0  startup_stm32f427xx.o(.text)
    CAN1_RX1_IRQHandler                      0x0800029d   Thumb Code     0  startup_stm32f427xx.o(.text)
    CAN1_SCE_IRQHandler                      0x0800029d   Thumb Code     0  startup_stm32f427xx.o(.text)
    CAN1_TX_IRQHandler                       0x0800029d   Thumb Code     0  startup_stm32f427xx.o(.text)
    CAN2_RX1_IRQHandler                      0x0800029d   Thumb Code     0  startup_stm32f427xx.o(.text)
    CAN2_SCE_IRQHandler                      0x0800029d   Thumb Code     0  startup_stm32f427xx.o(.text)
    CAN2_TX_IRQHandler                       0x0800029d   Thumb Code     0  startup_stm32f427xx.o(.text)
    DCMI_IRQHandler                          0x0800029d   Thumb Code     0  startup_stm32f427xx.o(.text)
    DMA1_Stream0_IRQHandler                  0x0800029d   Thumb Code     0  startup_stm32f427xx.o(.text)
    DMA1_Stream1_IRQHandler                  0x0800029d   Thumb Code     0  startup_stm32f427xx.o(.text)
    DMA1_Stream2_IRQHandler                  0x0800029d   Thumb Code     0  startup_stm32f427xx.o(.text)
    DMA1_Stream3_IRQHandler                  0x0800029d   Thumb Code     0  startup_stm32f427xx.o(.text)
    DMA1_Stream4_IRQHandler                  0x0800029d   Thumb Code     0  startup_stm32f427xx.o(.text)
    DMA1_Stream5_IRQHandler                  0x0800029d   Thumb Code     0  startup_stm32f427xx.o(.text)
    DMA1_Stream6_IRQHandler                  0x0800029d   Thumb Code     0  startup_stm32f427xx.o(.text)
    DMA1_Stream7_IRQHandler                  0x0800029d   Thumb Code     0  startup_stm32f427xx.o(.text)
    DMA2D_IRQHandler                         0x0800029d   Thumb Code     0  startup_stm32f427xx.o(.text)
    DMA2_Stream0_IRQHandler                  0x0800029d   Thumb Code     0  startup_stm32f427xx.o(.text)
    DMA2_Stream1_IRQHandler                  0x0800029d   Thumb Code     0  startup_stm32f427xx.o(.text)
    DMA2_Stream2_IRQHandler                  0x0800029d   Thumb Code     0  startup_stm32f427xx.o(.text)
    DMA2_Stream3_IRQHandler                  0x0800029d   Thumb Code     0  startup_stm32f427xx.o(.text)
    DMA2_Stream4_IRQHandler                  0x0800029d   Thumb Code     0  startup_stm32f427xx.o(.text)
    DMA2_Stream5_IRQHandler                  0x0800029d   Thumb Code     0  startup_stm32f427xx.o(.text)
    DMA2_Stream6_IRQHandler                  0x0800029d   Thumb Code     0  startup_stm32f427xx.o(.text)
    DMA2_Stream7_IRQHandler                  0x0800029d   Thumb Code     0  startup_stm32f427xx.o(.text)
    ETH_IRQHandler                           0x0800029d   Thumb Code     0  startup_stm32f427xx.o(.text)
    ETH_WKUP_IRQHandler                      0x0800029d   Thumb Code     0  startup_stm32f427xx.o(.text)
    EXTI0_IRQHandler                         0x0800029d   Thumb Code     0  startup_stm32f427xx.o(.text)
    EXTI15_10_IRQHandler                     0x0800029d   Thumb Code     0  startup_stm32f427xx.o(.text)
    EXTI1_IRQHandler                         0x0800029d   Thumb Code     0  startup_stm32f427xx.o(.text)
    EXTI2_IRQHandler                         0x0800029d   Thumb Code     0  startup_stm32f427xx.o(.text)
    EXTI3_IRQHandler                         0x0800029d   Thumb Code     0  startup_stm32f427xx.o(.text)
    EXTI4_IRQHandler                         0x0800029d   Thumb Code     0  startup_stm32f427xx.o(.text)
    EXTI9_5_IRQHandler                       0x0800029d   Thumb Code     0  startup_stm32f427xx.o(.text)
    FLASH_IRQHandler                         0x0800029d   Thumb Code     0  startup_stm32f427xx.o(.text)
    FMC_IRQHandler                           0x0800029d   Thumb Code     0  startup_stm32f427xx.o(.text)
    FPU_IRQHandler                           0x0800029d   Thumb Code     0  startup_stm32f427xx.o(.text)
    HASH_RNG_IRQHandler                      0x0800029d   Thumb Code     0  startup_stm32f427xx.o(.text)
    I2C1_ER_IRQHandler                       0x0800029d   Thumb Code     0  startup_stm32f427xx.o(.text)
    I2C1_EV_IRQHandler                       0x0800029d   Thumb Code     0  startup_stm32f427xx.o(.text)
    I2C2_ER_IRQHandler                       0x0800029d   Thumb Code     0  startup_stm32f427xx.o(.text)
    I2C2_EV_IRQHandler                       0x0800029d   Thumb Code     0  startup_stm32f427xx.o(.text)
    I2C3_ER_IRQHandler                       0x0800029d   Thumb Code     0  startup_stm32f427xx.o(.text)
    I2C3_EV_IRQHandler                       0x0800029d   Thumb Code     0  startup_stm32f427xx.o(.text)
    OTG_FS_IRQHandler                        0x0800029d   Thumb Code     0  startup_stm32f427xx.o(.text)
    OTG_FS_WKUP_IRQHandler                   0x0800029d   Thumb Code     0  startup_stm32f427xx.o(.text)
    OTG_HS_EP1_IN_IRQHandler                 0x0800029d   Thumb Code     0  startup_stm32f427xx.o(.text)
    OTG_HS_EP1_OUT_IRQHandler                0x0800029d   Thumb Code     0  startup_stm32f427xx.o(.text)
    OTG_HS_IRQHandler                        0x0800029d   Thumb Code     0  startup_stm32f427xx.o(.text)
    OTG_HS_WKUP_IRQHandler                   0x0800029d   Thumb Code     0  startup_stm32f427xx.o(.text)
    PVD_IRQHandler                           0x0800029d   Thumb Code     0  startup_stm32f427xx.o(.text)
    RCC_IRQHandler                           0x0800029d   Thumb Code     0  startup_stm32f427xx.o(.text)
    RTC_Alarm_IRQHandler                     0x0800029d   Thumb Code     0  startup_stm32f427xx.o(.text)
    RTC_WKUP_IRQHandler                      0x0800029d   Thumb Code     0  startup_stm32f427xx.o(.text)
    SAI1_IRQHandler                          0x0800029d   Thumb Code     0  startup_stm32f427xx.o(.text)
    SDIO_IRQHandler                          0x0800029d   Thumb Code     0  startup_stm32f427xx.o(.text)
    SPI1_IRQHandler                          0x0800029d   Thumb Code     0  startup_stm32f427xx.o(.text)
    SPI2_IRQHandler                          0x0800029d   Thumb Code     0  startup_stm32f427xx.o(.text)
    SPI3_IRQHandler                          0x0800029d   Thumb Code     0  startup_stm32f427xx.o(.text)
    SPI4_IRQHandler                          0x0800029d   Thumb Code     0  startup_stm32f427xx.o(.text)
    SPI5_IRQHandler                          0x0800029d   Thumb Code     0  startup_stm32f427xx.o(.text)
    SPI6_IRQHandler                          0x0800029d   Thumb Code     0  startup_stm32f427xx.o(.text)
    TAMP_STAMP_IRQHandler                    0x0800029d   Thumb Code     0  startup_stm32f427xx.o(.text)
    TIM1_BRK_TIM9_IRQHandler                 0x0800029d   Thumb Code     0  startup_stm32f427xx.o(.text)
    TIM1_CC_IRQHandler                       0x0800029d   Thumb Code     0  startup_stm32f427xx.o(.text)
    TIM1_TRG_COM_TIM11_IRQHandler            0x0800029d   Thumb Code     0  startup_stm32f427xx.o(.text)
    TIM1_UP_TIM10_IRQHandler                 0x0800029d   Thumb Code     0  startup_stm32f427xx.o(.text)
    TIM2_IRQHandler                          0x0800029d   Thumb Code     0  startup_stm32f427xx.o(.text)
    TIM4_IRQHandler                          0x0800029d   Thumb Code     0  startup_stm32f427xx.o(.text)
    TIM5_IRQHandler                          0x0800029d   Thumb Code     0  startup_stm32f427xx.o(.text)
    TIM6_DAC_IRQHandler                      0x0800029d   Thumb Code     0  startup_stm32f427xx.o(.text)
    TIM7_IRQHandler                          0x0800029d   Thumb Code     0  startup_stm32f427xx.o(.text)
    TIM8_BRK_TIM12_IRQHandler                0x0800029d   Thumb Code     0  startup_stm32f427xx.o(.text)
    TIM8_CC_IRQHandler                       0x0800029d   Thumb Code     0  startup_stm32f427xx.o(.text)
    TIM8_TRG_COM_TIM14_IRQHandler            0x0800029d   Thumb Code     0  startup_stm32f427xx.o(.text)
    TIM8_UP_TIM13_IRQHandler                 0x0800029d   Thumb Code     0  startup_stm32f427xx.o(.text)
    UART4_IRQHandler                         0x0800029d   Thumb Code     0  startup_stm32f427xx.o(.text)
    UART5_IRQHandler                         0x0800029d   Thumb Code     0  startup_stm32f427xx.o(.text)
    UART8_IRQHandler                         0x0800029d   Thumb Code     0  startup_stm32f427xx.o(.text)
    USART2_IRQHandler                        0x0800029d   Thumb Code     0  startup_stm32f427xx.o(.text)
    USART3_IRQHandler                        0x0800029d   Thumb Code     0  startup_stm32f427xx.o(.text)
    USART6_IRQHandler                        0x0800029d   Thumb Code     0  startup_stm32f427xx.o(.text)
    WWDG_IRQHandler                          0x0800029d   Thumb Code     0  startup_stm32f427xx.o(.text)
    arm_cos_f32                              0x080002ad   Thumb Code   108  arm_cos_f32.o(.text)
    arm_sin_f32                              0x08000325   Thumb Code   104  arm_sin_f32.o(.text)
    __aeabi_memcpy                           0x08000399   Thumb Code    36  memcpya.o(.text)
    __aeabi_memcpy4                          0x08000399   Thumb Code     0  memcpya.o(.text)
    __aeabi_memcpy8                          0x08000399   Thumb Code     0  memcpya.o(.text)
    __aeabi_memset                           0x080003bd   Thumb Code    14  memseta.o(.text)
    __aeabi_memset4                          0x080003bd   Thumb Code     0  memseta.o(.text)
    __aeabi_memset8                          0x080003bd   Thumb Code     0  memseta.o(.text)
    __aeabi_memclr                           0x080003cb   Thumb Code     4  memseta.o(.text)
    __aeabi_memclr4                          0x080003cb   Thumb Code     0  memseta.o(.text)
    __aeabi_memclr8                          0x080003cb   Thumb Code     0  memseta.o(.text)
    _memset$wrapper                          0x080003cf   Thumb Code    18  memseta.o(.text)
    __aeabi_dadd                             0x080003e1   Thumb Code   322  dadd.o(.text)
    __aeabi_dsub                             0x08000523   Thumb Code     6  dadd.o(.text)
    __aeabi_drsub                            0x08000529   Thumb Code     6  dadd.o(.text)
    __aeabi_f2d                              0x0800052f   Thumb Code    38  f2d.o(.text)
    __aeabi_d2f                              0x08000555   Thumb Code    56  d2f.o(.text)
    __aeabi_llsl                             0x0800058d   Thumb Code    30  llshl.o(.text)
    _ll_shift_l                              0x0800058d   Thumb Code     0  llshl.o(.text)
    __aeabi_lasr                             0x080005ab   Thumb Code    36  llsshr.o(.text)
    _ll_sshift_r                             0x080005ab   Thumb Code     0  llsshr.o(.text)
    __I$use$fp                               0x080005cf   Thumb Code     0  iusefp.o(.text)
    _float_round                             0x080005cf   Thumb Code    18  fepilogue.o(.text)
    _float_epilogue                          0x080005e1   Thumb Code    92  fepilogue.o(.text)
    _double_round                            0x0800063d   Thumb Code    30  depilogue.o(.text)
    _double_epilogue                         0x0800065b   Thumb Code   156  depilogue.o(.text)
    __aeabi_dmul                             0x080006f7   Thumb Code   228  dmul.o(.text)
    __aeabi_ddiv                             0x080007db   Thumb Code   222  ddiv.o(.text)
    __scatterload                            0x080008b9   Thumb Code    28  init.o(.text)
    __scatterload_rt2                        0x080008b9   Thumb Code     0  init.o(.text)
    __aeabi_llsr                             0x080008dd   Thumb Code    32  llushr.o(.text)
    _ll_ushift_r                             0x080008dd   Thumb Code     0  llushr.o(.text)
    BusFault_Handler                         0x080008fd   Thumb Code     2  stm32f4xx_it.o(i.BusFault_Handler)
    CAN1_RX0_IRQHandler                      0x08000901   Thumb Code    46  can_receive.o(i.CAN1_RX0_IRQHandler)
    CAN1_mode_init                           0x080009b9   Thumb Code   234  can.o(i.CAN1_mode_init)
    CAN2_RX0_IRQHandler                      0x08000aad   Thumb Code    46  can_receive.o(i.CAN2_RX0_IRQHandler)
    CAN2_mode_init                           0x08000b45   Thumb Code   240  can.o(i.CAN2_mode_init)
    CAN_CMD_CHASSIS                          0x08000c3d   Thumb Code    76  can_receive.o(i.CAN_CMD_CHASSIS)
    CAN_CMD_GIMBAL                           0x08000c8d   Thumb Code    78  can_receive.o(i.CAN_CMD_GIMBAL)
    CAN_ClearITPendingBit                    0x08000ce1   Thumb Code   116  stm32f4xx_can.o(i.CAN_ClearITPendingBit)
    CAN_FilterInit                           0x08000d59   Thumb Code   194  stm32f4xx_can.o(i.CAN_FilterInit)
    CAN_GetITStatus                          0x08000e25   Thumb Code   162  stm32f4xx_can.o(i.CAN_GetITStatus)
    CAN_ITConfig                             0x08000ecd   Thumb Code    16  stm32f4xx_can.o(i.CAN_ITConfig)
    CAN_Init                                 0x08000edd   Thumb Code   232  stm32f4xx_can.o(i.CAN_Init)
    CAN_Receive                              0x08000fc5   Thumb Code   144  stm32f4xx_can.o(i.CAN_Receive)
    CAN_Transmit                             0x08001055   Thumb Code   164  stm32f4xx_can.o(i.CAN_Transmit)
    CHASSIS_PID_Calc                         0x080010f9   Thumb Code   368  chassis_task.o(i.CHASSIS_PID_Calc)
    Create_MyTask                            0x080012bd   Thumb Code    24  start_task.o(i.Create_MyTask)
    DMA_Cmd                                  0x0800139d   Thumb Code    20  stm32f4xx_dma.o(i.DMA_Cmd)
    DMA_DeInit                               0x080013b1   Thumb Code   272  stm32f4xx_dma.o(i.DMA_DeInit)
    DMA_DoubleBufferModeCmd                  0x080014d5   Thumb Code    20  stm32f4xx_dma.o(i.DMA_DoubleBufferModeCmd)
    DMA_DoubleBufferModeConfig               0x080014e9   Thumb Code    22  stm32f4xx_dma.o(i.DMA_DoubleBufferModeConfig)
    DMA_GetCurrDataCounter                   0x080014ff   Thumb Code     6  stm32f4xx_dma.o(i.DMA_GetCurrDataCounter)
    DMA_GetCurrentMemoryTarget               0x08001505   Thumb Code    14  stm32f4xx_dma.o(i.DMA_GetCurrentMemoryTarget)
    DMA_Init                                 0x08001515   Thumb Code    80  stm32f4xx_dma.o(i.DMA_Init)
    DMA_SetCurrDataCounter                   0x08001569   Thumb Code     4  stm32f4xx_dma.o(i.DMA_SetCurrDataCounter)
    DebugMon_Handler                         0x0800156d   Thumb Code     2  stm32f4xx_it.o(i.DebugMon_Handler)
    DetectDisplay                            0x08001571   Thumb Code   108  detect_task.o(i.DetectDisplay)
    DetectHook                               0x080015e5   Thumb Code    38  detect_task.o(i.DetectHook)
    DetectInit                               0x08001611   Thumb Code   108  detect_task.o(i.DetectInit)
    GPIO_Init                                0x08001d69   Thumb Code   162  stm32f4xx_gpio.o(i.GPIO_Init)
    GPIO_PinAFConfig                         0x08001e0b   Thumb Code    32  stm32f4xx_gpio.o(i.GPIO_PinAFConfig)
    GPIO_ResetBits                           0x08001e2b   Thumb Code     4  stm32f4xx_gpio.o(i.GPIO_ResetBits)
    GPIO_SetBits                             0x08001e2f   Thumb Code     4  stm32f4xx_gpio.o(i.GPIO_SetBits)
    GPIO_ToggleBits                          0x08001e33   Thumb Code     8  stm32f4xx_gpio.o(i.GPIO_ToggleBits)
    Get_YAWmotor_relative_angle              0x08001e3d   Thumb Code    12  gimbal_task.o(i.Get_YAWmotor_relative_angle)
    HardFault_Handler                        0x08001e69   Thumb Code     2  stm32f4xx_it.o(i.HardFault_Handler)
    LED_init                                 0x08001e6d   Thumb Code    90  led.o(i.LED_init)
    MPU6050_UartDMA_Init                     0x08001ed5   Thumb Code   312  gyroscope.o(i.MPU6050_UartDMA_Init)
    MemManage_Handler                        0x08002075   Thumb Code     2  stm32f4xx_it.o(i.MemManage_Handler)
    NMI_Handler                              0x08002077   Thumb Code     2  stm32f4xx_it.o(i.NMI_Handler)
    NVIC_Init                                0x08002079   Thumb Code    96  misc.o(i.NVIC_Init)
    NVIC_PriorityGroupConfig                 0x080020dd   Thumb Code    10  misc.o(i.NVIC_PriorityGroupConfig)
    Program_Init                             0x080020f1   Thumb Code    82  main.o(i.Program_Init)
    RCC_AHB1PeriphClockCmd                   0x08002175   Thumb Code    18  stm32f4xx_rcc.o(i.RCC_AHB1PeriphClockCmd)
    RCC_APB1PeriphClockCmd                   0x0800218d   Thumb Code    18  stm32f4xx_rcc.o(i.RCC_APB1PeriphClockCmd)
    RCC_APB1PeriphResetCmd                   0x080021a5   Thumb Code    18  stm32f4xx_rcc.o(i.RCC_APB1PeriphResetCmd)
    RCC_APB2PeriphClockCmd                   0x080021bd   Thumb Code    18  stm32f4xx_rcc.o(i.RCC_APB2PeriphClockCmd)
    RCC_APB2PeriphResetCmd                   0x080021d5   Thumb Code    18  stm32f4xx_rcc.o(i.RCC_APB2PeriphResetCmd)
    RCC_GetClocksFreq                        0x080021ed   Thumb Code   132  stm32f4xx_rcc.o(i.RCC_GetClocksFreq)
    RC_init                                  0x08002281   Thumb Code   296  remote_control.o(i.RC_init)
    SysTick_CLKSourceConfig                  0x0800248d   Thumb Code    24  misc.o(i.SysTick_CLKSourceConfig)
    SysTick_Handler                          0x080024a5   Thumb Code    20  freertos_middleware.o(i.SysTick_Handler)
    SystemInit                               0x080024b9   Thumb Code    74  system_stm32f4xx.o(i.SystemInit)
    TIM3_IRQHandler                          0x08002515   Thumb Code    42  freertos_middleware.o(i.TIM3_IRQHandler)
    TIM_ARRPreloadConfig                     0x08002549   Thumb Code    20  stm32f4xx_tim.o(i.TIM_ARRPreloadConfig)
    TIM_ClearFlag                            0x0800255d   Thumb Code     6  stm32f4xx_tim.o(i.TIM_ClearFlag)
    TIM_Cmd                                  0x08002563   Thumb Code    20  stm32f4xx_tim.o(i.TIM_Cmd)
    TIM_GetITStatus                          0x08002577   Thumb Code    24  stm32f4xx_tim.o(i.TIM_GetITStatus)
    TIM_OC1Init                              0x08002591   Thumb Code    88  stm32f4xx_tim.o(i.TIM_OC1Init)
    TIM_OC1PreloadConfig                     0x080025f1   Thumb Code    12  stm32f4xx_tim.o(i.TIM_OC1PreloadConfig)
    TIM_SetCompare1                          0x080025fd   Thumb Code     4  stm32f4xx_tim.o(i.TIM_SetCompare1)
    TIM_TimeBaseInit                         0x08002601   Thumb Code    96  stm32f4xx_tim.o(i.TIM_TimeBaseInit)
    UART7_IRQHandler                         0x0800267d   Thumb Code   266  gyroscope.o(i.UART7_IRQHandler)
    USART1_IRQHandler                        0x0800279d   Thumb Code   170  remote_control.o(i.USART1_IRQHandler)
    USART_ClearFlag                          0x08002859   Thumb Code     6  stm32f4xx_usart.o(i.USART_ClearFlag)
    USART_Cmd                                0x0800285f   Thumb Code    20  stm32f4xx_usart.o(i.USART_Cmd)
    USART_DMACmd                             0x08002873   Thumb Code    16  stm32f4xx_usart.o(i.USART_DMACmd)
    USART_DeInit                             0x08002885   Thumb Code   138  stm32f4xx_usart.o(i.USART_DeInit)
    USART_GetITStatus                        0x08002931   Thumb Code    62  stm32f4xx_usart.o(i.USART_GetITStatus)
    USART_ITConfig                           0x0800296f   Thumb Code    48  stm32f4xx_usart.o(i.USART_ITConfig)
    USART_Init                               0x080029a1   Thumb Code   164  stm32f4xx_usart.o(i.USART_Init)
    UsageFault_Handler                       0x08002a4d   Thumb Code     2  stm32f4xx_it.o(i.UsageFault_Handler)
    __ARM_fpclassify                         0x08002a4f   Thumb Code    48  fpclassify.o(i.__ARM_fpclassify)
    __hardfp_atan                            0x08002a81   Thumb Code   622  atan.o(i.__hardfp_atan)
    __hardfp_atan2                           0x08002d59   Thumb Code   432  atan2.o(i.__hardfp_atan2)
    __kernel_poly                            0x08002f49   Thumb Code   248  poly.o(i.__kernel_poly)
    __mathlib_dbl_infnan                     0x08003041   Thumb Code    20  dunder.o(i.__mathlib_dbl_infnan)
    __mathlib_dbl_infnan2                    0x08003055   Thumb Code    20  dunder.o(i.__mathlib_dbl_infnan2)
    __mathlib_dbl_underflow                  0x08003069   Thumb Code    24  dunder.o(i.__mathlib_dbl_underflow)
    __scatterload_copy                       0x08003089   Thumb Code    14  handlers.o(i.__scatterload_copy)
    __scatterload_null                       0x08003097   Thumb Code     2  handlers.o(i.__scatterload_null)
    __scatterload_zeroinit                   0x08003099   Thumb Code    14  handlers.o(i.__scatterload_zeroinit)
    atan                                     0x080030a7   Thumb Code    16  atan.o(i.atan)
    buzzer_init                              0x080030b9   Thumb Code   170  buzzer.o(i.buzzer_init)
    buzzer_off                               0x0800316d   Thumb Code     8  buzzer.o(i.buzzer_off)
    buzzer_on                                0x08003179   Thumb Code    12  buzzer.o(i.buzzer_on)
    chassis_behaviour_control_set            0x08003189   Thumb Code   134  chassis_behaviour.o(i.chassis_behaviour_control_set)
    chassis_behaviour_mode_set               0x08003215   Thumb Code   130  chassis_behaviour.o(i.chassis_behaviour_mode_set)
    chassis_mode_change_control_transit      0x080035f1   Thumb Code    60  chassis_task.o(i.chassis_mode_change_control_transit)
    chassis_rc_to_control_vector             0x0800362d   Thumb Code   252  chassis_task.o(i.chassis_rc_to_control_vector)
    chassis_task                             0x080038b9   Thumb Code   158  chassis_task.o(i.chassis_task)
    delay_init                               0x0800395d   Thumb Code    74  delay.o(i.delay_init)
    delay_ms                                 0x080039b5   Thumb Code    48  delay.o(i.delay_ms)
    detect_task                              0x080039e9   Thumb Code   148  detect_task.o(i.detect_task)
    fabs                                     0x08003a89   Thumb Code    24  fabs.o(i.fabs)
    first_order_filter_cali                  0x08003aa1   Thumb Code    78  user_lib_1.o(i.first_order_filter_cali)
    first_order_filter_init                  0x08003aef   Thumb Code    18  user_lib_1.o(i.first_order_filter_init)
    float_constrain                          0x08003b01   Thumb Code    32  user_lib_1.o(i.float_constrain)
    flow_led_off                             0x08003b21   Thumb Code    12  led.o(i.flow_led_off)
    flow_led_on                              0x08003b31   Thumb Code    12  led.o(i.flow_led_on)
    get_Chassis_Motor_Data_Point             0x08003b41   Thumb Code    16  can_receive.o(i.get_Chassis_Motor_Data_Point)
    get_MPU6050_Angle_point                  0x08003b55   Thumb Code     4  gyroscope.o(i.get_MPU6050_Angle_point)
    get_MPU6050_Gyro_Point                   0x08003b5d   Thumb Code     4  gyroscope.o(i.get_MPU6050_Gyro_Point)
    get_Pitch_Gimbal_Motor_Data_Point        0x08003b65   Thumb Code     4  can_receive.o(i.get_Pitch_Gimbal_Motor_Data_Point)
    get_Yaw_Gimbal_Motor_Data_Point          0x08003b6d   Thumb Code     4  can_receive.o(i.get_Yaw_Gimbal_Motor_Data_Point)
    get_remote_control_point                 0x08003b75   Thumb Code     4  remote_control.o(i.get_remote_control_point)
    gimbal_behaviour_control_set             0x08003b7d   Thumb Code   282  gimbal_behaviour.o(i.gimbal_behaviour_control_set)
    gimbal_behaviour_mode_set                0x08003cb5   Thumb Code   260  gimbal_behaviour.o(i.gimbal_behaviour_mode_set)
    gimbal_task                              0x08003e3d   Thumb Code   290  gimbal_task.o(i.gimbal_task)
    gyroscope_init                           0x08003fb1   Thumb Code    12  gyroscope.o(i.gyroscope_init)
    led_green_off                            0x08003fc1   Thumb Code    10  led.o(i.led_green_off)
    led_green_toggle                         0x08003fd1   Thumb Code    10  led.o(i.led_green_toggle)
    led_red_off                              0x08003fe1   Thumb Code    10  led.o(i.led_red_off)
    led_red_toggle                           0x08003ff1   Thumb Code    10  led.o(i.led_red_toggle)
    main                                     0x08004001   Thumb Code    20  main.o(i.main)
    pvPortMalloc                             0x080047d1   Thumb Code   210  heap_4.o(i.pvPortMalloc)
    pvTaskIncrementMutexHeldCount            0x080048a9   Thumb Code    18  tasks.o(i.pvTaskIncrementMutexHeldCount)
    pxPortInitialiseStack                    0x080048c1   Thumb Code    40  port.o(i.pxPortInitialiseStack)
    remote_control_init                      0x080048ed   Thumb Code    12  remote_control.o(i.remote_control_init)
    start_task                               0x080048fd   Thumb Code   114  start_task.o(i.start_task)
    toe_is_error                             0x080049b5   Thumb Code    18  detect_task.o(i.toe_is_error)
    user_task                                0x080049cd   Thumb Code    62  user_task.o(i.user_task)
    uxListRemove                             0x08004a0b   Thumb Code    36  list.o(i.uxListRemove)
    vListInitialise                          0x08004a2f   Thumb Code    22  list.o(i.vListInitialise)
    vListInitialiseItem                      0x08004a45   Thumb Code     6  list.o(i.vListInitialiseItem)
    vListInsert                              0x08004a4b   Thumb Code    48  list.o(i.vListInsert)
    vListInsertEnd                           0x08004a7b   Thumb Code    24  list.o(i.vListInsertEnd)
    vPortEnterCritical                       0x08004a95   Thumb Code    54  port.o(i.vPortEnterCritical)
    vPortExitCritical                        0x08004ad5   Thumb Code    34  port.o(i.vPortExitCritical)
    vPortFree                                0x08004afd   Thumb Code    88  heap_4.o(i.vPortFree)
    vPortSetupTimerInterrupt                 0x08004b59   Thumb Code     2  freertos_middleware.o(i.vPortSetupTimerInterrupt)
    vPortValidateInterruptPriority           0x08004b5d   Thumb Code    74  port.o(i.vPortValidateInterruptPriority)
    vQueueAddToRegistry                      0x08004bb1   Thumb Code    34  queue.o(i.vQueueAddToRegistry)
    vQueueWaitForMessageRestricted           0x08004bd9   Thumb Code    68  queue.o(i.vQueueWaitForMessageRestricted)
    vTaskDelay                               0x08004c1d   Thumb Code    66  tasks.o(i.vTaskDelay)
    vTaskDelete                              0x08004c69   Thumb Code   156  tasks.o(i.vTaskDelete)
    vTaskMissedYield                         0x08004d15   Thumb Code     8  tasks.o(i.vTaskMissedYield)
    vTaskPlaceOnEventList                    0x08004d21   Thumb Code    44  tasks.o(i.vTaskPlaceOnEventList)
    vTaskPlaceOnEventListRestricted          0x08004d51   Thumb Code    52  tasks.o(i.vTaskPlaceOnEventListRestricted)
    vTaskPriorityInherit                     0x08004d89   Thumb Code   124  tasks.o(i.vTaskPriorityInherit)
    vTaskSetTimeOutState                     0x08004e0d   Thumb Code    30  tasks.o(i.vTaskSetTimeOutState)
    vTaskStartScheduler                      0x08004e31   Thumb Code    94  tasks.o(i.vTaskStartScheduler)
    vTaskSuspendAll                          0x08004ea1   Thumb Code    10  tasks.o(i.vTaskSuspendAll)
    vTaskSwitchContext                       0x08004eb1   Thumb Code    82  tasks.o(i.vTaskSwitchContext)
    xPortStartScheduler                      0x08004f0d   Thumb Code   202  port.o(i.xPortStartScheduler)
    xPortSysTickHandler                      0x08004fed   Thumb Code    38  port.o(i.xPortSysTickHandler)
    xQueueGenericCreate                      0x08005019   Thumb Code    86  queue.o(i.xQueueGenericCreate)
    xQueueGenericReceive                     0x08005071   Thumb Code   360  queue.o(i.xQueueGenericReceive)
    xQueueGenericReset                       0x080051dd   Thumb Code   132  queue.o(i.xQueueGenericReset)
    xQueueGenericSend                        0x08005265   Thumb Code   360  queue.o(i.xQueueGenericSend)
    xQueueGenericSendFromISR                 0x080053d1   Thumb Code   202  queue.o(i.xQueueGenericSendFromISR)
    xTaskCheckForTimeOut                     0x0800549d   Thumb Code   102  tasks.o(i.xTaskCheckForTimeOut)
    xTaskCreate                              0x08005509   Thumb Code    86  tasks.o(i.xTaskCreate)
    xTaskGetSchedulerState                   0x08005561   Thumb Code    22  tasks.o(i.xTaskGetSchedulerState)
    xTaskGetTickCount                        0x0800557d   Thumb Code     6  tasks.o(i.xTaskGetTickCount)
    xTaskIncrementTick                       0x08005589   Thumb Code   192  tasks.o(i.xTaskIncrementTick)
    xTaskPriorityDisinherit                  0x08005651   Thumb Code   144  tasks.o(i.xTaskPriorityDisinherit)
    xTaskRemoveFromEventList                 0x080056e9   Thumb Code   106  tasks.o(i.xTaskRemoveFromEventList)
    xTaskResumeAll                           0x08005761   Thumb Code   182  tasks.o(i.xTaskResumeAll)
    xTimerCreateTimerTask                    0x08005825   Thumb Code    56  timers.o(i.xTimerCreateTimerTask)
    xTimerGenericCommand                     0x0800586d   Thumb Code    92  timers.o(i.xTimerGenericCommand)
    sinTable_f32                             0x08005914   Data        2052  arm_common_tables.o(.constdata)
    __mathlib_zero                           0x080061b0   Data           8  qnan.o(.constdata)
    Region$$Table$$Base                      0x080061b8   Number         0  anon$$obj.o(Region$$Table)
    Region$$Table$$Limit                     0x080061d8   Number         0  anon$$obj.o(Region$$Table)
    SystemCoreClock                          0x20000000   Data           4  system_stm32f4xx.o(.data)
    AHBPrescTable                            0x20000004   Data          16  system_stm32f4xx.o(.data)
    pxCurrentTCB                             0x20000024   Data           4  tasks.o(.data)
    RemoteControl_Offline_Flag               0x200000b8   Data           1  gimbal_behaviour.o(.data)
    FreeRTOSRunTimeTicks                     0x200000e8   Data           8  freertos_middleware.o(.data)
    xQueueRegistry                           0x200000f0   Data          64  queue.o(.bss)
    MPU6050_Pack                             0x20020518   Data          60  gyroscope.o(.bss)
    __initial_sp                             0x20020de0   Data           0  startup_stm32f427xx.o(STACK)



==============================================================================

Memory Map of the image

  Image Entry point : 0x080001ad

  Load Region LR_IROM1 (Base: 0x08000000, Size: 0x000062c8, Max: 0x00200000, ABSOLUTE)

    Execution Region ER_IROM1 (Base: 0x08000000, Size: 0x000061d8, Max: 0x00200000, ABSOLUTE)

    Base Addr    Size         Type   Attr      Idx    E Section Name        Object

    0x08000000   0x000001ac   Data   RO            3    RESET               startup_stm32f427xx.o
    0x080001ac   0x00000000   Code   RO         7638  * .ARM.Collect$$$$00000000  mc_w.l(entry.o)
    0x080001ac   0x00000004   Code   RO         7953    .ARM.Collect$$$$00000001  mc_w.l(entry2.o)
    0x080001b0   0x00000004   Code   RO         7956    .ARM.Collect$$$$00000004  mc_w.l(entry5.o)
    0x080001b4   0x00000000   Code   RO         7958    .ARM.Collect$$$$00000008  mc_w.l(entry7b.o)
    0x080001b4   0x00000000   Code   RO         7960    .ARM.Collect$$$$0000000A  mc_w.l(entry8b.o)
    0x080001b4   0x00000008   Code   RO         7961    .ARM.Collect$$$$0000000B  mc_w.l(entry9a.o)
    0x080001bc   0x00000000   Code   RO         7963    .ARM.Collect$$$$0000000D  mc_w.l(entry10a.o)
    0x080001bc   0x00000000   Code   RO         7965    .ARM.Collect$$$$0000000F  mc_w.l(entry11a.o)
    0x080001bc   0x00000004   Code   RO         7954    .ARM.Collect$$$$00002712  mc_w.l(entry2.o)
    0x080001c0   0x000000b6   Code   RO         6269    .emb_text           port.o
    0x08000276   0x00000002   PAD
    0x08000278   0x00000034   Code   RO            4    .text               startup_stm32f427xx.o
    0x080002ac   0x00000078   Code   RO         7470    .text               arm_cortexM4lf_math.lib(arm_cos_f32.o)
    0x08000324   0x00000074   Code   RO         7523    .text               arm_cortexM4lf_math.lib(arm_sin_f32.o)
    0x08000398   0x00000024   Code   RO         7641    .text               mc_w.l(memcpya.o)
    0x080003bc   0x00000024   Code   RO         7643    .text               mc_w.l(memseta.o)
    0x080003e0   0x0000014e   Code   RO         7912    .text               mf_w.l(dadd.o)
    0x0800052e   0x00000026   Code   RO         7914    .text               mf_w.l(f2d.o)
    0x08000554   0x00000038   Code   RO         7916    .text               mf_w.l(d2f.o)
    0x0800058c   0x0000001e   Code   RO         7974    .text               mc_w.l(llshl.o)
    0x080005aa   0x00000024   Code   RO         7976    .text               mc_w.l(llsshr.o)
    0x080005ce   0x00000000   Code   RO         7985    .text               mc_w.l(iusefp.o)
    0x080005ce   0x0000006e   Code   RO         7986    .text               mf_w.l(fepilogue.o)
    0x0800063c   0x000000ba   Code   RO         7988    .text               mf_w.l(depilogue.o)
    0x080006f6   0x000000e4   Code   RO         7990    .text               mf_w.l(dmul.o)
    0x080007da   0x000000de   Code   RO         7992    .text               mf_w.l(ddiv.o)
    0x080008b8   0x00000024   Code   RO         8004    .text               mc_w.l(init.o)
    0x080008dc   0x00000020   Code   RO         8007    .text               mc_w.l(llushr.o)
    0x080008fc   0x00000002   Code   RO           13    i.BusFault_Handler  stm32f4xx_it.o
    0x080008fe   0x00000002   PAD
    0x08000900   0x00000038   Code   RO         6742    i.CAN1_RX0_IRQHandler  can_receive.o
    0x08000938   0x00000080   Code   RO         6743    i.CAN1_hook         can_receive.o
    0x080009b8   0x000000f4   Code   RO         6533    i.CAN1_mode_init    can.o
    0x08000aac   0x00000038   Code   RO         6744    i.CAN2_RX0_IRQHandler  can_receive.o
    0x08000ae4   0x00000060   Code   RO         6745    i.CAN2_hook         can_receive.o
    0x08000b44   0x000000f8   Code   RO         6534    i.CAN2_mode_init    can.o
    0x08000c3c   0x00000050   Code   RO         6746    i.CAN_CMD_CHASSIS   can_receive.o
    0x08000c8c   0x00000054   Code   RO         6747    i.CAN_CMD_GIMBAL    can_receive.o
    0x08000ce0   0x00000078   Code   RO          597    i.CAN_ClearITPendingBit  stm32f4xx_can.o
    0x08000d58   0x000000cc   Code   RO          601    i.CAN_FilterInit    stm32f4xx_can.o
    0x08000e24   0x000000a8   Code   RO          603    i.CAN_GetITStatus   stm32f4xx_can.o
    0x08000ecc   0x00000010   Code   RO          607    i.CAN_ITConfig      stm32f4xx_can.o
    0x08000edc   0x000000e8   Code   RO          608    i.CAN_Init          stm32f4xx_can.o
    0x08000fc4   0x00000090   Code   RO          611    i.CAN_Receive       stm32f4xx_can.o
    0x08001054   0x000000a4   Code   RO          616    i.CAN_Transmit      stm32f4xx_can.o
    0x080010f8   0x00000180   Code   RO         6968    i.CHASSIS_PID_Calc  chassis_task.o
    0x08001278   0x00000038   Code   RO         6969    i.CHASSIS_PID_Init  chassis_task.o
    0x080012b0   0x0000000c   Code   RO          619    i.CheckITStatus     stm32f4xx_can.o
    0x080012bc   0x0000002c   Code   RO         7314    i.Create_MyTask     start_task.o
    0x080012e8   0x000000b4   Code   RO         6863    i.DBUS_TO_RC        remote_control.o
    0x0800139c   0x00000014   Code   RO         1376    i.DMA_Cmd           stm32f4xx_dma.o
    0x080013b0   0x00000124   Code   RO         1377    i.DMA_DeInit        stm32f4xx_dma.o
    0x080014d4   0x00000014   Code   RO         1378    i.DMA_DoubleBufferModeCmd  stm32f4xx_dma.o
    0x080014e8   0x00000016   Code   RO         1379    i.DMA_DoubleBufferModeConfig  stm32f4xx_dma.o
    0x080014fe   0x00000006   Code   RO         1382    i.DMA_GetCurrDataCounter  stm32f4xx_dma.o
    0x08001504   0x0000000e   Code   RO         1383    i.DMA_GetCurrentMemoryTarget  stm32f4xx_dma.o
    0x08001512   0x00000002   PAD
    0x08001514   0x00000054   Code   RO         1388    i.DMA_Init          stm32f4xx_dma.o
    0x08001568   0x00000004   Code   RO         1391    i.DMA_SetCurrDataCounter  stm32f4xx_dma.o
    0x0800156c   0x00000002   Code   RO           14    i.DebugMon_Handler  stm32f4xx_it.o
    0x0800156e   0x00000002   PAD
    0x08001570   0x00000074   Code   RO         7361    i.DetectDisplay     detect_task.o
    0x080015e4   0x0000002c   Code   RO         7362    i.DetectHook        detect_task.o
    0x08001610   0x00000074   Code   RO         7363    i.DetectInit        detect_task.o
    0x08001684   0x00000124   Code   RO         7129    i.GIMBAL_Control_loop  gimbal_task.o
    0x080017a8   0x0000006c   Code   RO         7130    i.GIMBAL_Feedback_Update  gimbal_task.o
    0x08001814   0x000001e4   Code   RO         7131    i.GIMBAL_Init       gimbal_task.o
    0x080019f8   0x00000180   Code   RO         7132    i.GIMBAL_PID_Calc   gimbal_task.o
    0x08001b78   0x00000038   Code   RO         7133    i.GIMBAL_PID_Init   gimbal_task.o
    0x08001bb0   0x000000b4   Code   RO         7134    i.GIMBAL_Pitch_absolute_angle_limit  gimbal_task.o
    0x08001c64   0x000000b4   Code   RO         7135    i.GIMBAL_Yaw_absolute_angle_limit  gimbal_task.o
    0x08001d18   0x00000050   Code   RO         7136    i.GIMBAL_relative_angle_limit  gimbal_task.o
    0x08001d68   0x000000a2   Code   RO         2221    i.GPIO_Init         stm32f4xx_gpio.o
    0x08001e0a   0x00000020   Code   RO         2222    i.GPIO_PinAFConfig  stm32f4xx_gpio.o
    0x08001e2a   0x00000004   Code   RO         2228    i.GPIO_ResetBits    stm32f4xx_gpio.o
    0x08001e2e   0x00000004   Code   RO         2229    i.GPIO_SetBits      stm32f4xx_gpio.o
    0x08001e32   0x00000008   Code   RO         2231    i.GPIO_ToggleBits   stm32f4xx_gpio.o
    0x08001e3a   0x00000002   PAD
    0x08001e3c   0x00000010   Code   RO         7137    i.Get_YAWmotor_relative_angle  gimbal_task.o
    0x08001e4c   0x0000001c   Code   RO         7138    i.Gimbal_PID_clear  gimbal_task.o
    0x08001e68   0x00000002   Code   RO           15    i.HardFault_Handler  stm32f4xx_it.o
    0x08001e6a   0x00000002   PAD
    0x08001e6c   0x00000068   Code   RO         6611    i.LED_init          led.o
    0x08001ed4   0x00000148   Code   RO         6916    i.MPU6050_UartDMA_Init  gyroscope.o
    0x0800201c   0x00000058   Code   RO         7139    i.MechanicalAngle_ConvertTo_AngularVelocity  gimbal_task.o
    0x08002074   0x00000002   Code   RO           16    i.MemManage_Handler  stm32f4xx_it.o
    0x08002076   0x00000002   Code   RO           17    i.NMI_Handler       stm32f4xx_it.o
    0x08002078   0x00000064   Code   RO          301    i.NVIC_Init         misc.o
    0x080020dc   0x00000014   Code   RO          302    i.NVIC_PriorityGroupConfig  misc.o
    0x080020f0   0x00000052   Code   RO         6455    i.Program_Init      main.o
    0x08002142   0x00000002   PAD
    0x08002144   0x00000030   Code   RO         7140    i.RAD_Format        gimbal_task.o
    0x08002174   0x00000018   Code   RO         3159    i.RCC_AHB1PeriphClockCmd  stm32f4xx_rcc.o
    0x0800218c   0x00000018   Code   RO         3168    i.RCC_APB1PeriphClockCmd  stm32f4xx_rcc.o
    0x080021a4   0x00000018   Code   RO         3170    i.RCC_APB1PeriphResetCmd  stm32f4xx_rcc.o
    0x080021bc   0x00000018   Code   RO         3171    i.RCC_APB2PeriphClockCmd  stm32f4xx_rcc.o
    0x080021d4   0x00000018   Code   RO         3173    i.RCC_APB2PeriphResetCmd  stm32f4xx_rcc.o
    0x080021ec   0x00000094   Code   RO         3180    i.RCC_GetClocksFreq  stm32f4xx_rcc.o
    0x08002280   0x0000013c   Code   RO         6864    i.RC_init           remote_control.o
    0x080023bc   0x000000d0   Code   RO          184    i.SetSysClock       system_stm32f4xx.o
    0x0800248c   0x00000018   Code   RO          305    i.SysTick_CLKSourceConfig  misc.o
    0x080024a4   0x00000014   Code   RO         7423    i.SysTick_Handler   freertos_middleware.o
    0x080024b8   0x0000005c   Code   RO          186    i.SystemInit        system_stm32f4xx.o
    0x08002514   0x00000034   Code   RO         7424    i.TIM3_IRQHandler   freertos_middleware.o
    0x08002548   0x00000014   Code   RO         4544    i.TIM_ARRPreloadConfig  stm32f4xx_tim.o
    0x0800255c   0x00000006   Code   RO         4550    i.TIM_ClearFlag     stm32f4xx_tim.o
    0x08002562   0x00000014   Code   RO         4556    i.TIM_Cmd           stm32f4xx_tim.o
    0x08002576   0x00000018   Code   RO         4577    i.TIM_GetITStatus   stm32f4xx_tim.o
    0x0800258e   0x00000002   PAD
    0x08002590   0x00000060   Code   RO         4585    i.TIM_OC1Init       stm32f4xx_tim.o
    0x080025f0   0x0000000c   Code   RO         4588    i.TIM_OC1PreloadConfig  stm32f4xx_tim.o
    0x080025fc   0x00000004   Code   RO         4618    i.TIM_SetCompare1   stm32f4xx_tim.o
    0x08002600   0x0000007c   Code   RO         4628    i.TIM_TimeBaseInit  stm32f4xx_tim.o
    0x0800267c   0x00000120   Code   RO         6917    i.UART7_IRQHandler  gyroscope.o
    0x0800279c   0x000000bc   Code   RO         6865    i.USART1_IRQHandler  remote_control.o
    0x08002858   0x00000006   Code   RO         5093    i.USART_ClearFlag   stm32f4xx_usart.o
    0x0800285e   0x00000014   Code   RO         5097    i.USART_Cmd         stm32f4xx_usart.o
    0x08002872   0x00000010   Code   RO         5098    i.USART_DMACmd      stm32f4xx_usart.o
    0x08002882   0x00000002   PAD
    0x08002884   0x000000ac   Code   RO         5099    i.USART_DeInit      stm32f4xx_usart.o
    0x08002930   0x0000003e   Code   RO         5101    i.USART_GetITStatus  stm32f4xx_usart.o
    0x0800296e   0x00000030   Code   RO         5103    i.USART_ITConfig    stm32f4xx_usart.o
    0x0800299e   0x00000002   PAD
    0x080029a0   0x000000ac   Code   RO         5104    i.USART_Init        stm32f4xx_usart.o
    0x08002a4c   0x00000002   Code   RO           18    i.UsageFault_Handler  stm32f4xx_it.o
    0x08002a4e   0x00000030   Code   RO         8000    i.__ARM_fpclassify  m_wm.l(fpclassify.o)
    0x08002a7e   0x00000002   PAD
    0x08002a80   0x000002d8   Code   RO         7918    i.__hardfp_atan     m_wm.l(atan.o)
    0x08002d58   0x000001f0   Code   RO         7626    i.__hardfp_atan2    m_wm.l(atan2.o)
    0x08002f48   0x000000f8   Code   RO         8002    i.__kernel_poly     m_wm.l(poly.o)
    0x08003040   0x00000014   Code   RO         7933    i.__mathlib_dbl_infnan  m_wm.l(dunder.o)
    0x08003054   0x00000014   Code   RO         7934    i.__mathlib_dbl_infnan2  m_wm.l(dunder.o)
    0x08003068   0x00000020   Code   RO         7938    i.__mathlib_dbl_underflow  m_wm.l(dunder.o)
    0x08003088   0x0000000e   Code   RO         8012    i.__scatterload_copy  mc_w.l(handlers.o)
    0x08003096   0x00000002   Code   RO         8013    i.__scatterload_null  mc_w.l(handlers.o)
    0x08003098   0x0000000e   Code   RO         8014    i.__scatterload_zeroinit  mc_w.l(handlers.o)
    0x080030a6   0x00000010   Code   RO         7920    i.atan              m_wm.l(atan.o)
    0x080030b6   0x00000002   PAD
    0x080030b8   0x000000b4   Code   RO         6703    i.buzzer_init       buzzer.o
    0x0800316c   0x0000000c   Code   RO         6704    i.buzzer_off        buzzer.o
    0x08003178   0x00000010   Code   RO         6705    i.buzzer_on         buzzer.o
    0x08003188   0x0000008c   Code   RO         7087    i.chassis_behaviour_control_set  chassis_behaviour.o
    0x08003214   0x00000082   Code   RO         7088    i.chassis_behaviour_mode_set  chassis_behaviour.o
    0x08003296   0x00000002   PAD
    0x08003298   0x0000013c   Code   RO         6970    i.chassis_control_loop  chassis_task.o
    0x080033d4   0x00000138   Code   RO         6971    i.chassis_feedback_update  chassis_task.o
    0x0800350c   0x000000e4   Code   RO         6972    i.chassis_init      chassis_task.o
    0x080035f0   0x0000003c   Code   RO         6973    i.chassis_mode_change_control_transit  chassis_task.o
    0x0800362c   0x00000118   Code   RO         6974    i.chassis_rc_to_control_vector  chassis_task.o
    0x08003744   0x00000174   Code   RO         6975    i.chassis_set_contorl  chassis_task.o
    0x080038b8   0x000000a4   Code   RO         6976    i.chassis_task      chassis_task.o
    0x0800395c   0x00000058   Code   RO         6570    i.delay_init        delay.o
    0x080039b4   0x00000034   Code   RO         6571    i.delay_ms          delay.o
    0x080039e8   0x000000a0   Code   RO         7364    i.detect_task       detect_task.o
    0x08003a88   0x00000018   Code   RO         7948    i.fabs              m_wm.l(fabs.o)
    0x08003aa0   0x0000004e   Code   RO         6344    i.first_order_filter_cali  user_lib_1.o
    0x08003aee   0x00000012   Code   RO         6345    i.first_order_filter_init  user_lib_1.o
    0x08003b00   0x00000020   Code   RO         6346    i.float_constrain   user_lib_1.o
    0x08003b20   0x00000010   Code   RO         6612    i.flow_led_off      led.o
    0x08003b30   0x00000010   Code   RO         6613    i.flow_led_on       led.o
    0x08003b40   0x00000014   Code   RO         6748    i.get_Chassis_Motor_Data_Point  can_receive.o
    0x08003b54   0x00000008   Code   RO         6918    i.get_MPU6050_Angle_point  gyroscope.o
    0x08003b5c   0x00000008   Code   RO         6919    i.get_MPU6050_Gyro_Point  gyroscope.o
    0x08003b64   0x00000008   Code   RO         6749    i.get_Pitch_Gimbal_Motor_Data_Point  can_receive.o
    0x08003b6c   0x00000008   Code   RO         6750    i.get_Yaw_Gimbal_Motor_Data_Point  can_receive.o
    0x08003b74   0x00000008   Code   RO         6866    i.get_remote_control_point  remote_control.o
    0x08003b7c   0x00000138   Code   RO         7242    i.gimbal_behaviour_control_set  gimbal_behaviour.o
    0x08003cb4   0x0000010c   Code   RO         7243    i.gimbal_behaviour_mode_set  gimbal_behaviour.o
    0x08003dc0   0x0000007c   Code   RO         7244    i.gimbal_init_control  gimbal_behaviour.o
    0x08003e3c   0x0000012c   Code   RO         7141    i.gimbal_task       gimbal_task.o
    0x08003f68   0x00000046   Code   RO         7142    i.gimbal_total_pid_clear  gimbal_task.o
    0x08003fae   0x00000002   PAD
    0x08003fb0   0x00000010   Code   RO         6920    i.gyroscope_init    gyroscope.o
    0x08003fc0   0x00000010   Code   RO         6615    i.led_green_off     led.o
    0x08003fd0   0x00000010   Code   RO         6617    i.led_green_toggle  led.o
    0x08003fe0   0x00000010   Code   RO         6618    i.led_red_off       led.o
    0x08003ff0   0x00000010   Code   RO         6620    i.led_red_toggle    led.o
    0x08004000   0x00000014   Code   RO         6456    i.main              main.o
    0x08004014   0x00000034   Code   RO         7143    i.motor_ecd_to_angle_change  gimbal_task.o
    0x08004048   0x00000070   Code   RO         5747    i.prvAddCurrentTaskToDelayedList  tasks.o
    0x080040b8   0x000000d0   Code   RO         5748    i.prvAddNewTaskToReadyList  tasks.o
    0x08004188   0x00000050   Code   RO         6105    i.prvCheckForValidListAndQueue  timers.o
    0x080041d8   0x00000050   Code   RO         5749    i.prvCheckTasksWaitingTermination  tasks.o
    0x08004228   0x00000026   Code   RO         5526    i.prvCopyDataFromQueue  queue.o
    0x0800424e   0x0000006c   Code   RO         5527    i.prvCopyDataToQueue  queue.o
    0x080042ba   0x00000014   Code   RO         5750    i.prvDeleteTCB      tasks.o
    0x080042ce   0x00000002   PAD
    0x080042d0   0x0000004c   Code   RO         6220    i.prvHeapInit       heap_4.o
    0x0800431c   0x00000028   Code   RO         5751    i.prvIdleTask       tasks.o
    0x08004344   0x0000009c   Code   RO         5752    i.prvInitialiseNewTask  tasks.o
    0x080043e0   0x0000004c   Code   RO         6221    i.prvInsertBlockIntoFreeList  heap_4.o
    0x0800442c   0x00000038   Code   RO         6106    i.prvInsertTimerInActiveList  timers.o
    0x08004464   0x0000001c   Code   RO         5528    i.prvIsQueueEmpty   queue.o
    0x08004480   0x0000006c   Code   RO         5529    i.prvNotifyQueueSetContainer  queue.o
    0x080044ec   0x000000b8   Code   RO         6107    i.prvProcessReceivedCommands  timers.o
    0x080045a4   0x000000b4   Code   RO         6108    i.prvProcessTimerOrBlockTask  timers.o
    0x08004658   0x00000020   Code   RO         5754    i.prvResetNextTaskUnblockTime  tasks.o
    0x08004678   0x00000028   Code   RO         6109    i.prvSampleTimeNow  timers.o
    0x080046a0   0x0000006c   Code   RO         6110    i.prvSwitchTimerLists  timers.o
    0x0800470c   0x00000028   Code   RO         6270    i.prvTaskExitError  port.o
    0x08004734   0x00000024   Code   RO         6111    i.prvTimerTask      timers.o
    0x08004758   0x00000078   Code   RO         5530    i.prvUnlockQueue    queue.o
    0x080047d0   0x000000d8   Code   RO         6222    i.pvPortMalloc      heap_4.o
    0x080048a8   0x00000018   Code   RO         5758    i.pvTaskIncrementMutexHeldCount  tasks.o
    0x080048c0   0x0000002c   Code   RO         6271    i.pxPortInitialiseStack  port.o
    0x080048ec   0x00000010   Code   RO         6867    i.remote_control_init  remote_control.o
    0x080048fc   0x000000b8   Code   RO         7315    i.start_task        start_task.o
    0x080049b4   0x00000018   Code   RO         7366    i.toe_is_error      detect_task.o
    0x080049cc   0x0000003e   Code   RO         7287    i.user_task         user_task.o
    0x08004a0a   0x00000024   Code   RO         5489    i.uxListRemove      list.o
    0x08004a2e   0x00000016   Code   RO         5490    i.vListInitialise   list.o
    0x08004a44   0x00000006   Code   RO         5491    i.vListInitialiseItem  list.o
    0x08004a4a   0x00000030   Code   RO         5492    i.vListInsert       list.o
    0x08004a7a   0x00000018   Code   RO         5493    i.vListInsertEnd    list.o
    0x08004a92   0x00000002   PAD
    0x08004a94   0x00000040   Code   RO         6273    i.vPortEnterCritical  port.o
    0x08004ad4   0x00000028   Code   RO         6274    i.vPortExitCritical  port.o
    0x08004afc   0x0000005c   Code   RO         6223    i.vPortFree         heap_4.o
    0x08004b58   0x00000002   Code   RO         7425    i.vPortSetupTimerInterrupt  freertos_middleware.o
    0x08004b5a   0x00000002   PAD
    0x08004b5c   0x00000054   Code   RO         6275    i.vPortValidateInterruptPriority  port.o
    0x08004bb0   0x00000028   Code   RO         5536    i.vQueueAddToRegistry  queue.o
    0x08004bd8   0x00000044   Code   RO         5540    i.vQueueWaitForMessageRestricted  queue.o
    0x08004c1c   0x0000004c   Code   RO         5767    i.vTaskDelay        tasks.o
    0x08004c68   0x000000ac   Code   RO         5769    i.vTaskDelete       tasks.o
    0x08004d14   0x0000000c   Code   RO         5773    i.vTaskMissedYield  tasks.o
    0x08004d20   0x00000030   Code   RO         5775    i.vTaskPlaceOnEventList  tasks.o
    0x08004d50   0x00000038   Code   RO         5776    i.vTaskPlaceOnEventListRestricted  tasks.o
    0x08004d88   0x00000084   Code   RO         5778    i.vTaskPriorityInherit  tasks.o
    0x08004e0c   0x00000024   Code   RO         5782    i.vTaskSetTimeOutState  tasks.o
    0x08004e30   0x00000070   Code   RO         5783    i.vTaskStartScheduler  tasks.o
    0x08004ea0   0x00000010   Code   RO         5785    i.vTaskSuspendAll   tasks.o
    0x08004eb0   0x0000005c   Code   RO         5786    i.vTaskSwitchContext  tasks.o
    0x08004f0c   0x000000e0   Code   RO         6276    i.xPortStartScheduler  port.o
    0x08004fec   0x0000002c   Code   RO         6277    i.xPortSysTickHandler  port.o
    0x08005018   0x00000056   Code   RO         5545    i.xQueueGenericCreate  queue.o
    0x0800506e   0x00000002   PAD
    0x08005070   0x0000016c   Code   RO         5546    i.xQueueGenericReceive  queue.o
    0x080051dc   0x00000088   Code   RO         5547    i.xQueueGenericReset  queue.o
    0x08005264   0x0000016c   Code   RO         5548    i.xQueueGenericSend  queue.o
    0x080053d0   0x000000ca   Code   RO         5549    i.xQueueGenericSendFromISR  queue.o
    0x0800549a   0x00000002   PAD
    0x0800549c   0x0000006c   Code   RO         5787    i.xTaskCheckForTimeOut  tasks.o
    0x08005508   0x00000056   Code   RO         5788    i.xTaskCreate       tasks.o
    0x0800555e   0x00000002   PAD
    0x08005560   0x0000001c   Code   RO         5793    i.xTaskGetSchedulerState  tasks.o
    0x0800557c   0x0000000c   Code   RO         5794    i.xTaskGetTickCount  tasks.o
    0x08005588   0x000000c8   Code   RO         5796    i.xTaskIncrementTick  tasks.o
    0x08005650   0x00000098   Code   RO         5799    i.xTaskPriorityDisinherit  tasks.o
    0x080056e8   0x00000078   Code   RO         5800    i.xTaskRemoveFromEventList  tasks.o
    0x08005760   0x000000c4   Code   RO         5802    i.xTaskResumeAll    tasks.o
    0x08005824   0x00000048   Code   RO         6115    i.xTimerCreateTimerTask  timers.o
    0x0800586c   0x00000060   Code   RO         6116    i.xTimerGenericCommand  timers.o
    0x080058cc   0x00000008   Data   RO         6979    .constdata          chassis_task.o
    0x080058d4   0x00000040   Data   RO         7368    .constdata          detect_task.o
    0x08005914   0x00000804   Data   RO         7603    .constdata          arm_cortexM4lf_math.lib(arm_common_tables.o)
    0x08006118   0x00000098   Data   RO         7921    .constdata          m_wm.l(atan.o)
    0x080061b0   0x00000008   Data   RO         7952    .constdata          m_wm.l(qnan.o)
    0x080061b8   0x00000020   Data   RO         8010    Region$$Table       anon$$obj.o


    Execution Region RW_IRAM1 (Base: 0x20000000, Size: 0x00020de0, Max: 0x00030000, ABSOLUTE)

    Base Addr    Size         Type   Attr      Idx    E Section Name        Object

    0x20000000   0x00000014   Data   RW          187    .data               system_stm32f4xx.o
    0x20000014   0x00000010   Data   RW         3212    .data               stm32f4xx_rcc.o
    0x20000024   0x0000003c   Data   RW         5805    .data               tasks.o
    0x20000060   0x00000014   Data   RW         6122    .data               timers.o
    0x20000074   0x00000018   Data   RW         6228    .data               heap_4.o
    0x2000008c   0x0000000c   Data   RW         6278    .data               port.o
    0x20000098   0x00000008   Data   RW         6573    .data               delay.o
    0x200000a0   0x00000001   Data   RW         6752    .data               can_receive.o
    0x200000a1   0x00000001   PAD
    0x200000a2   0x00000002   Data   RW         6869    .data               remote_control.o
    0x200000a4   0x00000002   Data   RW         6922    .data               gyroscope.o
    0x200000a6   0x00000002   PAD
    0x200000a8   0x00000008   Data   RW         6980    .data               chassis_task.o
    0x200000b0   0x00000008   Data   RW         7145    .data               gimbal_task.o
    0x200000b8   0x00000014   Data   RW         7245    .data               gimbal_behaviour.o
    0x200000cc   0x00000014   Data   RW         7316    .data               start_task.o
    0x200000e0   0x00000008   Data   RW         7369    .data               detect_task.o
    0x200000e8   0x00000008   Data   RW         7426    .data               freertos_middleware.o
    0x200000f0   0x00000040   Zero   RW         5560    .bss                queue.o
    0x20000130   0x000002e4   Zero   RW         5804    .bss                tasks.o
    0x20000414   0x00000028   Zero   RW         6121    .bss                timers.o
    0x2000043c   0x00020000   Zero   RW         6227    .bss                heap_4.o
    0x2002043c   0x00000064   Zero   RW         6751    .bss                can_receive.o
    0x200204a0   0x0000005e   Zero   RW         6868    .bss                remote_control.o
    0x200204fe   0x00000002   PAD
    0x20020500   0x00000054   Zero   RW         6921    .bss                gyroscope.o
    0x20020554   0x0000019f   Zero   RW         6978    .bss                chassis_task.o
    0x200206f3   0x00000212   Zero   RW         7144    .bss                gimbal_task.o
    0x20020905   0x000000d8   Zero   RW         7367    .bss                detect_task.o
    0x200209dd   0x00000003   PAD
    0x200209e0   0x00000400   Zero   RW            1    STACK               startup_stm32f427xx.o


==============================================================================

Image component sizes


      Code (inc. data)   RO Data    RW Data    ZI Data      Debug   Object Name

       208         18          0          0          0       2263   buzzer.o
       492         18          0          0          0       1922   can.o
       536         56          0          1        100       8280   can_receive.o
       270          6          0          0          0      11369   chassis_behaviour.o
      2172        152          8          8        415      27587   chassis_task.o
         0          0          0          0          0      10232   croutine.o
       140         18          0          8          0       1536   delay.o
       460         40         64          8        216       5323   detect_task.o
         0          0          0          0          0      12044   event_groups.o
        74         10          0          8          0       2678   freertos_middleware.o
       704         58          0         20          0       4116   gimbal_behaviour.o
      2366        146          0          8        530      11100   gimbal_task.o
       648         50          0          2         84       4337   gyroscope.o
       460         24          0         24     131072       4491   heap_4.o
       200         46          0          0          0       4062   led.o
       136          0          0          0          0       3334   list.o
       102          0          0          0          0       1670   main.o
       144         14          0          0          0       2137   misc.o
       722         78          0         12          0      11326   port.o
      1662         18          0          0         64      15885   queue.o
       708         46          0          2         94       5999   remote_control.o
       228         90          0         20          0       1561   start_task.o
        52         14        428          0       1024        892   startup_stm32f427xx.o
      1060         20          0          0          0       6638   stm32f4xx_can.o
       462         24          0          0          0       6388   stm32f4xx_dma.o
       210          0          0          0          0       3397   stm32f4xx_gpio.o
        12          0          0          0          0     321861   stm32f4xx_it.o
       268         46          0         16          0       5993   stm32f4xx_rcc.o
       306         36          0          0          0       6492   stm32f4xx_tim.o
       496         42          0          0          0       5466   stm32f4xx_usart.o
       300         36          0         20          0     303137   system_stm32f4xx.o
      2326        206          0         60        740      23413   tasks.o
       852         78          0         20         40      16939   timers.o
       128          0          0          0          0       2926   user_lib_1.o
        62          0          0          0          0        600   user_task.o

    ----------------------------------------------------------------------
     19002       1390        532        240     134384     857394   Object Totals
         0          0         32          0          0          0   (incl. Generated)
        36          0          0          3          5          0   (incl. Padding)

    ----------------------------------------------------------------------

      Code (inc. data)   RO Data    RW Data    ZI Data      Debug   Library Member Name

         0          0       2052          0          0       4636   arm_common_tables.o
       120         12          0          0          0      16970   arm_cos_f32.o
       116         12          0          0          0        658   arm_sin_f32.o
       744        106        152          0          0        352   atan.o
       496         64          0          0          0        192   atan2.o
        72          8          0          0          0        372   dunder.o
        24          0          0          0          0        124   fabs.o
        48          0          0          0          0        124   fpclassify.o
       248          0          0          0          0        152   poly.o
         0          0          8          0          0          0   qnan.o
         0          0          0          0          0          0   entry.o
         0          0          0          0          0          0   entry10a.o
         0          0          0          0          0          0   entry11a.o
         8          4          0          0          0          0   entry2.o
         4          0          0          0          0          0   entry5.o
         0          0          0          0          0          0   entry7b.o
         0          0          0          0          0          0   entry8b.o
         8          4          0          0          0          0   entry9a.o
        30          0          0          0          0          0   handlers.o
        36          8          0          0          0         68   init.o
         0          0          0          0          0          0   iusefp.o
        30          0          0          0          0         68   llshl.o
        36          0          0          0          0         68   llsshr.o
        32          0          0          0          0         68   llushr.o
        36          0          0          0          0         68   memcpya.o
        36          0          0          0          0        108   memseta.o
        56          0          0          0          0         88   d2f.o
       334          0          0          0          0        148   dadd.o
       222          0          0          0          0        100   ddiv.o
       186          0          0          0          0        176   depilogue.o
       228          0          0          0          0         96   dmul.o
        38          0          0          0          0         68   f2d.o
       110          0          0          0          0        168   fepilogue.o

    ----------------------------------------------------------------------
      3302        218       2212          0          0      24872   Library Totals
         4          0          0          0          0          0   (incl. Padding)

    ----------------------------------------------------------------------

      Code (inc. data)   RO Data    RW Data    ZI Data      Debug   Library Name

       236         24       2052          0          0      22264   arm_cortexM4lf_math.lib
      1632        178        160          0          0       1316   m_wm.l
       256         16          0          0          0        448   mc_w.l
      1174          0          0          0          0        844   mf_w.l

    ----------------------------------------------------------------------
      3302        218       2212          0          0      24872   Library Totals

    ----------------------------------------------------------------------

==============================================================================


      Code (inc. data)   RO Data    RW Data    ZI Data      Debug   

     22304       1608       2744        240     134384     862550   Grand Totals
     22304       1608       2744        240     134384     862550   ELF Image Totals
     22304       1608       2744        240          0          0   ROM Totals

==============================================================================

    Total RO  Size (Code + RO Data)                25048 (  24.46kB)
    Total RW  Size (RW Data + ZI Data)            134624 ( 131.47kB)
    Total ROM Size (Code + RO Data + RW Data)      25288 (  24.70kB)

==============================================================================

