<!doctype html public "-//w3c//dtd html 4.0 transitional//en">
<html><head>
<title>Static Call Graph - [.\Objects\infantry.axf]</title></head>
<body><HR>
<H1>Static Call Graph for image .\Objects\infantry.axf</H1><HR>
<BR><P>#&#060CALLGRAPH&#062# ARM Linker, 5050106: Last Updated: Sun Jul 14 22:00:40 2019
<BR><P>
<H3>Maximum Stack Usage =        264 bytes + Unknown(Cycles, Untraceable Function Pointers)</H3><H3>
Call chain for Maximum Stack Depth:</H3>
chassis_task &rArr; chassis_set_contorl &rArr; __hardfp_atan2 &rArr; atan &rArr; __hardfp_atan &rArr; __kernel_poly &rArr; __aeabi_dadd &rArr; _double_epilogue &rArr; _double_round
<P>
<H3>
Mutually Recursive functions
</H3> <LI><a href="#[1d]">ADC_IRQHandler</a>&nbsp;&nbsp;&nbsp;&rArr;&nbsp;&nbsp;&nbsp;<a href="#[1d]">ADC_IRQHandler</a><BR>
 <LI><a href="#[5]">BusFault_Handler</a>&nbsp;&nbsp;&nbsp;&rArr;&nbsp;&nbsp;&nbsp;<a href="#[5]">BusFault_Handler</a><BR>
 <LI><a href="#[3]">HardFault_Handler</a>&nbsp;&nbsp;&nbsp;&rArr;&nbsp;&nbsp;&nbsp;<a href="#[3]">HardFault_Handler</a><BR>
 <LI><a href="#[4]">MemManage_Handler</a>&nbsp;&nbsp;&nbsp;&rArr;&nbsp;&nbsp;&nbsp;<a href="#[4]">MemManage_Handler</a><BR>
 <LI><a href="#[6]">UsageFault_Handler</a>&nbsp;&nbsp;&nbsp;&rArr;&nbsp;&nbsp;&nbsp;<a href="#[6]">UsageFault_Handler</a><BR>
</UL>
<P>
<H3>
Function Pointers
</H3><UL>
 <LI><a href="#[1d]">ADC_IRQHandler</a> from startup_stm32f427xx.o(.text) referenced from startup_stm32f427xx.o(RESET)
 <LI><a href="#[5]">BusFault_Handler</a> from stm32f4xx_it.o(i.BusFault_Handler) referenced from startup_stm32f427xx.o(RESET)
 <LI><a href="#[1f]">CAN1_RX0_IRQHandler</a> from can_receive.o(i.CAN1_RX0_IRQHandler) referenced from startup_stm32f427xx.o(RESET)
 <LI><a href="#[20]">CAN1_RX1_IRQHandler</a> from startup_stm32f427xx.o(.text) referenced from startup_stm32f427xx.o(RESET)
 <LI><a href="#[21]">CAN1_SCE_IRQHandler</a> from startup_stm32f427xx.o(.text) referenced from startup_stm32f427xx.o(RESET)
 <LI><a href="#[1e]">CAN1_TX_IRQHandler</a> from startup_stm32f427xx.o(.text) referenced from startup_stm32f427xx.o(RESET)
 <LI><a href="#[4b]">CAN2_RX0_IRQHandler</a> from can_receive.o(i.CAN2_RX0_IRQHandler) referenced from startup_stm32f427xx.o(RESET)
 <LI><a href="#[4c]">CAN2_RX1_IRQHandler</a> from startup_stm32f427xx.o(.text) referenced from startup_stm32f427xx.o(RESET)
 <LI><a href="#[4d]">CAN2_SCE_IRQHandler</a> from startup_stm32f427xx.o(.text) referenced from startup_stm32f427xx.o(RESET)
 <LI><a href="#[4a]">CAN2_TX_IRQHandler</a> from startup_stm32f427xx.o(.text) referenced from startup_stm32f427xx.o(RESET)
 <LI><a href="#[59]">DCMI_IRQHandler</a> from startup_stm32f427xx.o(.text) referenced from startup_stm32f427xx.o(RESET)
 <LI><a href="#[16]">DMA1_Stream0_IRQHandler</a> from startup_stm32f427xx.o(.text) referenced from startup_stm32f427xx.o(RESET)
 <LI><a href="#[17]">DMA1_Stream1_IRQHandler</a> from startup_stm32f427xx.o(.text) referenced from startup_stm32f427xx.o(RESET)
 <LI><a href="#[18]">DMA1_Stream2_IRQHandler</a> from startup_stm32f427xx.o(.text) referenced from startup_stm32f427xx.o(RESET)
 <LI><a href="#[19]">DMA1_Stream3_IRQHandler</a> from startup_stm32f427xx.o(.text) referenced from startup_stm32f427xx.o(RESET)
 <LI><a href="#[1a]">DMA1_Stream4_IRQHandler</a> from startup_stm32f427xx.o(.text) referenced from startup_stm32f427xx.o(RESET)
 <LI><a href="#[1b]">DMA1_Stream5_IRQHandler</a> from startup_stm32f427xx.o(.text) referenced from startup_stm32f427xx.o(RESET)
 <LI><a href="#[1c]">DMA1_Stream6_IRQHandler</a> from startup_stm32f427xx.o(.text) referenced from startup_stm32f427xx.o(RESET)
 <LI><a href="#[3a]">DMA1_Stream7_IRQHandler</a> from startup_stm32f427xx.o(.text) referenced from startup_stm32f427xx.o(RESET)
 <LI><a href="#[62]">DMA2D_IRQHandler</a> from startup_stm32f427xx.o(.text) referenced from startup_stm32f427xx.o(RESET)
 <LI><a href="#[43]">DMA2_Stream0_IRQHandler</a> from startup_stm32f427xx.o(.text) referenced from startup_stm32f427xx.o(RESET)
 <LI><a href="#[44]">DMA2_Stream1_IRQHandler</a> from startup_stm32f427xx.o(.text) referenced from startup_stm32f427xx.o(RESET)
 <LI><a href="#[45]">DMA2_Stream2_IRQHandler</a> from startup_stm32f427xx.o(.text) referenced from startup_stm32f427xx.o(RESET)
 <LI><a href="#[46]">DMA2_Stream3_IRQHandler</a> from startup_stm32f427xx.o(.text) referenced from startup_stm32f427xx.o(RESET)
 <LI><a href="#[47]">DMA2_Stream4_IRQHandler</a> from startup_stm32f427xx.o(.text) referenced from startup_stm32f427xx.o(RESET)
 <LI><a href="#[4f]">DMA2_Stream5_IRQHandler</a> from startup_stm32f427xx.o(.text) referenced from startup_stm32f427xx.o(RESET)
 <LI><a href="#[50]">DMA2_Stream6_IRQHandler</a> from startup_stm32f427xx.o(.text) referenced from startup_stm32f427xx.o(RESET)
 <LI><a href="#[51]">DMA2_Stream7_IRQHandler</a> from startup_stm32f427xx.o(.text) referenced from startup_stm32f427xx.o(RESET)
 <LI><a href="#[8]">DebugMon_Handler</a> from stm32f4xx_it.o(i.DebugMon_Handler) referenced from startup_stm32f427xx.o(RESET)
 <LI><a href="#[48]">ETH_IRQHandler</a> from startup_stm32f427xx.o(.text) referenced from startup_stm32f427xx.o(RESET)
 <LI><a href="#[49]">ETH_WKUP_IRQHandler</a> from startup_stm32f427xx.o(.text) referenced from startup_stm32f427xx.o(RESET)
 <LI><a href="#[11]">EXTI0_IRQHandler</a> from startup_stm32f427xx.o(.text) referenced from startup_stm32f427xx.o(RESET)
 <LI><a href="#[33]">EXTI15_10_IRQHandler</a> from startup_stm32f427xx.o(.text) referenced from startup_stm32f427xx.o(RESET)
 <LI><a href="#[12]">EXTI1_IRQHandler</a> from startup_stm32f427xx.o(.text) referenced from startup_stm32f427xx.o(RESET)
 <LI><a href="#[13]">EXTI2_IRQHandler</a> from startup_stm32f427xx.o(.text) referenced from startup_stm32f427xx.o(RESET)
 <LI><a href="#[14]">EXTI3_IRQHandler</a> from startup_stm32f427xx.o(.text) referenced from startup_stm32f427xx.o(RESET)
 <LI><a href="#[15]">EXTI4_IRQHandler</a> from startup_stm32f427xx.o(.text) referenced from startup_stm32f427xx.o(RESET)
 <LI><a href="#[22]">EXTI9_5_IRQHandler</a> from startup_stm32f427xx.o(.text) referenced from startup_stm32f427xx.o(RESET)
 <LI><a href="#[f]">FLASH_IRQHandler</a> from startup_stm32f427xx.o(.text) referenced from startup_stm32f427xx.o(RESET)
 <LI><a href="#[3b]">FMC_IRQHandler</a> from startup_stm32f427xx.o(.text) referenced from startup_stm32f427xx.o(RESET)
 <LI><a href="#[5b]">FPU_IRQHandler</a> from startup_stm32f427xx.o(.text) referenced from startup_stm32f427xx.o(RESET)
 <LI><a href="#[5a]">HASH_RNG_IRQHandler</a> from startup_stm32f427xx.o(.text) referenced from startup_stm32f427xx.o(RESET)
 <LI><a href="#[3]">HardFault_Handler</a> from stm32f4xx_it.o(i.HardFault_Handler) referenced from startup_stm32f427xx.o(RESET)
 <LI><a href="#[2b]">I2C1_ER_IRQHandler</a> from startup_stm32f427xx.o(.text) referenced from startup_stm32f427xx.o(RESET)
 <LI><a href="#[2a]">I2C1_EV_IRQHandler</a> from startup_stm32f427xx.o(.text) referenced from startup_stm32f427xx.o(RESET)
 <LI><a href="#[2d]">I2C2_ER_IRQHandler</a> from startup_stm32f427xx.o(.text) referenced from startup_stm32f427xx.o(RESET)
 <LI><a href="#[2c]">I2C2_EV_IRQHandler</a> from startup_stm32f427xx.o(.text) referenced from startup_stm32f427xx.o(RESET)
 <LI><a href="#[54]">I2C3_ER_IRQHandler</a> from startup_stm32f427xx.o(.text) referenced from startup_stm32f427xx.o(RESET)
 <LI><a href="#[53]">I2C3_EV_IRQHandler</a> from startup_stm32f427xx.o(.text) referenced from startup_stm32f427xx.o(RESET)
 <LI><a href="#[4]">MemManage_Handler</a> from stm32f4xx_it.o(i.MemManage_Handler) referenced from startup_stm32f427xx.o(RESET)
 <LI><a href="#[2]">NMI_Handler</a> from stm32f4xx_it.o(i.NMI_Handler) referenced from startup_stm32f427xx.o(RESET)
 <LI><a href="#[4e]">OTG_FS_IRQHandler</a> from startup_stm32f427xx.o(.text) referenced from startup_stm32f427xx.o(RESET)
 <LI><a href="#[35]">OTG_FS_WKUP_IRQHandler</a> from startup_stm32f427xx.o(.text) referenced from startup_stm32f427xx.o(RESET)
 <LI><a href="#[56]">OTG_HS_EP1_IN_IRQHandler</a> from startup_stm32f427xx.o(.text) referenced from startup_stm32f427xx.o(RESET)
 <LI><a href="#[55]">OTG_HS_EP1_OUT_IRQHandler</a> from startup_stm32f427xx.o(.text) referenced from startup_stm32f427xx.o(RESET)
 <LI><a href="#[58]">OTG_HS_IRQHandler</a> from startup_stm32f427xx.o(.text) referenced from startup_stm32f427xx.o(RESET)
 <LI><a href="#[57]">OTG_HS_WKUP_IRQHandler</a> from startup_stm32f427xx.o(.text) referenced from startup_stm32f427xx.o(RESET)
 <LI><a href="#[c]">PVD_IRQHandler</a> from startup_stm32f427xx.o(.text) referenced from startup_stm32f427xx.o(RESET)
 <LI><a href="#[9]">PendSV_Handler</a> from port.o(.emb_text) referenced from startup_stm32f427xx.o(RESET)
 <LI><a href="#[10]">RCC_IRQHandler</a> from startup_stm32f427xx.o(.text) referenced from startup_stm32f427xx.o(RESET)
 <LI><a href="#[34]">RTC_Alarm_IRQHandler</a> from startup_stm32f427xx.o(.text) referenced from startup_stm32f427xx.o(RESET)
 <LI><a href="#[e]">RTC_WKUP_IRQHandler</a> from startup_stm32f427xx.o(.text) referenced from startup_stm32f427xx.o(RESET)
 <LI><a href="#[1]">Reset_Handler</a> from startup_stm32f427xx.o(.text) referenced from startup_stm32f427xx.o(RESET)
 <LI><a href="#[61]">SAI1_IRQHandler</a> from startup_stm32f427xx.o(.text) referenced from startup_stm32f427xx.o(RESET)
 <LI><a href="#[3c]">SDIO_IRQHandler</a> from startup_stm32f427xx.o(.text) referenced from startup_stm32f427xx.o(RESET)
 <LI><a href="#[2e]">SPI1_IRQHandler</a> from startup_stm32f427xx.o(.text) referenced from startup_stm32f427xx.o(RESET)
 <LI><a href="#[2f]">SPI2_IRQHandler</a> from startup_stm32f427xx.o(.text) referenced from startup_stm32f427xx.o(RESET)
 <LI><a href="#[3e]">SPI3_IRQHandler</a> from startup_stm32f427xx.o(.text) referenced from startup_stm32f427xx.o(RESET)
 <LI><a href="#[5e]">SPI4_IRQHandler</a> from startup_stm32f427xx.o(.text) referenced from startup_stm32f427xx.o(RESET)
 <LI><a href="#[5f]">SPI5_IRQHandler</a> from startup_stm32f427xx.o(.text) referenced from startup_stm32f427xx.o(RESET)
 <LI><a href="#[60]">SPI6_IRQHandler</a> from startup_stm32f427xx.o(.text) referenced from startup_stm32f427xx.o(RESET)
 <LI><a href="#[7]">SVC_Handler</a> from port.o(.emb_text) referenced from startup_stm32f427xx.o(RESET)
 <LI><a href="#[a]">SysTick_Handler</a> from freertos_middleware.o(i.SysTick_Handler) referenced from startup_stm32f427xx.o(RESET)
 <LI><a href="#[64]">SystemInit</a> from system_stm32f4xx.o(i.SystemInit) referenced from startup_stm32f427xx.o(.text)
 <LI><a href="#[d]">TAMP_STAMP_IRQHandler</a> from startup_stm32f427xx.o(.text) referenced from startup_stm32f427xx.o(RESET)
 <LI><a href="#[23]">TIM1_BRK_TIM9_IRQHandler</a> from startup_stm32f427xx.o(.text) referenced from startup_stm32f427xx.o(RESET)
 <LI><a href="#[26]">TIM1_CC_IRQHandler</a> from startup_stm32f427xx.o(.text) referenced from startup_stm32f427xx.o(RESET)
 <LI><a href="#[25]">TIM1_TRG_COM_TIM11_IRQHandler</a> from startup_stm32f427xx.o(.text) referenced from startup_stm32f427xx.o(RESET)
 <LI><a href="#[24]">TIM1_UP_TIM10_IRQHandler</a> from startup_stm32f427xx.o(.text) referenced from startup_stm32f427xx.o(RESET)
 <LI><a href="#[27]">TIM2_IRQHandler</a> from startup_stm32f427xx.o(.text) referenced from startup_stm32f427xx.o(RESET)
 <LI><a href="#[28]">TIM3_IRQHandler</a> from freertos_middleware.o(i.TIM3_IRQHandler) referenced from startup_stm32f427xx.o(RESET)
 <LI><a href="#[29]">TIM4_IRQHandler</a> from startup_stm32f427xx.o(.text) referenced from startup_stm32f427xx.o(RESET)
 <LI><a href="#[3d]">TIM5_IRQHandler</a> from startup_stm32f427xx.o(.text) referenced from startup_stm32f427xx.o(RESET)
 <LI><a href="#[41]">TIM6_DAC_IRQHandler</a> from startup_stm32f427xx.o(.text) referenced from startup_stm32f427xx.o(RESET)
 <LI><a href="#[42]">TIM7_IRQHandler</a> from startup_stm32f427xx.o(.text) referenced from startup_stm32f427xx.o(RESET)
 <LI><a href="#[36]">TIM8_BRK_TIM12_IRQHandler</a> from startup_stm32f427xx.o(.text) referenced from startup_stm32f427xx.o(RESET)
 <LI><a href="#[39]">TIM8_CC_IRQHandler</a> from startup_stm32f427xx.o(.text) referenced from startup_stm32f427xx.o(RESET)
 <LI><a href="#[38]">TIM8_TRG_COM_TIM14_IRQHandler</a> from startup_stm32f427xx.o(.text) referenced from startup_stm32f427xx.o(RESET)
 <LI><a href="#[37]">TIM8_UP_TIM13_IRQHandler</a> from startup_stm32f427xx.o(.text) referenced from startup_stm32f427xx.o(RESET)
 <LI><a href="#[3f]">UART4_IRQHandler</a> from startup_stm32f427xx.o(.text) referenced from startup_stm32f427xx.o(RESET)
 <LI><a href="#[40]">UART5_IRQHandler</a> from startup_stm32f427xx.o(.text) referenced from startup_stm32f427xx.o(RESET)
 <LI><a href="#[5c]">UART7_IRQHandler</a> from gyroscope.o(i.UART7_IRQHandler) referenced from startup_stm32f427xx.o(RESET)
 <LI><a href="#[5d]">UART8_IRQHandler</a> from startup_stm32f427xx.o(.text) referenced from startup_stm32f427xx.o(RESET)
 <LI><a href="#[30]">USART1_IRQHandler</a> from remote_control.o(i.USART1_IRQHandler) referenced from startup_stm32f427xx.o(RESET)
 <LI><a href="#[31]">USART2_IRQHandler</a> from startup_stm32f427xx.o(.text) referenced from startup_stm32f427xx.o(RESET)
 <LI><a href="#[32]">USART3_IRQHandler</a> from startup_stm32f427xx.o(.text) referenced from startup_stm32f427xx.o(RESET)
 <LI><a href="#[52]">USART6_IRQHandler</a> from startup_stm32f427xx.o(.text) referenced from startup_stm32f427xx.o(RESET)
 <LI><a href="#[6]">UsageFault_Handler</a> from stm32f4xx_it.o(i.UsageFault_Handler) referenced from startup_stm32f427xx.o(RESET)
 <LI><a href="#[b]">WWDG_IRQHandler</a> from startup_stm32f427xx.o(.text) referenced from startup_stm32f427xx.o(RESET)
 <LI><a href="#[65]">__main</a> from entry.o(.ARM.Collect$$$$00000000) referenced from startup_stm32f427xx.o(.text)
 <LI><a href="#[69]">chassis_task</a> from chassis_task.o(i.chassis_task) referenced from start_task.o(i.start_task)
 <LI><a href="#[6a]">detect_task</a> from detect_task.o(i.detect_task) referenced from start_task.o(i.start_task)
 <LI><a href="#[68]">gimbal_task</a> from gimbal_task.o(i.gimbal_task) referenced from start_task.o(i.start_task)
 <LI><a href="#[63]">main</a> from main.o(i.main) referenced from entry9a.o(.ARM.Collect$$$$0000000B)
 <LI><a href="#[6c]">prvIdleTask</a> from tasks.o(i.prvIdleTask) referenced from tasks.o(i.vTaskStartScheduler)
 <LI><a href="#[67]">prvTaskExitError</a> from port.o(i.prvTaskExitError) referenced from port.o(i.pxPortInitialiseStack)
 <LI><a href="#[6d]">prvTimerTask</a> from timers.o(i.prvTimerTask) referenced from timers.o(i.xTimerCreateTimerTask)
 <LI><a href="#[66]">start_task</a> from start_task.o(i.start_task) referenced from start_task.o(i.Create_MyTask)
 <LI><a href="#[6b]">user_task</a> from user_task.o(i.user_task) referenced from start_task.o(i.start_task)
</UL>
<P>
<H3>
Global Symbols
</H3>
<P><STRONG><a name="[65]"></a>__main</STRONG> (Thumb, 0 bytes, Stack size unknown bytes, entry.o(.ARM.Collect$$$$00000000))
<BR>[Address Reference Count : 1]<UL><LI> startup_stm32f427xx.o(.text)
</UL>
<P><STRONG><a name="[13d]"></a>_main_stk</STRONG> (Thumb, 0 bytes, Stack size unknown bytes, entry2.o(.ARM.Collect$$$$00000001))

<P><STRONG><a name="[6e]"></a>_main_scatterload</STRONG> (Thumb, 0 bytes, Stack size unknown bytes, entry5.o(.ARM.Collect$$$$00000004))
<BR><BR>[Calls]<UL><LI><a href="#[6f]">&gt;&gt;</a>&nbsp;&nbsp;&nbsp;__scatterload
</UL>

<P><STRONG><a name="[80]"></a>__main_after_scatterload</STRONG> (Thumb, 0 bytes, Stack size unknown bytes, entry5.o(.ARM.Collect$$$$00000004))
<BR><BR>[Called By]<UL><LI><a href="#[6f]">&gt;&gt;</a>&nbsp;&nbsp;&nbsp;__scatterload
</UL>

<P><STRONG><a name="[13e]"></a>_main_clock</STRONG> (Thumb, 0 bytes, Stack size unknown bytes, entry7b.o(.ARM.Collect$$$$00000008))

<P><STRONG><a name="[13f]"></a>_main_cpp_init</STRONG> (Thumb, 0 bytes, Stack size unknown bytes, entry8b.o(.ARM.Collect$$$$0000000A))

<P><STRONG><a name="[140]"></a>_main_init</STRONG> (Thumb, 0 bytes, Stack size unknown bytes, entry9a.o(.ARM.Collect$$$$0000000B))

<P><STRONG><a name="[141]"></a>__rt_final_cpp</STRONG> (Thumb, 0 bytes, Stack size unknown bytes, entry10a.o(.ARM.Collect$$$$0000000D))

<P><STRONG><a name="[142]"></a>__rt_final_exit</STRONG> (Thumb, 0 bytes, Stack size unknown bytes, entry11a.o(.ARM.Collect$$$$0000000F))

<P><STRONG><a name="[7]"></a>SVC_Handler</STRONG> (Thumb, 28 bytes, Stack size 0 bytes, port.o(.emb_text))
<BR>[Address Reference Count : 1]<UL><LI> startup_stm32f427xx.o(RESET)
</UL>
<P><STRONG><a name="[135]"></a>__asm___6_port_c_39a90d8d__prvStartFirstTask</STRONG> (Thumb, 28 bytes, Stack size 0 bytes, port.o(.emb_text))
<BR><BR>[Called By]<UL><LI><a href="#[132]">&gt;&gt;</a>&nbsp;&nbsp;&nbsp;xPortStartScheduler
</UL>

<P><STRONG><a name="[134]"></a>__asm___6_port_c_39a90d8d__prvEnableVFP</STRONG> (Thumb, 16 bytes, Stack size 0 bytes, port.o(.emb_text))
<BR><BR>[Called By]<UL><LI><a href="#[132]">&gt;&gt;</a>&nbsp;&nbsp;&nbsp;xPortStartScheduler
</UL>

<P><STRONG><a name="[9]"></a>PendSV_Handler</STRONG> (Thumb, 88 bytes, Stack size 0 bytes, port.o(.emb_text))
<BR><BR>[Calls]<UL><LI><a href="#[70]">&gt;&gt;</a>&nbsp;&nbsp;&nbsp;vTaskSwitchContext
</UL>
<BR>[Address Reference Count : 1]<UL><LI> startup_stm32f427xx.o(RESET)
</UL>
<P><STRONG><a name="[12c]"></a>vPortGetIPSR</STRONG> (Thumb, 6 bytes, Stack size 0 bytes, port.o(.emb_text))
<BR><BR>[Called By]<UL><LI><a href="#[12b]">&gt;&gt;</a>&nbsp;&nbsp;&nbsp;vPortValidateInterruptPriority
</UL>

<P><STRONG><a name="[1]"></a>Reset_Handler</STRONG> (Thumb, 18 bytes, Stack size 0 bytes, startup_stm32f427xx.o(.text))
<BR>[Address Reference Count : 1]<UL><LI> startup_stm32f427xx.o(RESET)
</UL>
<P><STRONG><a name="[1d]"></a>ADC_IRQHandler</STRONG> (Thumb, 0 bytes, Stack size 0 bytes, startup_stm32f427xx.o(.text))
<BR><BR>[Calls]<UL><LI><a href="#[1d]">&gt;&gt;</a>&nbsp;&nbsp;&nbsp;ADC_IRQHandler
</UL>
<BR>[Called By]<UL><LI><a href="#[1d]">&gt;&gt;</a>&nbsp;&nbsp;&nbsp;ADC_IRQHandler
</UL>
<BR>[Address Reference Count : 1]<UL><LI> startup_stm32f427xx.o(RESET)
</UL>
<P><STRONG><a name="[20]"></a>CAN1_RX1_IRQHandler</STRONG> (Thumb, 0 bytes, Stack size 0 bytes, startup_stm32f427xx.o(.text))
<BR>[Address Reference Count : 1]<UL><LI> startup_stm32f427xx.o(RESET)
</UL>
<P><STRONG><a name="[21]"></a>CAN1_SCE_IRQHandler</STRONG> (Thumb, 0 bytes, Stack size 0 bytes, startup_stm32f427xx.o(.text))
<BR>[Address Reference Count : 1]<UL><LI> startup_stm32f427xx.o(RESET)
</UL>
<P><STRONG><a name="[1e]"></a>CAN1_TX_IRQHandler</STRONG> (Thumb, 0 bytes, Stack size 0 bytes, startup_stm32f427xx.o(.text))
<BR>[Address Reference Count : 1]<UL><LI> startup_stm32f427xx.o(RESET)
</UL>
<P><STRONG><a name="[4c]"></a>CAN2_RX1_IRQHandler</STRONG> (Thumb, 0 bytes, Stack size 0 bytes, startup_stm32f427xx.o(.text))
<BR>[Address Reference Count : 1]<UL><LI> startup_stm32f427xx.o(RESET)
</UL>
<P><STRONG><a name="[4d]"></a>CAN2_SCE_IRQHandler</STRONG> (Thumb, 0 bytes, Stack size 0 bytes, startup_stm32f427xx.o(.text))
<BR>[Address Reference Count : 1]<UL><LI> startup_stm32f427xx.o(RESET)
</UL>
<P><STRONG><a name="[4a]"></a>CAN2_TX_IRQHandler</STRONG> (Thumb, 0 bytes, Stack size 0 bytes, startup_stm32f427xx.o(.text))
<BR>[Address Reference Count : 1]<UL><LI> startup_stm32f427xx.o(RESET)
</UL>
<P><STRONG><a name="[59]"></a>DCMI_IRQHandler</STRONG> (Thumb, 0 bytes, Stack size 0 bytes, startup_stm32f427xx.o(.text))
<BR>[Address Reference Count : 1]<UL><LI> startup_stm32f427xx.o(RESET)
</UL>
<P><STRONG><a name="[16]"></a>DMA1_Stream0_IRQHandler</STRONG> (Thumb, 0 bytes, Stack size 0 bytes, startup_stm32f427xx.o(.text))
<BR>[Address Reference Count : 1]<UL><LI> startup_stm32f427xx.o(RESET)
</UL>
<P><STRONG><a name="[17]"></a>DMA1_Stream1_IRQHandler</STRONG> (Thumb, 0 bytes, Stack size 0 bytes, startup_stm32f427xx.o(.text))
<BR>[Address Reference Count : 1]<UL><LI> startup_stm32f427xx.o(RESET)
</UL>
<P><STRONG><a name="[18]"></a>DMA1_Stream2_IRQHandler</STRONG> (Thumb, 0 bytes, Stack size 0 bytes, startup_stm32f427xx.o(.text))
<BR>[Address Reference Count : 1]<UL><LI> startup_stm32f427xx.o(RESET)
</UL>
<P><STRONG><a name="[19]"></a>DMA1_Stream3_IRQHandler</STRONG> (Thumb, 0 bytes, Stack size 0 bytes, startup_stm32f427xx.o(.text))
<BR>[Address Reference Count : 1]<UL><LI> startup_stm32f427xx.o(RESET)
</UL>
<P><STRONG><a name="[1a]"></a>DMA1_Stream4_IRQHandler</STRONG> (Thumb, 0 bytes, Stack size 0 bytes, startup_stm32f427xx.o(.text))
<BR>[Address Reference Count : 1]<UL><LI> startup_stm32f427xx.o(RESET)
</UL>
<P><STRONG><a name="[1b]"></a>DMA1_Stream5_IRQHandler</STRONG> (Thumb, 0 bytes, Stack size 0 bytes, startup_stm32f427xx.o(.text))
<BR>[Address Reference Count : 1]<UL><LI> startup_stm32f427xx.o(RESET)
</UL>
<P><STRONG><a name="[1c]"></a>DMA1_Stream6_IRQHandler</STRONG> (Thumb, 0 bytes, Stack size 0 bytes, startup_stm32f427xx.o(.text))
<BR>[Address Reference Count : 1]<UL><LI> startup_stm32f427xx.o(RESET)
</UL>
<P><STRONG><a name="[3a]"></a>DMA1_Stream7_IRQHandler</STRONG> (Thumb, 0 bytes, Stack size 0 bytes, startup_stm32f427xx.o(.text))
<BR>[Address Reference Count : 1]<UL><LI> startup_stm32f427xx.o(RESET)
</UL>
<P><STRONG><a name="[62]"></a>DMA2D_IRQHandler</STRONG> (Thumb, 0 bytes, Stack size 0 bytes, startup_stm32f427xx.o(.text))
<BR>[Address Reference Count : 1]<UL><LI> startup_stm32f427xx.o(RESET)
</UL>
<P><STRONG><a name="[43]"></a>DMA2_Stream0_IRQHandler</STRONG> (Thumb, 0 bytes, Stack size 0 bytes, startup_stm32f427xx.o(.text))
<BR>[Address Reference Count : 1]<UL><LI> startup_stm32f427xx.o(RESET)
</UL>
<P><STRONG><a name="[44]"></a>DMA2_Stream1_IRQHandler</STRONG> (Thumb, 0 bytes, Stack size 0 bytes, startup_stm32f427xx.o(.text))
<BR>[Address Reference Count : 1]<UL><LI> startup_stm32f427xx.o(RESET)
</UL>
<P><STRONG><a name="[45]"></a>DMA2_Stream2_IRQHandler</STRONG> (Thumb, 0 bytes, Stack size 0 bytes, startup_stm32f427xx.o(.text))
<BR>[Address Reference Count : 1]<UL><LI> startup_stm32f427xx.o(RESET)
</UL>
<P><STRONG><a name="[46]"></a>DMA2_Stream3_IRQHandler</STRONG> (Thumb, 0 bytes, Stack size 0 bytes, startup_stm32f427xx.o(.text))
<BR>[Address Reference Count : 1]<UL><LI> startup_stm32f427xx.o(RESET)
</UL>
<P><STRONG><a name="[47]"></a>DMA2_Stream4_IRQHandler</STRONG> (Thumb, 0 bytes, Stack size 0 bytes, startup_stm32f427xx.o(.text))
<BR>[Address Reference Count : 1]<UL><LI> startup_stm32f427xx.o(RESET)
</UL>
<P><STRONG><a name="[4f]"></a>DMA2_Stream5_IRQHandler</STRONG> (Thumb, 0 bytes, Stack size 0 bytes, startup_stm32f427xx.o(.text))
<BR>[Address Reference Count : 1]<UL><LI> startup_stm32f427xx.o(RESET)
</UL>
<P><STRONG><a name="[50]"></a>DMA2_Stream6_IRQHandler</STRONG> (Thumb, 0 bytes, Stack size 0 bytes, startup_stm32f427xx.o(.text))
<BR>[Address Reference Count : 1]<UL><LI> startup_stm32f427xx.o(RESET)
</UL>
<P><STRONG><a name="[51]"></a>DMA2_Stream7_IRQHandler</STRONG> (Thumb, 0 bytes, Stack size 0 bytes, startup_stm32f427xx.o(.text))
<BR>[Address Reference Count : 1]<UL><LI> startup_stm32f427xx.o(RESET)
</UL>
<P><STRONG><a name="[48]"></a>ETH_IRQHandler</STRONG> (Thumb, 0 bytes, Stack size 0 bytes, startup_stm32f427xx.o(.text))
<BR>[Address Reference Count : 1]<UL><LI> startup_stm32f427xx.o(RESET)
</UL>
<P><STRONG><a name="[49]"></a>ETH_WKUP_IRQHandler</STRONG> (Thumb, 0 bytes, Stack size 0 bytes, startup_stm32f427xx.o(.text))
<BR>[Address Reference Count : 1]<UL><LI> startup_stm32f427xx.o(RESET)
</UL>
<P><STRONG><a name="[11]"></a>EXTI0_IRQHandler</STRONG> (Thumb, 0 bytes, Stack size 0 bytes, startup_stm32f427xx.o(.text))
<BR>[Address Reference Count : 1]<UL><LI> startup_stm32f427xx.o(RESET)
</UL>
<P><STRONG><a name="[33]"></a>EXTI15_10_IRQHandler</STRONG> (Thumb, 0 bytes, Stack size 0 bytes, startup_stm32f427xx.o(.text))
<BR>[Address Reference Count : 1]<UL><LI> startup_stm32f427xx.o(RESET)
</UL>
<P><STRONG><a name="[12]"></a>EXTI1_IRQHandler</STRONG> (Thumb, 0 bytes, Stack size 0 bytes, startup_stm32f427xx.o(.text))
<BR>[Address Reference Count : 1]<UL><LI> startup_stm32f427xx.o(RESET)
</UL>
<P><STRONG><a name="[13]"></a>EXTI2_IRQHandler</STRONG> (Thumb, 0 bytes, Stack size 0 bytes, startup_stm32f427xx.o(.text))
<BR>[Address Reference Count : 1]<UL><LI> startup_stm32f427xx.o(RESET)
</UL>
<P><STRONG><a name="[14]"></a>EXTI3_IRQHandler</STRONG> (Thumb, 0 bytes, Stack size 0 bytes, startup_stm32f427xx.o(.text))
<BR>[Address Reference Count : 1]<UL><LI> startup_stm32f427xx.o(RESET)
</UL>
<P><STRONG><a name="[15]"></a>EXTI4_IRQHandler</STRONG> (Thumb, 0 bytes, Stack size 0 bytes, startup_stm32f427xx.o(.text))
<BR>[Address Reference Count : 1]<UL><LI> startup_stm32f427xx.o(RESET)
</UL>
<P><STRONG><a name="[22]"></a>EXTI9_5_IRQHandler</STRONG> (Thumb, 0 bytes, Stack size 0 bytes, startup_stm32f427xx.o(.text))
<BR>[Address Reference Count : 1]<UL><LI> startup_stm32f427xx.o(RESET)
</UL>
<P><STRONG><a name="[f]"></a>FLASH_IRQHandler</STRONG> (Thumb, 0 bytes, Stack size 0 bytes, startup_stm32f427xx.o(.text))
<BR>[Address Reference Count : 1]<UL><LI> startup_stm32f427xx.o(RESET)
</UL>
<P><STRONG><a name="[3b]"></a>FMC_IRQHandler</STRONG> (Thumb, 0 bytes, Stack size 0 bytes, startup_stm32f427xx.o(.text))
<BR>[Address Reference Count : 1]<UL><LI> startup_stm32f427xx.o(RESET)
</UL>
<P><STRONG><a name="[5b]"></a>FPU_IRQHandler</STRONG> (Thumb, 0 bytes, Stack size 0 bytes, startup_stm32f427xx.o(.text))
<BR>[Address Reference Count : 1]<UL><LI> startup_stm32f427xx.o(RESET)
</UL>
<P><STRONG><a name="[5a]"></a>HASH_RNG_IRQHandler</STRONG> (Thumb, 0 bytes, Stack size 0 bytes, startup_stm32f427xx.o(.text))
<BR>[Address Reference Count : 1]<UL><LI> startup_stm32f427xx.o(RESET)
</UL>
<P><STRONG><a name="[2b]"></a>I2C1_ER_IRQHandler</STRONG> (Thumb, 0 bytes, Stack size 0 bytes, startup_stm32f427xx.o(.text))
<BR>[Address Reference Count : 1]<UL><LI> startup_stm32f427xx.o(RESET)
</UL>
<P><STRONG><a name="[2a]"></a>I2C1_EV_IRQHandler</STRONG> (Thumb, 0 bytes, Stack size 0 bytes, startup_stm32f427xx.o(.text))
<BR>[Address Reference Count : 1]<UL><LI> startup_stm32f427xx.o(RESET)
</UL>
<P><STRONG><a name="[2d]"></a>I2C2_ER_IRQHandler</STRONG> (Thumb, 0 bytes, Stack size 0 bytes, startup_stm32f427xx.o(.text))
<BR>[Address Reference Count : 1]<UL><LI> startup_stm32f427xx.o(RESET)
</UL>
<P><STRONG><a name="[2c]"></a>I2C2_EV_IRQHandler</STRONG> (Thumb, 0 bytes, Stack size 0 bytes, startup_stm32f427xx.o(.text))
<BR>[Address Reference Count : 1]<UL><LI> startup_stm32f427xx.o(RESET)
</UL>
<P><STRONG><a name="[54]"></a>I2C3_ER_IRQHandler</STRONG> (Thumb, 0 bytes, Stack size 0 bytes, startup_stm32f427xx.o(.text))
<BR>[Address Reference Count : 1]<UL><LI> startup_stm32f427xx.o(RESET)
</UL>
<P><STRONG><a name="[53]"></a>I2C3_EV_IRQHandler</STRONG> (Thumb, 0 bytes, Stack size 0 bytes, startup_stm32f427xx.o(.text))
<BR>[Address Reference Count : 1]<UL><LI> startup_stm32f427xx.o(RESET)
</UL>
<P><STRONG><a name="[4e]"></a>OTG_FS_IRQHandler</STRONG> (Thumb, 0 bytes, Stack size 0 bytes, startup_stm32f427xx.o(.text))
<BR>[Address Reference Count : 1]<UL><LI> startup_stm32f427xx.o(RESET)
</UL>
<P><STRONG><a name="[35]"></a>OTG_FS_WKUP_IRQHandler</STRONG> (Thumb, 0 bytes, Stack size 0 bytes, startup_stm32f427xx.o(.text))
<BR>[Address Reference Count : 1]<UL><LI> startup_stm32f427xx.o(RESET)
</UL>
<P><STRONG><a name="[56]"></a>OTG_HS_EP1_IN_IRQHandler</STRONG> (Thumb, 0 bytes, Stack size 0 bytes, startup_stm32f427xx.o(.text))
<BR>[Address Reference Count : 1]<UL><LI> startup_stm32f427xx.o(RESET)
</UL>
<P><STRONG><a name="[55]"></a>OTG_HS_EP1_OUT_IRQHandler</STRONG> (Thumb, 0 bytes, Stack size 0 bytes, startup_stm32f427xx.o(.text))
<BR>[Address Reference Count : 1]<UL><LI> startup_stm32f427xx.o(RESET)
</UL>
<P><STRONG><a name="[58]"></a>OTG_HS_IRQHandler</STRONG> (Thumb, 0 bytes, Stack size 0 bytes, startup_stm32f427xx.o(.text))
<BR>[Address Reference Count : 1]<UL><LI> startup_stm32f427xx.o(RESET)
</UL>
<P><STRONG><a name="[57]"></a>OTG_HS_WKUP_IRQHandler</STRONG> (Thumb, 0 bytes, Stack size 0 bytes, startup_stm32f427xx.o(.text))
<BR>[Address Reference Count : 1]<UL><LI> startup_stm32f427xx.o(RESET)
</UL>
<P><STRONG><a name="[c]"></a>PVD_IRQHandler</STRONG> (Thumb, 0 bytes, Stack size 0 bytes, startup_stm32f427xx.o(.text))
<BR>[Address Reference Count : 1]<UL><LI> startup_stm32f427xx.o(RESET)
</UL>
<P><STRONG><a name="[10]"></a>RCC_IRQHandler</STRONG> (Thumb, 0 bytes, Stack size 0 bytes, startup_stm32f427xx.o(.text))
<BR>[Address Reference Count : 1]<UL><LI> startup_stm32f427xx.o(RESET)
</UL>
<P><STRONG><a name="[34]"></a>RTC_Alarm_IRQHandler</STRONG> (Thumb, 0 bytes, Stack size 0 bytes, startup_stm32f427xx.o(.text))
<BR>[Address Reference Count : 1]<UL><LI> startup_stm32f427xx.o(RESET)
</UL>
<P><STRONG><a name="[e]"></a>RTC_WKUP_IRQHandler</STRONG> (Thumb, 0 bytes, Stack size 0 bytes, startup_stm32f427xx.o(.text))
<BR>[Address Reference Count : 1]<UL><LI> startup_stm32f427xx.o(RESET)
</UL>
<P><STRONG><a name="[61]"></a>SAI1_IRQHandler</STRONG> (Thumb, 0 bytes, Stack size 0 bytes, startup_stm32f427xx.o(.text))
<BR>[Address Reference Count : 1]<UL><LI> startup_stm32f427xx.o(RESET)
</UL>
<P><STRONG><a name="[3c]"></a>SDIO_IRQHandler</STRONG> (Thumb, 0 bytes, Stack size 0 bytes, startup_stm32f427xx.o(.text))
<BR>[Address Reference Count : 1]<UL><LI> startup_stm32f427xx.o(RESET)
</UL>
<P><STRONG><a name="[2e]"></a>SPI1_IRQHandler</STRONG> (Thumb, 0 bytes, Stack size 0 bytes, startup_stm32f427xx.o(.text))
<BR>[Address Reference Count : 1]<UL><LI> startup_stm32f427xx.o(RESET)
</UL>
<P><STRONG><a name="[2f]"></a>SPI2_IRQHandler</STRONG> (Thumb, 0 bytes, Stack size 0 bytes, startup_stm32f427xx.o(.text))
<BR>[Address Reference Count : 1]<UL><LI> startup_stm32f427xx.o(RESET)
</UL>
<P><STRONG><a name="[3e]"></a>SPI3_IRQHandler</STRONG> (Thumb, 0 bytes, Stack size 0 bytes, startup_stm32f427xx.o(.text))
<BR>[Address Reference Count : 1]<UL><LI> startup_stm32f427xx.o(RESET)
</UL>
<P><STRONG><a name="[5e]"></a>SPI4_IRQHandler</STRONG> (Thumb, 0 bytes, Stack size 0 bytes, startup_stm32f427xx.o(.text))
<BR>[Address Reference Count : 1]<UL><LI> startup_stm32f427xx.o(RESET)
</UL>
<P><STRONG><a name="[5f]"></a>SPI5_IRQHandler</STRONG> (Thumb, 0 bytes, Stack size 0 bytes, startup_stm32f427xx.o(.text))
<BR>[Address Reference Count : 1]<UL><LI> startup_stm32f427xx.o(RESET)
</UL>
<P><STRONG><a name="[60]"></a>SPI6_IRQHandler</STRONG> (Thumb, 0 bytes, Stack size 0 bytes, startup_stm32f427xx.o(.text))
<BR>[Address Reference Count : 1]<UL><LI> startup_stm32f427xx.o(RESET)
</UL>
<P><STRONG><a name="[d]"></a>TAMP_STAMP_IRQHandler</STRONG> (Thumb, 0 bytes, Stack size 0 bytes, startup_stm32f427xx.o(.text))
<BR>[Address Reference Count : 1]<UL><LI> startup_stm32f427xx.o(RESET)
</UL>
<P><STRONG><a name="[23]"></a>TIM1_BRK_TIM9_IRQHandler</STRONG> (Thumb, 0 bytes, Stack size 0 bytes, startup_stm32f427xx.o(.text))
<BR>[Address Reference Count : 1]<UL><LI> startup_stm32f427xx.o(RESET)
</UL>
<P><STRONG><a name="[26]"></a>TIM1_CC_IRQHandler</STRONG> (Thumb, 0 bytes, Stack size 0 bytes, startup_stm32f427xx.o(.text))
<BR>[Address Reference Count : 1]<UL><LI> startup_stm32f427xx.o(RESET)
</UL>
<P><STRONG><a name="[25]"></a>TIM1_TRG_COM_TIM11_IRQHandler</STRONG> (Thumb, 0 bytes, Stack size 0 bytes, startup_stm32f427xx.o(.text))
<BR>[Address Reference Count : 1]<UL><LI> startup_stm32f427xx.o(RESET)
</UL>
<P><STRONG><a name="[24]"></a>TIM1_UP_TIM10_IRQHandler</STRONG> (Thumb, 0 bytes, Stack size 0 bytes, startup_stm32f427xx.o(.text))
<BR>[Address Reference Count : 1]<UL><LI> startup_stm32f427xx.o(RESET)
</UL>
<P><STRONG><a name="[27]"></a>TIM2_IRQHandler</STRONG> (Thumb, 0 bytes, Stack size 0 bytes, startup_stm32f427xx.o(.text))
<BR>[Address Reference Count : 1]<UL><LI> startup_stm32f427xx.o(RESET)
</UL>
<P><STRONG><a name="[29]"></a>TIM4_IRQHandler</STRONG> (Thumb, 0 bytes, Stack size 0 bytes, startup_stm32f427xx.o(.text))
<BR>[Address Reference Count : 1]<UL><LI> startup_stm32f427xx.o(RESET)
</UL>
<P><STRONG><a name="[3d]"></a>TIM5_IRQHandler</STRONG> (Thumb, 0 bytes, Stack size 0 bytes, startup_stm32f427xx.o(.text))
<BR>[Address Reference Count : 1]<UL><LI> startup_stm32f427xx.o(RESET)
</UL>
<P><STRONG><a name="[41]"></a>TIM6_DAC_IRQHandler</STRONG> (Thumb, 0 bytes, Stack size 0 bytes, startup_stm32f427xx.o(.text))
<BR>[Address Reference Count : 1]<UL><LI> startup_stm32f427xx.o(RESET)
</UL>
<P><STRONG><a name="[42]"></a>TIM7_IRQHandler</STRONG> (Thumb, 0 bytes, Stack size 0 bytes, startup_stm32f427xx.o(.text))
<BR>[Address Reference Count : 1]<UL><LI> startup_stm32f427xx.o(RESET)
</UL>
<P><STRONG><a name="[36]"></a>TIM8_BRK_TIM12_IRQHandler</STRONG> (Thumb, 0 bytes, Stack size 0 bytes, startup_stm32f427xx.o(.text))
<BR>[Address Reference Count : 1]<UL><LI> startup_stm32f427xx.o(RESET)
</UL>
<P><STRONG><a name="[39]"></a>TIM8_CC_IRQHandler</STRONG> (Thumb, 0 bytes, Stack size 0 bytes, startup_stm32f427xx.o(.text))
<BR>[Address Reference Count : 1]<UL><LI> startup_stm32f427xx.o(RESET)
</UL>
<P><STRONG><a name="[38]"></a>TIM8_TRG_COM_TIM14_IRQHandler</STRONG> (Thumb, 0 bytes, Stack size 0 bytes, startup_stm32f427xx.o(.text))
<BR>[Address Reference Count : 1]<UL><LI> startup_stm32f427xx.o(RESET)
</UL>
<P><STRONG><a name="[37]"></a>TIM8_UP_TIM13_IRQHandler</STRONG> (Thumb, 0 bytes, Stack size 0 bytes, startup_stm32f427xx.o(.text))
<BR>[Address Reference Count : 1]<UL><LI> startup_stm32f427xx.o(RESET)
</UL>
<P><STRONG><a name="[3f]"></a>UART4_IRQHandler</STRONG> (Thumb, 0 bytes, Stack size 0 bytes, startup_stm32f427xx.o(.text))
<BR>[Address Reference Count : 1]<UL><LI> startup_stm32f427xx.o(RESET)
</UL>
<P><STRONG><a name="[40]"></a>UART5_IRQHandler</STRONG> (Thumb, 0 bytes, Stack size 0 bytes, startup_stm32f427xx.o(.text))
<BR>[Address Reference Count : 1]<UL><LI> startup_stm32f427xx.o(RESET)
</UL>
<P><STRONG><a name="[5d]"></a>UART8_IRQHandler</STRONG> (Thumb, 0 bytes, Stack size 0 bytes, startup_stm32f427xx.o(.text))
<BR>[Address Reference Count : 1]<UL><LI> startup_stm32f427xx.o(RESET)
</UL>
<P><STRONG><a name="[31]"></a>USART2_IRQHandler</STRONG> (Thumb, 0 bytes, Stack size 0 bytes, startup_stm32f427xx.o(.text))
<BR>[Address Reference Count : 1]<UL><LI> startup_stm32f427xx.o(RESET)
</UL>
<P><STRONG><a name="[32]"></a>USART3_IRQHandler</STRONG> (Thumb, 0 bytes, Stack size 0 bytes, startup_stm32f427xx.o(.text))
<BR>[Address Reference Count : 1]<UL><LI> startup_stm32f427xx.o(RESET)
</UL>
<P><STRONG><a name="[52]"></a>USART6_IRQHandler</STRONG> (Thumb, 0 bytes, Stack size 0 bytes, startup_stm32f427xx.o(.text))
<BR>[Address Reference Count : 1]<UL><LI> startup_stm32f427xx.o(RESET)
</UL>
<P><STRONG><a name="[b]"></a>WWDG_IRQHandler</STRONG> (Thumb, 0 bytes, Stack size 0 bytes, startup_stm32f427xx.o(.text))
<BR>[Address Reference Count : 1]<UL><LI> startup_stm32f427xx.o(RESET)
</UL>
<P><STRONG><a name="[f3]"></a>arm_cos_f32</STRONG> (Thumb, 108 bytes, Stack size 0 bytes, arm_cos_f32.o(.text))
<BR><BR>[Called By]<UL><LI><a href="#[f1]">&gt;&gt;</a>&nbsp;&nbsp;&nbsp;chassis_set_contorl
</UL>

<P><STRONG><a name="[f4]"></a>arm_sin_f32</STRONG> (Thumb, 104 bytes, Stack size 0 bytes, arm_sin_f32.o(.text))
<BR><BR>[Called By]<UL><LI><a href="#[f1]">&gt;&gt;</a>&nbsp;&nbsp;&nbsp;chassis_set_contorl
</UL>

<P><STRONG><a name="[113]"></a>__aeabi_memcpy</STRONG> (Thumb, 36 bytes, Stack size 0 bytes, memcpya.o(.text))
<BR><BR>[Called By]<UL><LI><a href="#[114]">&gt;&gt;</a>&nbsp;&nbsp;&nbsp;prvCopyDataToQueue
<LI><a href="#[112]">&gt;&gt;</a>&nbsp;&nbsp;&nbsp;prvCopyDataFromQueue
</UL>

<P><STRONG><a name="[a1]"></a>__aeabi_memcpy4</STRONG> (Thumb, 0 bytes, Stack size 0 bytes, memcpya.o(.text))
<BR><BR>[Called By]<UL><LI><a href="#[a0]">&gt;&gt;</a>&nbsp;&nbsp;&nbsp;DetectInit
</UL>

<P><STRONG><a name="[143]"></a>__aeabi_memcpy8</STRONG> (Thumb, 0 bytes, Stack size 0 bytes, memcpya.o(.text), UNUSED)

<P><STRONG><a name="[72]"></a>__aeabi_memset</STRONG> (Thumb, 14 bytes, Stack size 0 bytes, memseta.o(.text))
<BR><BR>[Called By]<UL><LI><a href="#[117]">&gt;&gt;</a>&nbsp;&nbsp;&nbsp;prvInitialiseNewTask
<LI><a href="#[73]">&gt;&gt;</a>&nbsp;&nbsp;&nbsp;_memset$wrapper
<LI><a href="#[71]">&gt;&gt;</a>&nbsp;&nbsp;&nbsp;__aeabi_memclr
</UL>

<P><STRONG><a name="[144]"></a>__aeabi_memset4</STRONG> (Thumb, 0 bytes, Stack size 0 bytes, memseta.o(.text), UNUSED)

<P><STRONG><a name="[145]"></a>__aeabi_memset8</STRONG> (Thumb, 0 bytes, Stack size 0 bytes, memseta.o(.text), UNUSED)

<P><STRONG><a name="[71]"></a>__aeabi_memclr</STRONG> (Thumb, 4 bytes, Stack size 0 bytes, memseta.o(.text), UNUSED)
<BR><BR>[Calls]<UL><LI><a href="#[72]">&gt;&gt;</a>&nbsp;&nbsp;&nbsp;__aeabi_memset
</UL>

<P><STRONG><a name="[146]"></a>__aeabi_memclr4</STRONG> (Thumb, 0 bytes, Stack size 0 bytes, memseta.o(.text), UNUSED)

<P><STRONG><a name="[147]"></a>__aeabi_memclr8</STRONG> (Thumb, 0 bytes, Stack size 0 bytes, memseta.o(.text), UNUSED)

<P><STRONG><a name="[73]"></a>_memset$wrapper</STRONG> (Thumb, 18 bytes, Stack size 8 bytes, memseta.o(.text), UNUSED)
<BR><BR>[Calls]<UL><LI><a href="#[72]">&gt;&gt;</a>&nbsp;&nbsp;&nbsp;__aeabi_memset
</UL>

<P><STRONG><a name="[74]"></a>__aeabi_dadd</STRONG> (Thumb, 322 bytes, Stack size 48 bytes, dadd.o(.text))
<BR><BR>[Stack]<UL><LI>Max Depth = 88<LI>Call Chain = __aeabi_dadd &rArr; _double_epilogue &rArr; _double_round
</UL>
<BR>[Calls]<UL><LI><a href="#[76]">&gt;&gt;</a>&nbsp;&nbsp;&nbsp;__aeabi_lasr
<LI><a href="#[75]">&gt;&gt;</a>&nbsp;&nbsp;&nbsp;__aeabi_llsl
<LI><a href="#[78]">&gt;&gt;</a>&nbsp;&nbsp;&nbsp;_double_round
<LI><a href="#[77]">&gt;&gt;</a>&nbsp;&nbsp;&nbsp;_double_epilogue
</UL>
<BR>[Called By]<UL><LI><a href="#[f1]">&gt;&gt;</a>&nbsp;&nbsp;&nbsp;chassis_set_contorl
<LI><a href="#[79]">&gt;&gt;</a>&nbsp;&nbsp;&nbsp;__aeabi_dsub
<LI><a href="#[7a]">&gt;&gt;</a>&nbsp;&nbsp;&nbsp;__aeabi_drsub
<LI><a href="#[da]">&gt;&gt;</a>&nbsp;&nbsp;&nbsp;__kernel_poly
<LI><a href="#[dc]">&gt;&gt;</a>&nbsp;&nbsp;&nbsp;__mathlib_dbl_infnan2
<LI><a href="#[d6]">&gt;&gt;</a>&nbsp;&nbsp;&nbsp;__mathlib_dbl_infnan
<LI><a href="#[d5]">&gt;&gt;</a>&nbsp;&nbsp;&nbsp;__hardfp_atan
</UL>

<P><STRONG><a name="[79]"></a>__aeabi_dsub</STRONG> (Thumb, 6 bytes, Stack size 0 bytes, dadd.o(.text))
<BR><BR>[Stack]<UL><LI>Max Depth = 88<LI>Call Chain = __aeabi_dsub &rArr; __aeabi_dadd &rArr; _double_epilogue &rArr; _double_round
</UL>
<BR>[Calls]<UL><LI><a href="#[74]">&gt;&gt;</a>&nbsp;&nbsp;&nbsp;__aeabi_dadd
</UL>
<BR>[Called By]<UL><LI><a href="#[db]">&gt;&gt;</a>&nbsp;&nbsp;&nbsp;__hardfp_atan2
<LI><a href="#[d5]">&gt;&gt;</a>&nbsp;&nbsp;&nbsp;__hardfp_atan
</UL>

<P><STRONG><a name="[7a]"></a>__aeabi_drsub</STRONG> (Thumb, 6 bytes, Stack size 0 bytes, dadd.o(.text))
<BR><BR>[Stack]<UL><LI>Max Depth = 88<LI>Call Chain = __aeabi_drsub &rArr; __aeabi_dadd &rArr; _double_epilogue &rArr; _double_round
</UL>
<BR>[Calls]<UL><LI><a href="#[74]">&gt;&gt;</a>&nbsp;&nbsp;&nbsp;__aeabi_dadd
</UL>
<BR>[Called By]<UL><LI><a href="#[db]">&gt;&gt;</a>&nbsp;&nbsp;&nbsp;__hardfp_atan2
<LI><a href="#[d5]">&gt;&gt;</a>&nbsp;&nbsp;&nbsp;__hardfp_atan
</UL>

<P><STRONG><a name="[f2]"></a>__aeabi_f2d</STRONG> (Thumb, 38 bytes, Stack size 0 bytes, f2d.o(.text))
<BR><BR>[Called By]<UL><LI><a href="#[f1]">&gt;&gt;</a>&nbsp;&nbsp;&nbsp;chassis_set_contorl
</UL>

<P><STRONG><a name="[7b]"></a>__aeabi_d2f</STRONG> (Thumb, 56 bytes, Stack size 8 bytes, d2f.o(.text))
<BR><BR>[Stack]<UL><LI>Max Depth = 8<LI>Call Chain = __aeabi_d2f
</UL>
<BR>[Calls]<UL><LI><a href="#[7c]">&gt;&gt;</a>&nbsp;&nbsp;&nbsp;_float_round
</UL>
<BR>[Called By]<UL><LI><a href="#[f1]">&gt;&gt;</a>&nbsp;&nbsp;&nbsp;chassis_set_contorl
</UL>

<P><STRONG><a name="[75]"></a>__aeabi_llsl</STRONG> (Thumb, 30 bytes, Stack size 0 bytes, llshl.o(.text))
<BR><BR>[Called By]<UL><LI><a href="#[74]">&gt;&gt;</a>&nbsp;&nbsp;&nbsp;__aeabi_dadd
<LI><a href="#[77]">&gt;&gt;</a>&nbsp;&nbsp;&nbsp;_double_epilogue
</UL>

<P><STRONG><a name="[148]"></a>_ll_shift_l</STRONG> (Thumb, 0 bytes, Stack size 0 bytes, llshl.o(.text), UNUSED)

<P><STRONG><a name="[76]"></a>__aeabi_lasr</STRONG> (Thumb, 36 bytes, Stack size 0 bytes, llsshr.o(.text))
<BR><BR>[Called By]<UL><LI><a href="#[74]">&gt;&gt;</a>&nbsp;&nbsp;&nbsp;__aeabi_dadd
</UL>

<P><STRONG><a name="[149]"></a>_ll_sshift_r</STRONG> (Thumb, 0 bytes, Stack size 0 bytes, llsshr.o(.text), UNUSED)

<P><STRONG><a name="[14a]"></a>__I$use$fp</STRONG> (Thumb, 0 bytes, Stack size 0 bytes, iusefp.o(.text), UNUSED)

<P><STRONG><a name="[7c]"></a>_float_round</STRONG> (Thumb, 18 bytes, Stack size 0 bytes, fepilogue.o(.text))
<BR><BR>[Called By]<UL><LI><a href="#[7b]">&gt;&gt;</a>&nbsp;&nbsp;&nbsp;__aeabi_d2f
</UL>

<P><STRONG><a name="[14b]"></a>_float_epilogue</STRONG> (Thumb, 92 bytes, Stack size 4 bytes, fepilogue.o(.text), UNUSED)

<P><STRONG><a name="[78]"></a>_double_round</STRONG> (Thumb, 30 bytes, Stack size 8 bytes, depilogue.o(.text))
<BR><BR>[Stack]<UL><LI>Max Depth = 8<LI>Call Chain = _double_round
</UL>
<BR>[Called By]<UL><LI><a href="#[74]">&gt;&gt;</a>&nbsp;&nbsp;&nbsp;__aeabi_dadd
<LI><a href="#[7f]">&gt;&gt;</a>&nbsp;&nbsp;&nbsp;__aeabi_ddiv
<LI><a href="#[77]">&gt;&gt;</a>&nbsp;&nbsp;&nbsp;_double_epilogue
</UL>

<P><STRONG><a name="[77]"></a>_double_epilogue</STRONG> (Thumb, 156 bytes, Stack size 32 bytes, depilogue.o(.text))
<BR><BR>[Stack]<UL><LI>Max Depth = 40<LI>Call Chain = _double_epilogue &rArr; _double_round
</UL>
<BR>[Calls]<UL><LI><a href="#[7d]">&gt;&gt;</a>&nbsp;&nbsp;&nbsp;__aeabi_llsr
<LI><a href="#[75]">&gt;&gt;</a>&nbsp;&nbsp;&nbsp;__aeabi_llsl
<LI><a href="#[78]">&gt;&gt;</a>&nbsp;&nbsp;&nbsp;_double_round
</UL>
<BR>[Called By]<UL><LI><a href="#[74]">&gt;&gt;</a>&nbsp;&nbsp;&nbsp;__aeabi_dadd
<LI><a href="#[7e]">&gt;&gt;</a>&nbsp;&nbsp;&nbsp;__aeabi_dmul
</UL>

<P><STRONG><a name="[7e]"></a>__aeabi_dmul</STRONG> (Thumb, 228 bytes, Stack size 48 bytes, dmul.o(.text))
<BR><BR>[Stack]<UL><LI>Max Depth = 88<LI>Call Chain = __aeabi_dmul &rArr; _double_epilogue &rArr; _double_round
</UL>
<BR>[Calls]<UL><LI><a href="#[77]">&gt;&gt;</a>&nbsp;&nbsp;&nbsp;_double_epilogue
</UL>
<BR>[Called By]<UL><LI><a href="#[da]">&gt;&gt;</a>&nbsp;&nbsp;&nbsp;__kernel_poly
<LI><a href="#[d8]">&gt;&gt;</a>&nbsp;&nbsp;&nbsp;__mathlib_dbl_underflow
<LI><a href="#[d5]">&gt;&gt;</a>&nbsp;&nbsp;&nbsp;__hardfp_atan
</UL>

<P><STRONG><a name="[7f]"></a>__aeabi_ddiv</STRONG> (Thumb, 222 bytes, Stack size 32 bytes, ddiv.o(.text))
<BR><BR>[Stack]<UL><LI>Max Depth = 40<LI>Call Chain = __aeabi_ddiv &rArr; _double_round
</UL>
<BR>[Calls]<UL><LI><a href="#[78]">&gt;&gt;</a>&nbsp;&nbsp;&nbsp;_double_round
</UL>
<BR>[Called By]<UL><LI><a href="#[db]">&gt;&gt;</a>&nbsp;&nbsp;&nbsp;__hardfp_atan2
<LI><a href="#[d5]">&gt;&gt;</a>&nbsp;&nbsp;&nbsp;__hardfp_atan
</UL>

<P><STRONG><a name="[6f]"></a>__scatterload</STRONG> (Thumb, 28 bytes, Stack size 0 bytes, init.o(.text))
<BR><BR>[Calls]<UL><LI><a href="#[80]">&gt;&gt;</a>&nbsp;&nbsp;&nbsp;__main_after_scatterload
</UL>
<BR>[Called By]<UL><LI><a href="#[6e]">&gt;&gt;</a>&nbsp;&nbsp;&nbsp;_main_scatterload
</UL>

<P><STRONG><a name="[14c]"></a>__scatterload_rt2</STRONG> (Thumb, 0 bytes, Stack size 0 bytes, init.o(.text), UNUSED)

<P><STRONG><a name="[7d]"></a>__aeabi_llsr</STRONG> (Thumb, 32 bytes, Stack size 0 bytes, llushr.o(.text))
<BR><BR>[Called By]<UL><LI><a href="#[77]">&gt;&gt;</a>&nbsp;&nbsp;&nbsp;_double_epilogue
</UL>

<P><STRONG><a name="[14d]"></a>_ll_ushift_r</STRONG> (Thumb, 0 bytes, Stack size 0 bytes, llushr.o(.text), UNUSED)

<P><STRONG><a name="[5]"></a>BusFault_Handler</STRONG> (Thumb, 2 bytes, Stack size 0 bytes, stm32f4xx_it.o(i.BusFault_Handler))
<BR><BR>[Calls]<UL><LI><a href="#[5]">&gt;&gt;</a>&nbsp;&nbsp;&nbsp;BusFault_Handler
</UL>
<BR>[Called By]<UL><LI><a href="#[5]">&gt;&gt;</a>&nbsp;&nbsp;&nbsp;BusFault_Handler
</UL>
<BR>[Address Reference Count : 1]<UL><LI> startup_stm32f427xx.o(RESET)
</UL>
<P><STRONG><a name="[1f]"></a>CAN1_RX0_IRQHandler</STRONG> (Thumb, 46 bytes, Stack size 8 bytes, can_receive.o(i.CAN1_RX0_IRQHandler))
<BR><BR>[Stack]<UL><LI>Max Depth = 24<LI>Call Chain = CAN1_RX0_IRQHandler &rArr; CAN1_hook &rArr; DetectHook
</UL>
<BR>[Calls]<UL><LI><a href="#[83]">&gt;&gt;</a>&nbsp;&nbsp;&nbsp;CAN_Receive
<LI><a href="#[81]">&gt;&gt;</a>&nbsp;&nbsp;&nbsp;CAN_GetITStatus
<LI><a href="#[82]">&gt;&gt;</a>&nbsp;&nbsp;&nbsp;CAN_ClearITPendingBit
<LI><a href="#[84]">&gt;&gt;</a>&nbsp;&nbsp;&nbsp;CAN1_hook
</UL>
<BR>[Address Reference Count : 1]<UL><LI> startup_stm32f427xx.o(RESET)
</UL>
<P><STRONG><a name="[86]"></a>CAN1_mode_init</STRONG> (Thumb, 234 bytes, Stack size 80 bytes, can.o(i.CAN1_mode_init))
<BR><BR>[Stack]<UL><LI>Max Depth = 100<LI>Call Chain = CAN1_mode_init &rArr; CAN_FilterInit
</UL>
<BR>[Calls]<UL><LI><a href="#[8f]">&gt;&gt;</a>&nbsp;&nbsp;&nbsp;NVIC_Init
<LI><a href="#[89]">&gt;&gt;</a>&nbsp;&nbsp;&nbsp;RCC_APB1PeriphResetCmd
<LI><a href="#[8c]">&gt;&gt;</a>&nbsp;&nbsp;&nbsp;CAN_Init
<LI><a href="#[8e]">&gt;&gt;</a>&nbsp;&nbsp;&nbsp;CAN_ITConfig
<LI><a href="#[8d]">&gt;&gt;</a>&nbsp;&nbsp;&nbsp;CAN_FilterInit
<LI><a href="#[8b]">&gt;&gt;</a>&nbsp;&nbsp;&nbsp;GPIO_PinAFConfig
<LI><a href="#[8a]">&gt;&gt;</a>&nbsp;&nbsp;&nbsp;GPIO_Init
<LI><a href="#[88]">&gt;&gt;</a>&nbsp;&nbsp;&nbsp;RCC_APB1PeriphClockCmd
<LI><a href="#[87]">&gt;&gt;</a>&nbsp;&nbsp;&nbsp;RCC_AHB1PeriphClockCmd
</UL>
<BR>[Called By]<UL><LI><a href="#[c0]">&gt;&gt;</a>&nbsp;&nbsp;&nbsp;Program_Init
</UL>

<P><STRONG><a name="[4b]"></a>CAN2_RX0_IRQHandler</STRONG> (Thumb, 46 bytes, Stack size 8 bytes, can_receive.o(i.CAN2_RX0_IRQHandler))
<BR><BR>[Stack]<UL><LI>Max Depth = 20<LI>Call Chain = CAN2_RX0_IRQHandler &rArr; CAN_ClearITPendingBit
</UL>
<BR>[Calls]<UL><LI><a href="#[83]">&gt;&gt;</a>&nbsp;&nbsp;&nbsp;CAN_Receive
<LI><a href="#[81]">&gt;&gt;</a>&nbsp;&nbsp;&nbsp;CAN_GetITStatus
<LI><a href="#[82]">&gt;&gt;</a>&nbsp;&nbsp;&nbsp;CAN_ClearITPendingBit
<LI><a href="#[90]">&gt;&gt;</a>&nbsp;&nbsp;&nbsp;CAN2_hook
</UL>
<BR>[Address Reference Count : 1]<UL><LI> startup_stm32f427xx.o(RESET)
</UL>
<P><STRONG><a name="[91]"></a>CAN2_mode_init</STRONG> (Thumb, 240 bytes, Stack size 80 bytes, can.o(i.CAN2_mode_init))
<BR><BR>[Stack]<UL><LI>Max Depth = 100<LI>Call Chain = CAN2_mode_init &rArr; CAN_FilterInit
</UL>
<BR>[Calls]<UL><LI><a href="#[8f]">&gt;&gt;</a>&nbsp;&nbsp;&nbsp;NVIC_Init
<LI><a href="#[89]">&gt;&gt;</a>&nbsp;&nbsp;&nbsp;RCC_APB1PeriphResetCmd
<LI><a href="#[8c]">&gt;&gt;</a>&nbsp;&nbsp;&nbsp;CAN_Init
<LI><a href="#[8e]">&gt;&gt;</a>&nbsp;&nbsp;&nbsp;CAN_ITConfig
<LI><a href="#[8d]">&gt;&gt;</a>&nbsp;&nbsp;&nbsp;CAN_FilterInit
<LI><a href="#[8b]">&gt;&gt;</a>&nbsp;&nbsp;&nbsp;GPIO_PinAFConfig
<LI><a href="#[8a]">&gt;&gt;</a>&nbsp;&nbsp;&nbsp;GPIO_Init
<LI><a href="#[88]">&gt;&gt;</a>&nbsp;&nbsp;&nbsp;RCC_APB1PeriphClockCmd
<LI><a href="#[87]">&gt;&gt;</a>&nbsp;&nbsp;&nbsp;RCC_AHB1PeriphClockCmd
</UL>
<BR>[Called By]<UL><LI><a href="#[c0]">&gt;&gt;</a>&nbsp;&nbsp;&nbsp;Program_Init
</UL>

<P><STRONG><a name="[92]"></a>CAN_CMD_CHASSIS</STRONG> (Thumb, 76 bytes, Stack size 32 bytes, can_receive.o(i.CAN_CMD_CHASSIS))
<BR><BR>[Stack]<UL><LI>Max Depth = 44<LI>Call Chain = CAN_CMD_CHASSIS &rArr; CAN_Transmit
</UL>
<BR>[Calls]<UL><LI><a href="#[93]">&gt;&gt;</a>&nbsp;&nbsp;&nbsp;CAN_Transmit
</UL>
<BR>[Called By]<UL><LI><a href="#[69]">&gt;&gt;</a>&nbsp;&nbsp;&nbsp;chassis_task
</UL>

<P><STRONG><a name="[94]"></a>CAN_CMD_GIMBAL</STRONG> (Thumb, 78 bytes, Stack size 32 bytes, can_receive.o(i.CAN_CMD_GIMBAL))
<BR><BR>[Stack]<UL><LI>Max Depth = 44<LI>Call Chain = CAN_CMD_GIMBAL &rArr; CAN_Transmit
</UL>
<BR>[Calls]<UL><LI><a href="#[93]">&gt;&gt;</a>&nbsp;&nbsp;&nbsp;CAN_Transmit
</UL>
<BR>[Called By]<UL><LI><a href="#[68]">&gt;&gt;</a>&nbsp;&nbsp;&nbsp;gimbal_task
</UL>

<P><STRONG><a name="[82]"></a>CAN_ClearITPendingBit</STRONG> (Thumb, 116 bytes, Stack size 12 bytes, stm32f4xx_can.o(i.CAN_ClearITPendingBit))
<BR><BR>[Stack]<UL><LI>Max Depth = 12<LI>Call Chain = CAN_ClearITPendingBit
</UL>
<BR>[Called By]<UL><LI><a href="#[4b]">&gt;&gt;</a>&nbsp;&nbsp;&nbsp;CAN2_RX0_IRQHandler
<LI><a href="#[1f]">&gt;&gt;</a>&nbsp;&nbsp;&nbsp;CAN1_RX0_IRQHandler
</UL>

<P><STRONG><a name="[8d]"></a>CAN_FilterInit</STRONG> (Thumb, 194 bytes, Stack size 20 bytes, stm32f4xx_can.o(i.CAN_FilterInit))
<BR><BR>[Stack]<UL><LI>Max Depth = 20<LI>Call Chain = CAN_FilterInit
</UL>
<BR>[Called By]<UL><LI><a href="#[91]">&gt;&gt;</a>&nbsp;&nbsp;&nbsp;CAN2_mode_init
<LI><a href="#[86]">&gt;&gt;</a>&nbsp;&nbsp;&nbsp;CAN1_mode_init
</UL>

<P><STRONG><a name="[81]"></a>CAN_GetITStatus</STRONG> (Thumb, 162 bytes, Stack size 0 bytes, stm32f4xx_can.o(i.CAN_GetITStatus))
<BR><BR>[Calls]<UL><LI><a href="#[95]">&gt;&gt;</a>&nbsp;&nbsp;&nbsp;CheckITStatus
</UL>
<BR>[Called By]<UL><LI><a href="#[4b]">&gt;&gt;</a>&nbsp;&nbsp;&nbsp;CAN2_RX0_IRQHandler
<LI><a href="#[1f]">&gt;&gt;</a>&nbsp;&nbsp;&nbsp;CAN1_RX0_IRQHandler
</UL>

<P><STRONG><a name="[8e]"></a>CAN_ITConfig</STRONG> (Thumb, 16 bytes, Stack size 0 bytes, stm32f4xx_can.o(i.CAN_ITConfig))
<BR><BR>[Called By]<UL><LI><a href="#[91]">&gt;&gt;</a>&nbsp;&nbsp;&nbsp;CAN2_mode_init
<LI><a href="#[86]">&gt;&gt;</a>&nbsp;&nbsp;&nbsp;CAN1_mode_init
</UL>

<P><STRONG><a name="[8c]"></a>CAN_Init</STRONG> (Thumb, 232 bytes, Stack size 8 bytes, stm32f4xx_can.o(i.CAN_Init))
<BR><BR>[Stack]<UL><LI>Max Depth = 8<LI>Call Chain = CAN_Init
</UL>
<BR>[Called By]<UL><LI><a href="#[91]">&gt;&gt;</a>&nbsp;&nbsp;&nbsp;CAN2_mode_init
<LI><a href="#[86]">&gt;&gt;</a>&nbsp;&nbsp;&nbsp;CAN1_mode_init
</UL>

<P><STRONG><a name="[83]"></a>CAN_Receive</STRONG> (Thumb, 144 bytes, Stack size 8 bytes, stm32f4xx_can.o(i.CAN_Receive))
<BR><BR>[Stack]<UL><LI>Max Depth = 8<LI>Call Chain = CAN_Receive
</UL>
<BR>[Called By]<UL><LI><a href="#[4b]">&gt;&gt;</a>&nbsp;&nbsp;&nbsp;CAN2_RX0_IRQHandler
<LI><a href="#[1f]">&gt;&gt;</a>&nbsp;&nbsp;&nbsp;CAN1_RX0_IRQHandler
</UL>

<P><STRONG><a name="[93]"></a>CAN_Transmit</STRONG> (Thumb, 164 bytes, Stack size 12 bytes, stm32f4xx_can.o(i.CAN_Transmit))
<BR><BR>[Stack]<UL><LI>Max Depth = 12<LI>Call Chain = CAN_Transmit
</UL>
<BR>[Called By]<UL><LI><a href="#[94]">&gt;&gt;</a>&nbsp;&nbsp;&nbsp;CAN_CMD_GIMBAL
<LI><a href="#[92]">&gt;&gt;</a>&nbsp;&nbsp;&nbsp;CAN_CMD_CHASSIS
</UL>

<P><STRONG><a name="[e6]"></a>CHASSIS_PID_Calc</STRONG> (Thumb, 368 bytes, Stack size 8 bytes, chassis_task.o(i.CHASSIS_PID_Calc))
<BR><BR>[Stack]<UL><LI>Max Depth = 8<LI>Call Chain = CHASSIS_PID_Calc
</UL>
<BR>[Called By]<UL><LI><a href="#[e4]">&gt;&gt;</a>&nbsp;&nbsp;&nbsp;chassis_behaviour_control_set
<LI><a href="#[e9]">&gt;&gt;</a>&nbsp;&nbsp;&nbsp;chassis_control_loop
</UL>

<P><STRONG><a name="[96]"></a>Create_MyTask</STRONG> (Thumb, 24 bytes, Stack size 16 bytes, start_task.o(i.Create_MyTask))
<BR><BR>[Stack]<UL><LI>Max Depth = 152<LI>Call Chain = Create_MyTask &rArr; xTaskCreate &rArr; pvPortMalloc &rArr; xTaskResumeAll &rArr; xTaskIncrementTick
</UL>
<BR>[Calls]<UL><LI><a href="#[97]">&gt;&gt;</a>&nbsp;&nbsp;&nbsp;xTaskCreate
</UL>
<BR>[Called By]<UL><LI><a href="#[63]">&gt;&gt;</a>&nbsp;&nbsp;&nbsp;main
</UL>

<P><STRONG><a name="[bf]"></a>DMA_Cmd</STRONG> (Thumb, 20 bytes, Stack size 0 bytes, stm32f4xx_dma.o(i.DMA_Cmd))
<BR><BR>[Called By]<UL><LI><a href="#[5c]">&gt;&gt;</a>&nbsp;&nbsp;&nbsp;UART7_IRQHandler
<LI><a href="#[b4]">&gt;&gt;</a>&nbsp;&nbsp;&nbsp;MPU6050_UartDMA_Init
<LI><a href="#[30]">&gt;&gt;</a>&nbsp;&nbsp;&nbsp;USART1_IRQHandler
<LI><a href="#[c7]">&gt;&gt;</a>&nbsp;&nbsp;&nbsp;RC_init
</UL>

<P><STRONG><a name="[bb]"></a>DMA_DeInit</STRONG> (Thumb, 272 bytes, Stack size 28 bytes, stm32f4xx_dma.o(i.DMA_DeInit))
<BR><BR>[Stack]<UL><LI>Max Depth = 28<LI>Call Chain = DMA_DeInit
</UL>
<BR>[Called By]<UL><LI><a href="#[b4]">&gt;&gt;</a>&nbsp;&nbsp;&nbsp;MPU6050_UartDMA_Init
<LI><a href="#[c7]">&gt;&gt;</a>&nbsp;&nbsp;&nbsp;RC_init
</UL>

<P><STRONG><a name="[be]"></a>DMA_DoubleBufferModeCmd</STRONG> (Thumb, 20 bytes, Stack size 0 bytes, stm32f4xx_dma.o(i.DMA_DoubleBufferModeCmd))
<BR><BR>[Called By]<UL><LI><a href="#[b4]">&gt;&gt;</a>&nbsp;&nbsp;&nbsp;MPU6050_UartDMA_Init
<LI><a href="#[c7]">&gt;&gt;</a>&nbsp;&nbsp;&nbsp;RC_init
</UL>

<P><STRONG><a name="[bd]"></a>DMA_DoubleBufferModeConfig</STRONG> (Thumb, 22 bytes, Stack size 0 bytes, stm32f4xx_dma.o(i.DMA_DoubleBufferModeConfig))
<BR><BR>[Called By]<UL><LI><a href="#[b4]">&gt;&gt;</a>&nbsp;&nbsp;&nbsp;MPU6050_UartDMA_Init
<LI><a href="#[c7]">&gt;&gt;</a>&nbsp;&nbsp;&nbsp;RC_init
</UL>

<P><STRONG><a name="[d1]"></a>DMA_GetCurrDataCounter</STRONG> (Thumb, 6 bytes, Stack size 0 bytes, stm32f4xx_dma.o(i.DMA_GetCurrDataCounter))
<BR><BR>[Called By]<UL><LI><a href="#[5c]">&gt;&gt;</a>&nbsp;&nbsp;&nbsp;UART7_IRQHandler
<LI><a href="#[30]">&gt;&gt;</a>&nbsp;&nbsp;&nbsp;USART1_IRQHandler
</UL>

<P><STRONG><a name="[d0]"></a>DMA_GetCurrentMemoryTarget</STRONG> (Thumb, 14 bytes, Stack size 0 bytes, stm32f4xx_dma.o(i.DMA_GetCurrentMemoryTarget))
<BR><BR>[Called By]<UL><LI><a href="#[5c]">&gt;&gt;</a>&nbsp;&nbsp;&nbsp;UART7_IRQHandler
<LI><a href="#[30]">&gt;&gt;</a>&nbsp;&nbsp;&nbsp;USART1_IRQHandler
</UL>

<P><STRONG><a name="[bc]"></a>DMA_Init</STRONG> (Thumb, 80 bytes, Stack size 12 bytes, stm32f4xx_dma.o(i.DMA_Init))
<BR><BR>[Stack]<UL><LI>Max Depth = 12<LI>Call Chain = DMA_Init
</UL>
<BR>[Called By]<UL><LI><a href="#[b4]">&gt;&gt;</a>&nbsp;&nbsp;&nbsp;MPU6050_UartDMA_Init
<LI><a href="#[c7]">&gt;&gt;</a>&nbsp;&nbsp;&nbsp;RC_init
</UL>

<P><STRONG><a name="[d2]"></a>DMA_SetCurrDataCounter</STRONG> (Thumb, 4 bytes, Stack size 0 bytes, stm32f4xx_dma.o(i.DMA_SetCurrDataCounter))
<BR><BR>[Called By]<UL><LI><a href="#[5c]">&gt;&gt;</a>&nbsp;&nbsp;&nbsp;UART7_IRQHandler
<LI><a href="#[30]">&gt;&gt;</a>&nbsp;&nbsp;&nbsp;USART1_IRQHandler
</UL>

<P><STRONG><a name="[8]"></a>DebugMon_Handler</STRONG> (Thumb, 2 bytes, Stack size 0 bytes, stm32f4xx_it.o(i.DebugMon_Handler))
<BR>[Address Reference Count : 1]<UL><LI> startup_stm32f427xx.o(RESET)
</UL>
<P><STRONG><a name="[98]"></a>DetectDisplay</STRONG> (Thumb, 108 bytes, Stack size 16 bytes, detect_task.o(i.DetectDisplay))
<BR><BR>[Stack]<UL><LI>Max Depth = 16<LI>Call Chain = DetectDisplay
</UL>
<BR>[Calls]<UL><LI><a href="#[9e]">&gt;&gt;</a>&nbsp;&nbsp;&nbsp;buzzer_on
<LI><a href="#[9c]">&gt;&gt;</a>&nbsp;&nbsp;&nbsp;buzzer_off
<LI><a href="#[9d]">&gt;&gt;</a>&nbsp;&nbsp;&nbsp;led_red_toggle
<LI><a href="#[9b]">&gt;&gt;</a>&nbsp;&nbsp;&nbsp;led_red_off
<LI><a href="#[9a]">&gt;&gt;</a>&nbsp;&nbsp;&nbsp;flow_led_on
<LI><a href="#[99]">&gt;&gt;</a>&nbsp;&nbsp;&nbsp;flow_led_off
</UL>
<BR>[Called By]<UL><LI><a href="#[6a]">&gt;&gt;</a>&nbsp;&nbsp;&nbsp;detect_task
</UL>

<P><STRONG><a name="[85]"></a>DetectHook</STRONG> (Thumb, 38 bytes, Stack size 8 bytes, detect_task.o(i.DetectHook))
<BR><BR>[Stack]<UL><LI>Max Depth = 8<LI>Call Chain = DetectHook
</UL>
<BR>[Calls]<UL><LI><a href="#[9f]">&gt;&gt;</a>&nbsp;&nbsp;&nbsp;xTaskGetTickCount
</UL>
<BR>[Called By]<UL><LI><a href="#[30]">&gt;&gt;</a>&nbsp;&nbsp;&nbsp;USART1_IRQHandler
<LI><a href="#[90]">&gt;&gt;</a>&nbsp;&nbsp;&nbsp;CAN2_hook
<LI><a href="#[84]">&gt;&gt;</a>&nbsp;&nbsp;&nbsp;CAN1_hook
</UL>

<P><STRONG><a name="[a0]"></a>DetectInit</STRONG> (Thumb, 108 bytes, Stack size 88 bytes, detect_task.o(i.DetectInit))
<BR><BR>[Stack]<UL><LI>Max Depth = 88<LI>Call Chain = DetectInit
</UL>
<BR>[Calls]<UL><LI><a href="#[a1]">&gt;&gt;</a>&nbsp;&nbsp;&nbsp;__aeabi_memcpy4
</UL>
<BR>[Called By]<UL><LI><a href="#[6a]">&gt;&gt;</a>&nbsp;&nbsp;&nbsp;detect_task
</UL>

<P><STRONG><a name="[8a]"></a>GPIO_Init</STRONG> (Thumb, 162 bytes, Stack size 20 bytes, stm32f4xx_gpio.o(i.GPIO_Init))
<BR><BR>[Stack]<UL><LI>Max Depth = 20<LI>Call Chain = GPIO_Init
</UL>
<BR>[Called By]<UL><LI><a href="#[b4]">&gt;&gt;</a>&nbsp;&nbsp;&nbsp;MPU6050_UartDMA_Init
<LI><a href="#[c7]">&gt;&gt;</a>&nbsp;&nbsp;&nbsp;RC_init
<LI><a href="#[c3]">&gt;&gt;</a>&nbsp;&nbsp;&nbsp;buzzer_init
<LI><a href="#[b2]">&gt;&gt;</a>&nbsp;&nbsp;&nbsp;LED_init
<LI><a href="#[91]">&gt;&gt;</a>&nbsp;&nbsp;&nbsp;CAN2_mode_init
<LI><a href="#[86]">&gt;&gt;</a>&nbsp;&nbsp;&nbsp;CAN1_mode_init
</UL>

<P><STRONG><a name="[8b]"></a>GPIO_PinAFConfig</STRONG> (Thumb, 32 bytes, Stack size 8 bytes, stm32f4xx_gpio.o(i.GPIO_PinAFConfig))
<BR><BR>[Stack]<UL><LI>Max Depth = 8<LI>Call Chain = GPIO_PinAFConfig
</UL>
<BR>[Called By]<UL><LI><a href="#[b4]">&gt;&gt;</a>&nbsp;&nbsp;&nbsp;MPU6050_UartDMA_Init
<LI><a href="#[c7]">&gt;&gt;</a>&nbsp;&nbsp;&nbsp;RC_init
<LI><a href="#[c3]">&gt;&gt;</a>&nbsp;&nbsp;&nbsp;buzzer_init
<LI><a href="#[91]">&gt;&gt;</a>&nbsp;&nbsp;&nbsp;CAN2_mode_init
<LI><a href="#[86]">&gt;&gt;</a>&nbsp;&nbsp;&nbsp;CAN1_mode_init
</UL>

<P><STRONG><a name="[fa]"></a>GPIO_ResetBits</STRONG> (Thumb, 4 bytes, Stack size 0 bytes, stm32f4xx_gpio.o(i.GPIO_ResetBits))
<BR><BR>[Called By]<UL><LI><a href="#[9a]">&gt;&gt;</a>&nbsp;&nbsp;&nbsp;flow_led_on
</UL>

<P><STRONG><a name="[f9]"></a>GPIO_SetBits</STRONG> (Thumb, 4 bytes, Stack size 0 bytes, stm32f4xx_gpio.o(i.GPIO_SetBits))
<BR><BR>[Called By]<UL><LI><a href="#[9b]">&gt;&gt;</a>&nbsp;&nbsp;&nbsp;led_red_off
<LI><a href="#[b3]">&gt;&gt;</a>&nbsp;&nbsp;&nbsp;led_green_off
<LI><a href="#[99]">&gt;&gt;</a>&nbsp;&nbsp;&nbsp;flow_led_off
</UL>

<P><STRONG><a name="[101]"></a>GPIO_ToggleBits</STRONG> (Thumb, 8 bytes, Stack size 0 bytes, stm32f4xx_gpio.o(i.GPIO_ToggleBits))
<BR><BR>[Called By]<UL><LI><a href="#[9d]">&gt;&gt;</a>&nbsp;&nbsp;&nbsp;led_red_toggle
<LI><a href="#[100]">&gt;&gt;</a>&nbsp;&nbsp;&nbsp;led_green_toggle
</UL>

<P><STRONG><a name="[eb]"></a>Get_YAWmotor_relative_angle</STRONG> (Thumb, 12 bytes, Stack size 0 bytes, gimbal_task.o(i.Get_YAWmotor_relative_angle))
<BR><BR>[Called By]<UL><LI><a href="#[ea]">&gt;&gt;</a>&nbsp;&nbsp;&nbsp;chassis_feedback_update
</UL>

<P><STRONG><a name="[3]"></a>HardFault_Handler</STRONG> (Thumb, 2 bytes, Stack size 0 bytes, stm32f4xx_it.o(i.HardFault_Handler))
<BR><BR>[Calls]<UL><LI><a href="#[3]">&gt;&gt;</a>&nbsp;&nbsp;&nbsp;HardFault_Handler
</UL>
<BR>[Called By]<UL><LI><a href="#[3]">&gt;&gt;</a>&nbsp;&nbsp;&nbsp;HardFault_Handler
</UL>
<BR>[Address Reference Count : 1]<UL><LI> startup_stm32f427xx.o(RESET)
</UL>
<P><STRONG><a name="[b2]"></a>LED_init</STRONG> (Thumb, 90 bytes, Stack size 16 bytes, led.o(i.LED_init))
<BR><BR>[Stack]<UL><LI>Max Depth = 36<LI>Call Chain = LED_init &rArr; GPIO_Init
</UL>
<BR>[Calls]<UL><LI><a href="#[8a]">&gt;&gt;</a>&nbsp;&nbsp;&nbsp;GPIO_Init
<LI><a href="#[87]">&gt;&gt;</a>&nbsp;&nbsp;&nbsp;RCC_AHB1PeriphClockCmd
<LI><a href="#[9b]">&gt;&gt;</a>&nbsp;&nbsp;&nbsp;led_red_off
<LI><a href="#[b3]">&gt;&gt;</a>&nbsp;&nbsp;&nbsp;led_green_off
<LI><a href="#[99]">&gt;&gt;</a>&nbsp;&nbsp;&nbsp;flow_led_off
</UL>
<BR>[Called By]<UL><LI><a href="#[c0]">&gt;&gt;</a>&nbsp;&nbsp;&nbsp;Program_Init
</UL>

<P><STRONG><a name="[b4]"></a>MPU6050_UartDMA_Init</STRONG> (Thumb, 312 bytes, Stack size 88 bytes, gyroscope.o(i.MPU6050_UartDMA_Init))
<BR><BR>[Stack]<UL><LI>Max Depth = 136<LI>Call Chain = MPU6050_UartDMA_Init &rArr; USART_Init &rArr; RCC_GetClocksFreq
</UL>
<BR>[Calls]<UL><LI><a href="#[8f]">&gt;&gt;</a>&nbsp;&nbsp;&nbsp;NVIC_Init
<LI><a href="#[bc]">&gt;&gt;</a>&nbsp;&nbsp;&nbsp;DMA_Init
<LI><a href="#[bd]">&gt;&gt;</a>&nbsp;&nbsp;&nbsp;DMA_DoubleBufferModeConfig
<LI><a href="#[be]">&gt;&gt;</a>&nbsp;&nbsp;&nbsp;DMA_DoubleBufferModeCmd
<LI><a href="#[bb]">&gt;&gt;</a>&nbsp;&nbsp;&nbsp;DMA_DeInit
<LI><a href="#[bf]">&gt;&gt;</a>&nbsp;&nbsp;&nbsp;DMA_Cmd
<LI><a href="#[89]">&gt;&gt;</a>&nbsp;&nbsp;&nbsp;RCC_APB1PeriphResetCmd
<LI><a href="#[8b]">&gt;&gt;</a>&nbsp;&nbsp;&nbsp;GPIO_PinAFConfig
<LI><a href="#[8a]">&gt;&gt;</a>&nbsp;&nbsp;&nbsp;GPIO_Init
<LI><a href="#[88]">&gt;&gt;</a>&nbsp;&nbsp;&nbsp;RCC_APB1PeriphClockCmd
<LI><a href="#[87]">&gt;&gt;</a>&nbsp;&nbsp;&nbsp;RCC_AHB1PeriphClockCmd
<LI><a href="#[b6]">&gt;&gt;</a>&nbsp;&nbsp;&nbsp;USART_Init
<LI><a href="#[b9]">&gt;&gt;</a>&nbsp;&nbsp;&nbsp;USART_ITConfig
<LI><a href="#[b5]">&gt;&gt;</a>&nbsp;&nbsp;&nbsp;USART_DeInit
<LI><a href="#[b7]">&gt;&gt;</a>&nbsp;&nbsp;&nbsp;USART_DMACmd
<LI><a href="#[ba]">&gt;&gt;</a>&nbsp;&nbsp;&nbsp;USART_Cmd
<LI><a href="#[b8]">&gt;&gt;</a>&nbsp;&nbsp;&nbsp;USART_ClearFlag
</UL>
<BR>[Called By]<UL><LI><a href="#[c5]">&gt;&gt;</a>&nbsp;&nbsp;&nbsp;gyroscope_init
</UL>

<P><STRONG><a name="[4]"></a>MemManage_Handler</STRONG> (Thumb, 2 bytes, Stack size 0 bytes, stm32f4xx_it.o(i.MemManage_Handler))
<BR><BR>[Calls]<UL><LI><a href="#[4]">&gt;&gt;</a>&nbsp;&nbsp;&nbsp;MemManage_Handler
</UL>
<BR>[Called By]<UL><LI><a href="#[4]">&gt;&gt;</a>&nbsp;&nbsp;&nbsp;MemManage_Handler
</UL>
<BR>[Address Reference Count : 1]<UL><LI> startup_stm32f427xx.o(RESET)
</UL>
<P><STRONG><a name="[2]"></a>NMI_Handler</STRONG> (Thumb, 2 bytes, Stack size 0 bytes, stm32f4xx_it.o(i.NMI_Handler))
<BR>[Address Reference Count : 1]<UL><LI> startup_stm32f427xx.o(RESET)
</UL>
<P><STRONG><a name="[8f]"></a>NVIC_Init</STRONG> (Thumb, 96 bytes, Stack size 12 bytes, misc.o(i.NVIC_Init))
<BR><BR>[Stack]<UL><LI>Max Depth = 12<LI>Call Chain = NVIC_Init
</UL>
<BR>[Called By]<UL><LI><a href="#[b4]">&gt;&gt;</a>&nbsp;&nbsp;&nbsp;MPU6050_UartDMA_Init
<LI><a href="#[c7]">&gt;&gt;</a>&nbsp;&nbsp;&nbsp;RC_init
<LI><a href="#[91]">&gt;&gt;</a>&nbsp;&nbsp;&nbsp;CAN2_mode_init
<LI><a href="#[86]">&gt;&gt;</a>&nbsp;&nbsp;&nbsp;CAN1_mode_init
</UL>

<P><STRONG><a name="[c1]"></a>NVIC_PriorityGroupConfig</STRONG> (Thumb, 10 bytes, Stack size 0 bytes, misc.o(i.NVIC_PriorityGroupConfig))
<BR><BR>[Called By]<UL><LI><a href="#[c0]">&gt;&gt;</a>&nbsp;&nbsp;&nbsp;Program_Init
</UL>

<P><STRONG><a name="[c0]"></a>Program_Init</STRONG> (Thumb, 82 bytes, Stack size 16 bytes, main.o(i.Program_Init))
<BR><BR>[Stack]<UL><LI>Max Depth = 160<LI>Call Chain = Program_Init &rArr; remote_control_init &rArr; RC_init &rArr; USART_Init &rArr; RCC_GetClocksFreq
</UL>
<BR>[Calls]<UL><LI><a href="#[c1]">&gt;&gt;</a>&nbsp;&nbsp;&nbsp;NVIC_PriorityGroupConfig
<LI><a href="#[c6]">&gt;&gt;</a>&nbsp;&nbsp;&nbsp;remote_control_init
<LI><a href="#[c5]">&gt;&gt;</a>&nbsp;&nbsp;&nbsp;gyroscope_init
<LI><a href="#[c4]">&gt;&gt;</a>&nbsp;&nbsp;&nbsp;delay_ms
<LI><a href="#[c2]">&gt;&gt;</a>&nbsp;&nbsp;&nbsp;delay_init
<LI><a href="#[c3]">&gt;&gt;</a>&nbsp;&nbsp;&nbsp;buzzer_init
<LI><a href="#[b2]">&gt;&gt;</a>&nbsp;&nbsp;&nbsp;LED_init
<LI><a href="#[91]">&gt;&gt;</a>&nbsp;&nbsp;&nbsp;CAN2_mode_init
<LI><a href="#[86]">&gt;&gt;</a>&nbsp;&nbsp;&nbsp;CAN1_mode_init
</UL>
<BR>[Called By]<UL><LI><a href="#[63]">&gt;&gt;</a>&nbsp;&nbsp;&nbsp;main
</UL>

<P><STRONG><a name="[87]"></a>RCC_AHB1PeriphClockCmd</STRONG> (Thumb, 18 bytes, Stack size 0 bytes, stm32f4xx_rcc.o(i.RCC_AHB1PeriphClockCmd))
<BR><BR>[Called By]<UL><LI><a href="#[b4]">&gt;&gt;</a>&nbsp;&nbsp;&nbsp;MPU6050_UartDMA_Init
<LI><a href="#[c7]">&gt;&gt;</a>&nbsp;&nbsp;&nbsp;RC_init
<LI><a href="#[c3]">&gt;&gt;</a>&nbsp;&nbsp;&nbsp;buzzer_init
<LI><a href="#[b2]">&gt;&gt;</a>&nbsp;&nbsp;&nbsp;LED_init
<LI><a href="#[91]">&gt;&gt;</a>&nbsp;&nbsp;&nbsp;CAN2_mode_init
<LI><a href="#[86]">&gt;&gt;</a>&nbsp;&nbsp;&nbsp;CAN1_mode_init
</UL>

<P><STRONG><a name="[88]"></a>RCC_APB1PeriphClockCmd</STRONG> (Thumb, 18 bytes, Stack size 0 bytes, stm32f4xx_rcc.o(i.RCC_APB1PeriphClockCmd))
<BR><BR>[Called By]<UL><LI><a href="#[b4]">&gt;&gt;</a>&nbsp;&nbsp;&nbsp;MPU6050_UartDMA_Init
<LI><a href="#[c3]">&gt;&gt;</a>&nbsp;&nbsp;&nbsp;buzzer_init
<LI><a href="#[91]">&gt;&gt;</a>&nbsp;&nbsp;&nbsp;CAN2_mode_init
<LI><a href="#[86]">&gt;&gt;</a>&nbsp;&nbsp;&nbsp;CAN1_mode_init
</UL>

<P><STRONG><a name="[89]"></a>RCC_APB1PeriphResetCmd</STRONG> (Thumb, 18 bytes, Stack size 0 bytes, stm32f4xx_rcc.o(i.RCC_APB1PeriphResetCmd))
<BR><BR>[Called By]<UL><LI><a href="#[b5]">&gt;&gt;</a>&nbsp;&nbsp;&nbsp;USART_DeInit
<LI><a href="#[b4]">&gt;&gt;</a>&nbsp;&nbsp;&nbsp;MPU6050_UartDMA_Init
<LI><a href="#[c3]">&gt;&gt;</a>&nbsp;&nbsp;&nbsp;buzzer_init
<LI><a href="#[91]">&gt;&gt;</a>&nbsp;&nbsp;&nbsp;CAN2_mode_init
<LI><a href="#[86]">&gt;&gt;</a>&nbsp;&nbsp;&nbsp;CAN1_mode_init
</UL>

<P><STRONG><a name="[c8]"></a>RCC_APB2PeriphClockCmd</STRONG> (Thumb, 18 bytes, Stack size 0 bytes, stm32f4xx_rcc.o(i.RCC_APB2PeriphClockCmd))
<BR><BR>[Called By]<UL><LI><a href="#[c7]">&gt;&gt;</a>&nbsp;&nbsp;&nbsp;RC_init
</UL>

<P><STRONG><a name="[c9]"></a>RCC_APB2PeriphResetCmd</STRONG> (Thumb, 18 bytes, Stack size 0 bytes, stm32f4xx_rcc.o(i.RCC_APB2PeriphResetCmd))
<BR><BR>[Called By]<UL><LI><a href="#[b5]">&gt;&gt;</a>&nbsp;&nbsp;&nbsp;USART_DeInit
<LI><a href="#[c7]">&gt;&gt;</a>&nbsp;&nbsp;&nbsp;RC_init
</UL>

<P><STRONG><a name="[d4]"></a>RCC_GetClocksFreq</STRONG> (Thumb, 132 bytes, Stack size 16 bytes, stm32f4xx_rcc.o(i.RCC_GetClocksFreq))
<BR><BR>[Stack]<UL><LI>Max Depth = 16<LI>Call Chain = RCC_GetClocksFreq
</UL>
<BR>[Called By]<UL><LI><a href="#[b6]">&gt;&gt;</a>&nbsp;&nbsp;&nbsp;USART_Init
</UL>

<P><STRONG><a name="[c7]"></a>RC_init</STRONG> (Thumb, 296 bytes, Stack size 96 bytes, remote_control.o(i.RC_init))
<BR><BR>[Stack]<UL><LI>Max Depth = 144<LI>Call Chain = RC_init &rArr; USART_Init &rArr; RCC_GetClocksFreq
</UL>
<BR>[Calls]<UL><LI><a href="#[c9]">&gt;&gt;</a>&nbsp;&nbsp;&nbsp;RCC_APB2PeriphResetCmd
<LI><a href="#[8f]">&gt;&gt;</a>&nbsp;&nbsp;&nbsp;NVIC_Init
<LI><a href="#[bc]">&gt;&gt;</a>&nbsp;&nbsp;&nbsp;DMA_Init
<LI><a href="#[bd]">&gt;&gt;</a>&nbsp;&nbsp;&nbsp;DMA_DoubleBufferModeConfig
<LI><a href="#[be]">&gt;&gt;</a>&nbsp;&nbsp;&nbsp;DMA_DoubleBufferModeCmd
<LI><a href="#[bb]">&gt;&gt;</a>&nbsp;&nbsp;&nbsp;DMA_DeInit
<LI><a href="#[bf]">&gt;&gt;</a>&nbsp;&nbsp;&nbsp;DMA_Cmd
<LI><a href="#[8b]">&gt;&gt;</a>&nbsp;&nbsp;&nbsp;GPIO_PinAFConfig
<LI><a href="#[8a]">&gt;&gt;</a>&nbsp;&nbsp;&nbsp;GPIO_Init
<LI><a href="#[c8]">&gt;&gt;</a>&nbsp;&nbsp;&nbsp;RCC_APB2PeriphClockCmd
<LI><a href="#[87]">&gt;&gt;</a>&nbsp;&nbsp;&nbsp;RCC_AHB1PeriphClockCmd
<LI><a href="#[b6]">&gt;&gt;</a>&nbsp;&nbsp;&nbsp;USART_Init
<LI><a href="#[b9]">&gt;&gt;</a>&nbsp;&nbsp;&nbsp;USART_ITConfig
<LI><a href="#[b5]">&gt;&gt;</a>&nbsp;&nbsp;&nbsp;USART_DeInit
<LI><a href="#[b7]">&gt;&gt;</a>&nbsp;&nbsp;&nbsp;USART_DMACmd
<LI><a href="#[ba]">&gt;&gt;</a>&nbsp;&nbsp;&nbsp;USART_Cmd
<LI><a href="#[b8]">&gt;&gt;</a>&nbsp;&nbsp;&nbsp;USART_ClearFlag
</UL>
<BR>[Called By]<UL><LI><a href="#[c6]">&gt;&gt;</a>&nbsp;&nbsp;&nbsp;remote_control_init
</UL>

<P><STRONG><a name="[f8]"></a>SysTick_CLKSourceConfig</STRONG> (Thumb, 24 bytes, Stack size 0 bytes, misc.o(i.SysTick_CLKSourceConfig))
<BR><BR>[Called By]<UL><LI><a href="#[c2]">&gt;&gt;</a>&nbsp;&nbsp;&nbsp;delay_init
</UL>

<P><STRONG><a name="[a]"></a>SysTick_Handler</STRONG> (Thumb, 20 bytes, Stack size 8 bytes, freertos_middleware.o(i.SysTick_Handler))
<BR><BR>[Stack]<UL><LI>Max Depth = 40<LI>Call Chain = SysTick_Handler &rArr; xPortSysTickHandler &rArr; xTaskIncrementTick
</UL>
<BR>[Calls]<UL><LI><a href="#[ca]">&gt;&gt;</a>&nbsp;&nbsp;&nbsp;xTaskGetSchedulerState
<LI><a href="#[cb]">&gt;&gt;</a>&nbsp;&nbsp;&nbsp;xPortSysTickHandler
</UL>
<BR>[Address Reference Count : 1]<UL><LI> startup_stm32f427xx.o(RESET)
</UL>
<P><STRONG><a name="[64]"></a>SystemInit</STRONG> (Thumb, 74 bytes, Stack size 8 bytes, system_stm32f4xx.o(i.SystemInit))
<BR><BR>[Stack]<UL><LI>Max Depth = 24<LI>Call Chain = SystemInit &rArr; SetSysClock
</UL>
<BR>[Calls]<UL><LI><a href="#[cc]">&gt;&gt;</a>&nbsp;&nbsp;&nbsp;SetSysClock
</UL>
<BR>[Address Reference Count : 1]<UL><LI> startup_stm32f427xx.o(.text)
</UL>
<P><STRONG><a name="[28]"></a>TIM3_IRQHandler</STRONG> (Thumb, 42 bytes, Stack size 8 bytes, freertos_middleware.o(i.TIM3_IRQHandler))
<BR><BR>[Stack]<UL><LI>Max Depth = 8<LI>Call Chain = TIM3_IRQHandler
</UL>
<BR>[Calls]<UL><LI><a href="#[cd]">&gt;&gt;</a>&nbsp;&nbsp;&nbsp;TIM_GetITStatus
<LI><a href="#[ce]">&gt;&gt;</a>&nbsp;&nbsp;&nbsp;TIM_ClearFlag
</UL>
<BR>[Address Reference Count : 1]<UL><LI> startup_stm32f427xx.o(RESET)
</UL>
<P><STRONG><a name="[e0]"></a>TIM_ARRPreloadConfig</STRONG> (Thumb, 20 bytes, Stack size 0 bytes, stm32f4xx_tim.o(i.TIM_ARRPreloadConfig))
<BR><BR>[Called By]<UL><LI><a href="#[c3]">&gt;&gt;</a>&nbsp;&nbsp;&nbsp;buzzer_init
</UL>

<P><STRONG><a name="[ce]"></a>TIM_ClearFlag</STRONG> (Thumb, 6 bytes, Stack size 0 bytes, stm32f4xx_tim.o(i.TIM_ClearFlag))
<BR><BR>[Called By]<UL><LI><a href="#[28]">&gt;&gt;</a>&nbsp;&nbsp;&nbsp;TIM3_IRQHandler
</UL>

<P><STRONG><a name="[e2]"></a>TIM_Cmd</STRONG> (Thumb, 20 bytes, Stack size 0 bytes, stm32f4xx_tim.o(i.TIM_Cmd))
<BR><BR>[Called By]<UL><LI><a href="#[c3]">&gt;&gt;</a>&nbsp;&nbsp;&nbsp;buzzer_init
</UL>

<P><STRONG><a name="[cd]"></a>TIM_GetITStatus</STRONG> (Thumb, 24 bytes, Stack size 0 bytes, stm32f4xx_tim.o(i.TIM_GetITStatus))
<BR><BR>[Called By]<UL><LI><a href="#[28]">&gt;&gt;</a>&nbsp;&nbsp;&nbsp;TIM3_IRQHandler
</UL>

<P><STRONG><a name="[de]"></a>TIM_OC1Init</STRONG> (Thumb, 88 bytes, Stack size 12 bytes, stm32f4xx_tim.o(i.TIM_OC1Init))
<BR><BR>[Stack]<UL><LI>Max Depth = 12<LI>Call Chain = TIM_OC1Init
</UL>
<BR>[Called By]<UL><LI><a href="#[c3]">&gt;&gt;</a>&nbsp;&nbsp;&nbsp;buzzer_init
</UL>

<P><STRONG><a name="[df]"></a>TIM_OC1PreloadConfig</STRONG> (Thumb, 12 bytes, Stack size 0 bytes, stm32f4xx_tim.o(i.TIM_OC1PreloadConfig))
<BR><BR>[Called By]<UL><LI><a href="#[c3]">&gt;&gt;</a>&nbsp;&nbsp;&nbsp;buzzer_init
</UL>

<P><STRONG><a name="[e3]"></a>TIM_SetCompare1</STRONG> (Thumb, 4 bytes, Stack size 0 bytes, stm32f4xx_tim.o(i.TIM_SetCompare1))
<BR><BR>[Called By]<UL><LI><a href="#[9e]">&gt;&gt;</a>&nbsp;&nbsp;&nbsp;buzzer_on
<LI><a href="#[9c]">&gt;&gt;</a>&nbsp;&nbsp;&nbsp;buzzer_off
</UL>

<P><STRONG><a name="[e1]"></a>TIM_TimeBaseInit</STRONG> (Thumb, 96 bytes, Stack size 12 bytes, stm32f4xx_tim.o(i.TIM_TimeBaseInit))
<BR><BR>[Stack]<UL><LI>Max Depth = 12<LI>Call Chain = TIM_TimeBaseInit
</UL>
<BR>[Called By]<UL><LI><a href="#[c3]">&gt;&gt;</a>&nbsp;&nbsp;&nbsp;buzzer_init
</UL>

<P><STRONG><a name="[5c]"></a>UART7_IRQHandler</STRONG> (Thumb, 266 bytes, Stack size 32 bytes, gyroscope.o(i.UART7_IRQHandler))
<BR><BR>[Stack]<UL><LI>Max Depth = 44<LI>Call Chain = UART7_IRQHandler &rArr; USART_GetITStatus
</UL>
<BR>[Calls]<UL><LI><a href="#[d2]">&gt;&gt;</a>&nbsp;&nbsp;&nbsp;DMA_SetCurrDataCounter
<LI><a href="#[d0]">&gt;&gt;</a>&nbsp;&nbsp;&nbsp;DMA_GetCurrentMemoryTarget
<LI><a href="#[d1]">&gt;&gt;</a>&nbsp;&nbsp;&nbsp;DMA_GetCurrDataCounter
<LI><a href="#[bf]">&gt;&gt;</a>&nbsp;&nbsp;&nbsp;DMA_Cmd
<LI><a href="#[cf]">&gt;&gt;</a>&nbsp;&nbsp;&nbsp;USART_GetITStatus
</UL>
<BR>[Address Reference Count : 1]<UL><LI> startup_stm32f427xx.o(RESET)
</UL>
<P><STRONG><a name="[30]"></a>USART1_IRQHandler</STRONG> (Thumb, 170 bytes, Stack size 16 bytes, remote_control.o(i.USART1_IRQHandler))
<BR><BR>[Stack]<UL><LI>Max Depth = 36<LI>Call Chain = USART1_IRQHandler &rArr; DBUS_TO_RC
</UL>
<BR>[Calls]<UL><LI><a href="#[d2]">&gt;&gt;</a>&nbsp;&nbsp;&nbsp;DMA_SetCurrDataCounter
<LI><a href="#[d0]">&gt;&gt;</a>&nbsp;&nbsp;&nbsp;DMA_GetCurrentMemoryTarget
<LI><a href="#[d1]">&gt;&gt;</a>&nbsp;&nbsp;&nbsp;DMA_GetCurrDataCounter
<LI><a href="#[bf]">&gt;&gt;</a>&nbsp;&nbsp;&nbsp;DMA_Cmd
<LI><a href="#[cf]">&gt;&gt;</a>&nbsp;&nbsp;&nbsp;USART_GetITStatus
<LI><a href="#[d3]">&gt;&gt;</a>&nbsp;&nbsp;&nbsp;DBUS_TO_RC
<LI><a href="#[85]">&gt;&gt;</a>&nbsp;&nbsp;&nbsp;DetectHook
</UL>
<BR>[Address Reference Count : 1]<UL><LI> startup_stm32f427xx.o(RESET)
</UL>
<P><STRONG><a name="[b8]"></a>USART_ClearFlag</STRONG> (Thumb, 6 bytes, Stack size 0 bytes, stm32f4xx_usart.o(i.USART_ClearFlag))
<BR><BR>[Called By]<UL><LI><a href="#[b4]">&gt;&gt;</a>&nbsp;&nbsp;&nbsp;MPU6050_UartDMA_Init
<LI><a href="#[c7]">&gt;&gt;</a>&nbsp;&nbsp;&nbsp;RC_init
</UL>

<P><STRONG><a name="[ba]"></a>USART_Cmd</STRONG> (Thumb, 20 bytes, Stack size 0 bytes, stm32f4xx_usart.o(i.USART_Cmd))
<BR><BR>[Called By]<UL><LI><a href="#[b4]">&gt;&gt;</a>&nbsp;&nbsp;&nbsp;MPU6050_UartDMA_Init
<LI><a href="#[c7]">&gt;&gt;</a>&nbsp;&nbsp;&nbsp;RC_init
</UL>

<P><STRONG><a name="[b7]"></a>USART_DMACmd</STRONG> (Thumb, 16 bytes, Stack size 0 bytes, stm32f4xx_usart.o(i.USART_DMACmd))
<BR><BR>[Called By]<UL><LI><a href="#[b4]">&gt;&gt;</a>&nbsp;&nbsp;&nbsp;MPU6050_UartDMA_Init
<LI><a href="#[c7]">&gt;&gt;</a>&nbsp;&nbsp;&nbsp;RC_init
</UL>

<P><STRONG><a name="[b5]"></a>USART_DeInit</STRONG> (Thumb, 138 bytes, Stack size 8 bytes, stm32f4xx_usart.o(i.USART_DeInit))
<BR><BR>[Stack]<UL><LI>Max Depth = 8<LI>Call Chain = USART_DeInit
</UL>
<BR>[Calls]<UL><LI><a href="#[c9]">&gt;&gt;</a>&nbsp;&nbsp;&nbsp;RCC_APB2PeriphResetCmd
<LI><a href="#[89]">&gt;&gt;</a>&nbsp;&nbsp;&nbsp;RCC_APB1PeriphResetCmd
</UL>
<BR>[Called By]<UL><LI><a href="#[b4]">&gt;&gt;</a>&nbsp;&nbsp;&nbsp;MPU6050_UartDMA_Init
<LI><a href="#[c7]">&gt;&gt;</a>&nbsp;&nbsp;&nbsp;RC_init
</UL>

<P><STRONG><a name="[cf]"></a>USART_GetITStatus</STRONG> (Thumb, 62 bytes, Stack size 12 bytes, stm32f4xx_usart.o(i.USART_GetITStatus))
<BR><BR>[Stack]<UL><LI>Max Depth = 12<LI>Call Chain = USART_GetITStatus
</UL>
<BR>[Called By]<UL><LI><a href="#[5c]">&gt;&gt;</a>&nbsp;&nbsp;&nbsp;UART7_IRQHandler
<LI><a href="#[30]">&gt;&gt;</a>&nbsp;&nbsp;&nbsp;USART1_IRQHandler
</UL>

<P><STRONG><a name="[b9]"></a>USART_ITConfig</STRONG> (Thumb, 48 bytes, Stack size 8 bytes, stm32f4xx_usart.o(i.USART_ITConfig))
<BR><BR>[Stack]<UL><LI>Max Depth = 8<LI>Call Chain = USART_ITConfig
</UL>
<BR>[Called By]<UL><LI><a href="#[b4]">&gt;&gt;</a>&nbsp;&nbsp;&nbsp;MPU6050_UartDMA_Init
<LI><a href="#[c7]">&gt;&gt;</a>&nbsp;&nbsp;&nbsp;RC_init
</UL>

<P><STRONG><a name="[b6]"></a>USART_Init</STRONG> (Thumb, 164 bytes, Stack size 32 bytes, stm32f4xx_usart.o(i.USART_Init))
<BR><BR>[Stack]<UL><LI>Max Depth = 48<LI>Call Chain = USART_Init &rArr; RCC_GetClocksFreq
</UL>
<BR>[Calls]<UL><LI><a href="#[d4]">&gt;&gt;</a>&nbsp;&nbsp;&nbsp;RCC_GetClocksFreq
</UL>
<BR>[Called By]<UL><LI><a href="#[b4]">&gt;&gt;</a>&nbsp;&nbsp;&nbsp;MPU6050_UartDMA_Init
<LI><a href="#[c7]">&gt;&gt;</a>&nbsp;&nbsp;&nbsp;RC_init
</UL>

<P><STRONG><a name="[6]"></a>UsageFault_Handler</STRONG> (Thumb, 2 bytes, Stack size 0 bytes, stm32f4xx_it.o(i.UsageFault_Handler))
<BR><BR>[Calls]<UL><LI><a href="#[6]">&gt;&gt;</a>&nbsp;&nbsp;&nbsp;UsageFault_Handler
</UL>
<BR>[Called By]<UL><LI><a href="#[6]">&gt;&gt;</a>&nbsp;&nbsp;&nbsp;UsageFault_Handler
</UL>
<BR>[Address Reference Count : 1]<UL><LI> startup_stm32f427xx.o(RESET)
</UL>
<P><STRONG><a name="[d7]"></a>__ARM_fpclassify</STRONG> (Thumb, 48 bytes, Stack size 8 bytes, fpclassify.o(i.__ARM_fpclassify))
<BR><BR>[Stack]<UL><LI>Max Depth = 8<LI>Call Chain = __ARM_fpclassify
</UL>
<BR>[Called By]<UL><LI><a href="#[d5]">&gt;&gt;</a>&nbsp;&nbsp;&nbsp;__hardfp_atan
</UL>

<P><STRONG><a name="[d5]"></a>__hardfp_atan</STRONG> (Thumb, 622 bytes, Stack size 48 bytes, atan.o(i.__hardfp_atan))
<BR><BR>[Stack]<UL><LI>Max Depth = 160<LI>Call Chain = __hardfp_atan &rArr; __kernel_poly &rArr; __aeabi_dadd &rArr; _double_epilogue &rArr; _double_round
</UL>
<BR>[Calls]<UL><LI><a href="#[74]">&gt;&gt;</a>&nbsp;&nbsp;&nbsp;__aeabi_dadd
<LI><a href="#[79]">&gt;&gt;</a>&nbsp;&nbsp;&nbsp;__aeabi_dsub
<LI><a href="#[7a]">&gt;&gt;</a>&nbsp;&nbsp;&nbsp;__aeabi_drsub
<LI><a href="#[7f]">&gt;&gt;</a>&nbsp;&nbsp;&nbsp;__aeabi_ddiv
<LI><a href="#[da]">&gt;&gt;</a>&nbsp;&nbsp;&nbsp;__kernel_poly
<LI><a href="#[d7]">&gt;&gt;</a>&nbsp;&nbsp;&nbsp;__ARM_fpclassify
<LI><a href="#[d9]">&gt;&gt;</a>&nbsp;&nbsp;&nbsp;fabs
<LI><a href="#[d8]">&gt;&gt;</a>&nbsp;&nbsp;&nbsp;__mathlib_dbl_underflow
<LI><a href="#[d6]">&gt;&gt;</a>&nbsp;&nbsp;&nbsp;__mathlib_dbl_infnan
<LI><a href="#[7e]">&gt;&gt;</a>&nbsp;&nbsp;&nbsp;__aeabi_dmul
</UL>
<BR>[Called By]<UL><LI><a href="#[dd]">&gt;&gt;</a>&nbsp;&nbsp;&nbsp;atan
</UL>

<P><STRONG><a name="[db]"></a>__hardfp_atan2</STRONG> (Thumb, 432 bytes, Stack size 48 bytes, atan2.o(i.__hardfp_atan2))
<BR><BR>[Stack]<UL><LI>Max Depth = 216<LI>Call Chain = __hardfp_atan2 &rArr; atan &rArr; __hardfp_atan &rArr; __kernel_poly &rArr; __aeabi_dadd &rArr; _double_epilogue &rArr; _double_round
</UL>
<BR>[Calls]<UL><LI><a href="#[79]">&gt;&gt;</a>&nbsp;&nbsp;&nbsp;__aeabi_dsub
<LI><a href="#[7a]">&gt;&gt;</a>&nbsp;&nbsp;&nbsp;__aeabi_drsub
<LI><a href="#[7f]">&gt;&gt;</a>&nbsp;&nbsp;&nbsp;__aeabi_ddiv
<LI><a href="#[d9]">&gt;&gt;</a>&nbsp;&nbsp;&nbsp;fabs
<LI><a href="#[dc]">&gt;&gt;</a>&nbsp;&nbsp;&nbsp;__mathlib_dbl_infnan2
<LI><a href="#[dd]">&gt;&gt;</a>&nbsp;&nbsp;&nbsp;atan
</UL>
<BR>[Called By]<UL><LI><a href="#[f1]">&gt;&gt;</a>&nbsp;&nbsp;&nbsp;chassis_set_contorl
</UL>

<P><STRONG><a name="[da]"></a>__kernel_poly</STRONG> (Thumb, 248 bytes, Stack size 24 bytes, poly.o(i.__kernel_poly))
<BR><BR>[Stack]<UL><LI>Max Depth = 112<LI>Call Chain = __kernel_poly &rArr; __aeabi_dadd &rArr; _double_epilogue &rArr; _double_round
</UL>
<BR>[Calls]<UL><LI><a href="#[74]">&gt;&gt;</a>&nbsp;&nbsp;&nbsp;__aeabi_dadd
<LI><a href="#[7e]">&gt;&gt;</a>&nbsp;&nbsp;&nbsp;__aeabi_dmul
</UL>
<BR>[Called By]<UL><LI><a href="#[d5]">&gt;&gt;</a>&nbsp;&nbsp;&nbsp;__hardfp_atan
</UL>

<P><STRONG><a name="[d6]"></a>__mathlib_dbl_infnan</STRONG> (Thumb, 20 bytes, Stack size 8 bytes, dunder.o(i.__mathlib_dbl_infnan))
<BR><BR>[Stack]<UL><LI>Max Depth = 96<LI>Call Chain = __mathlib_dbl_infnan &rArr; __aeabi_dadd &rArr; _double_epilogue &rArr; _double_round
</UL>
<BR>[Calls]<UL><LI><a href="#[74]">&gt;&gt;</a>&nbsp;&nbsp;&nbsp;__aeabi_dadd
</UL>
<BR>[Called By]<UL><LI><a href="#[d5]">&gt;&gt;</a>&nbsp;&nbsp;&nbsp;__hardfp_atan
</UL>

<P><STRONG><a name="[dc]"></a>__mathlib_dbl_infnan2</STRONG> (Thumb, 20 bytes, Stack size 8 bytes, dunder.o(i.__mathlib_dbl_infnan2))
<BR><BR>[Stack]<UL><LI>Max Depth = 96<LI>Call Chain = __mathlib_dbl_infnan2 &rArr; __aeabi_dadd &rArr; _double_epilogue &rArr; _double_round
</UL>
<BR>[Calls]<UL><LI><a href="#[74]">&gt;&gt;</a>&nbsp;&nbsp;&nbsp;__aeabi_dadd
</UL>
<BR>[Called By]<UL><LI><a href="#[db]">&gt;&gt;</a>&nbsp;&nbsp;&nbsp;__hardfp_atan2
</UL>

<P><STRONG><a name="[d8]"></a>__mathlib_dbl_underflow</STRONG> (Thumb, 24 bytes, Stack size 8 bytes, dunder.o(i.__mathlib_dbl_underflow))
<BR><BR>[Stack]<UL><LI>Max Depth = 96<LI>Call Chain = __mathlib_dbl_underflow &rArr; __aeabi_dmul &rArr; _double_epilogue &rArr; _double_round
</UL>
<BR>[Calls]<UL><LI><a href="#[7e]">&gt;&gt;</a>&nbsp;&nbsp;&nbsp;__aeabi_dmul
</UL>
<BR>[Called By]<UL><LI><a href="#[d5]">&gt;&gt;</a>&nbsp;&nbsp;&nbsp;__hardfp_atan
</UL>

<P><STRONG><a name="[14e]"></a>__scatterload_copy</STRONG> (Thumb, 14 bytes, Stack size unknown bytes, handlers.o(i.__scatterload_copy), UNUSED)

<P><STRONG><a name="[14f]"></a>__scatterload_null</STRONG> (Thumb, 2 bytes, Stack size unknown bytes, handlers.o(i.__scatterload_null), UNUSED)

<P><STRONG><a name="[150]"></a>__scatterload_zeroinit</STRONG> (Thumb, 14 bytes, Stack size unknown bytes, handlers.o(i.__scatterload_zeroinit), UNUSED)

<P><STRONG><a name="[dd]"></a>atan</STRONG> (Thumb, 16 bytes, Stack size 8 bytes, atan.o(i.atan))
<BR><BR>[Stack]<UL><LI>Max Depth = 168<LI>Call Chain = atan &rArr; __hardfp_atan &rArr; __kernel_poly &rArr; __aeabi_dadd &rArr; _double_epilogue &rArr; _double_round
</UL>
<BR>[Calls]<UL><LI><a href="#[d5]">&gt;&gt;</a>&nbsp;&nbsp;&nbsp;__hardfp_atan
</UL>
<BR>[Called By]<UL><LI><a href="#[db]">&gt;&gt;</a>&nbsp;&nbsp;&nbsp;__hardfp_atan2
</UL>

<P><STRONG><a name="[c3]"></a>buzzer_init</STRONG> (Thumb, 170 bytes, Stack size 64 bytes, buzzer.o(i.buzzer_init))
<BR><BR>[Stack]<UL><LI>Max Depth = 84<LI>Call Chain = buzzer_init &rArr; GPIO_Init
</UL>
<BR>[Calls]<UL><LI><a href="#[89]">&gt;&gt;</a>&nbsp;&nbsp;&nbsp;RCC_APB1PeriphResetCmd
<LI><a href="#[8b]">&gt;&gt;</a>&nbsp;&nbsp;&nbsp;GPIO_PinAFConfig
<LI><a href="#[8a]">&gt;&gt;</a>&nbsp;&nbsp;&nbsp;GPIO_Init
<LI><a href="#[88]">&gt;&gt;</a>&nbsp;&nbsp;&nbsp;RCC_APB1PeriphClockCmd
<LI><a href="#[87]">&gt;&gt;</a>&nbsp;&nbsp;&nbsp;RCC_AHB1PeriphClockCmd
<LI><a href="#[e1]">&gt;&gt;</a>&nbsp;&nbsp;&nbsp;TIM_TimeBaseInit
<LI><a href="#[df]">&gt;&gt;</a>&nbsp;&nbsp;&nbsp;TIM_OC1PreloadConfig
<LI><a href="#[de]">&gt;&gt;</a>&nbsp;&nbsp;&nbsp;TIM_OC1Init
<LI><a href="#[e2]">&gt;&gt;</a>&nbsp;&nbsp;&nbsp;TIM_Cmd
<LI><a href="#[e0]">&gt;&gt;</a>&nbsp;&nbsp;&nbsp;TIM_ARRPreloadConfig
<LI><a href="#[9c]">&gt;&gt;</a>&nbsp;&nbsp;&nbsp;buzzer_off
</UL>
<BR>[Called By]<UL><LI><a href="#[c0]">&gt;&gt;</a>&nbsp;&nbsp;&nbsp;Program_Init
</UL>

<P><STRONG><a name="[9c]"></a>buzzer_off</STRONG> (Thumb, 8 bytes, Stack size 0 bytes, buzzer.o(i.buzzer_off))
[...]
</UL>
<BR>[Called By]<UL><LI><a href="#[13b]">&gt;&gt;</a>&nbsp;&nbsp;&nbsp;xQueueGenericSend
<LI><a href="#[121]">&gt;&gt;</a>&nbsp;&nbsp;&nbsp;xQueueGenericReceive
<LI><a href="#[123]">&gt;&gt;</a>&nbsp;&nbsp;&nbsp;vQueueWaitForMessageRestricted
</UL>

<P><STRONG><a name="[103]"></a>prvAddCurrentTaskToDelayedList</STRONG> (Thumb, 102 bytes, Stack size 24 bytes, tasks.o(i.prvAddCurrentTaskToDelayedList))
<BR><BR>[Stack]<UL><LI>Max Depth = 36<LI>Call Chain = prvAddCurrentTaskToDelayedList &rArr; vListInsert
</UL>
<BR>[Calls]<UL><LI><a href="#[105]">&gt;&gt;</a>&nbsp;&nbsp;&nbsp;vListInsertEnd
<LI><a href="#[106]">&gt;&gt;</a>&nbsp;&nbsp;&nbsp;vListInsert
<LI><a href="#[104]">&gt;&gt;</a>&nbsp;&nbsp;&nbsp;uxListRemove
</UL>
<BR>[Called By]<UL><LI><a href="#[f6]">&gt;&gt;</a>&nbsp;&nbsp;&nbsp;vTaskDelay
<LI><a href="#[12d]">&gt;&gt;</a>&nbsp;&nbsp;&nbsp;vTaskPlaceOnEventListRestricted
<LI><a href="#[12f]">&gt;&gt;</a>&nbsp;&nbsp;&nbsp;vTaskPlaceOnEventList
</UL>

<P><STRONG><a name="[107]"></a>prvAddNewTaskToReadyList</STRONG> (Thumb, 192 bytes, Stack size 24 bytes, tasks.o(i.prvAddNewTaskToReadyList))
<BR><BR>[Stack]<UL><LI>Max Depth = 24<LI>Call Chain = prvAddNewTaskToReadyList
</UL>
<BR>[Calls]<UL><LI><a href="#[105]">&gt;&gt;</a>&nbsp;&nbsp;&nbsp;vListInsertEnd
<LI><a href="#[10a]">&gt;&gt;</a>&nbsp;&nbsp;&nbsp;vPortExitCritical
<LI><a href="#[108]">&gt;&gt;</a>&nbsp;&nbsp;&nbsp;vPortEnterCritical
<LI><a href="#[109]">&gt;&gt;</a>&nbsp;&nbsp;&nbsp;vListInitialise
</UL>
<BR>[Called By]<UL><LI><a href="#[97]">&gt;&gt;</a>&nbsp;&nbsp;&nbsp;xTaskCreate
</UL>

<P><STRONG><a name="[10e]"></a>prvCheckTasksWaitingTermination</STRONG> (Thumb, 70 bytes, Stack size 16 bytes, tasks.o(i.prvCheckTasksWaitingTermination))
<BR><BR>[Stack]<UL><LI>Max Depth = 96<LI>Call Chain = prvCheckTasksWaitingTermination &rArr; prvDeleteTCB &rArr; vPortFree &rArr; xTaskResumeAll &rArr; xTaskIncrementTick
</UL>
<BR>[Calls]<UL><LI><a href="#[104]">&gt;&gt;</a>&nbsp;&nbsp;&nbsp;uxListRemove
<LI><a href="#[110]">&gt;&gt;</a>&nbsp;&nbsp;&nbsp;xTaskResumeAll
<LI><a href="#[10f]">&gt;&gt;</a>&nbsp;&nbsp;&nbsp;vTaskSuspendAll
<LI><a href="#[10a]">&gt;&gt;</a>&nbsp;&nbsp;&nbsp;vPortExitCritical
<LI><a href="#[108]">&gt;&gt;</a>&nbsp;&nbsp;&nbsp;vPortEnterCritical
<LI><a href="#[111]">&gt;&gt;</a>&nbsp;&nbsp;&nbsp;prvDeleteTCB
</UL>
<BR>[Called By]<UL><LI><a href="#[6c]">&gt;&gt;</a>&nbsp;&nbsp;&nbsp;prvIdleTask
</UL>

<P><STRONG><a name="[111]"></a>prvDeleteTCB</STRONG> (Thumb, 20 bytes, Stack size 8 bytes, tasks.o(i.prvDeleteTCB))
<BR><BR>[Stack]<UL><LI>Max Depth = 80<LI>Call Chain = prvDeleteTCB &rArr; vPortFree &rArr; xTaskResumeAll &rArr; xTaskIncrementTick
</UL>
<BR>[Calls]<UL><LI><a href="#[116]">&gt;&gt;</a>&nbsp;&nbsp;&nbsp;vPortFree
</UL>
<BR>[Called By]<UL><LI><a href="#[12a]">&gt;&gt;</a>&nbsp;&nbsp;&nbsp;vTaskDelete
<LI><a href="#[10e]">&gt;&gt;</a>&nbsp;&nbsp;&nbsp;prvCheckTasksWaitingTermination
</UL>

<P><STRONG><a name="[6c]"></a>prvIdleTask</STRONG> (Thumb, 30 bytes, Stack size 0 bytes, tasks.o(i.prvIdleTask))
<BR><BR>[Stack]<UL><LI>Max Depth = 96<LI>Call Chain = prvIdleTask &rArr; prvCheckTasksWaitingTermination &rArr; prvDeleteTCB &rArr; vPortFree &rArr; xTaskResumeAll &rArr; xTaskIncrementTick
</UL>
<BR>[Calls]<UL><LI><a href="#[10e]">&gt;&gt;</a>&nbsp;&nbsp;&nbsp;prvCheckTasksWaitingTermination
</UL>
<BR>[Address Reference Count : 1]<UL><LI> tasks.o(i.vTaskStartScheduler)
</UL>
<P><STRONG><a name="[117]"></a>prvInitialiseNewTask</STRONG> (Thumb, 156 bytes, Stack size 32 bytes, tasks.o(i.prvInitialiseNewTask))
<BR><BR>[Stack]<UL><LI>Max Depth = 40<LI>Call Chain = prvInitialiseNewTask &rArr; pxPortInitialiseStack
</UL>
<BR>[Calls]<UL><LI><a href="#[118]">&gt;&gt;</a>&nbsp;&nbsp;&nbsp;vListInitialiseItem
<LI><a href="#[119]">&gt;&gt;</a>&nbsp;&nbsp;&nbsp;pxPortInitialiseStack
<LI><a href="#[72]">&gt;&gt;</a>&nbsp;&nbsp;&nbsp;__aeabi_memset
</UL>
<BR>[Called By]<UL><LI><a href="#[97]">&gt;&gt;</a>&nbsp;&nbsp;&nbsp;xTaskCreate
</UL>

<P><STRONG><a name="[12e]"></a>prvResetNextTaskUnblockTime</STRONG> (Thumb, 26 bytes, Stack size 0 bytes, tasks.o(i.prvResetNextTaskUnblockTime))
<BR><BR>[Called By]<UL><LI><a href="#[110]">&gt;&gt;</a>&nbsp;&nbsp;&nbsp;xTaskResumeAll
<LI><a href="#[136]">&gt;&gt;</a>&nbsp;&nbsp;&nbsp;xTaskIncrementTick
<LI><a href="#[12a]">&gt;&gt;</a>&nbsp;&nbsp;&nbsp;vTaskDelete
</UL>

<P><STRONG><a name="[10b]"></a>prvCheckForValidListAndQueue</STRONG> (Thumb, 62 bytes, Stack size 8 bytes, timers.o(i.prvCheckForValidListAndQueue))
<BR><BR>[Stack]<UL><LI>Max Depth = 112<LI>Call Chain = prvCheckForValidListAndQueue &rArr; xQueueGenericCreate &rArr; pvPortMalloc &rArr; xTaskResumeAll &rArr; xTaskIncrementTick
</UL>
<BR>[Calls]<UL><LI><a href="#[10a]">&gt;&gt;</a>&nbsp;&nbsp;&nbsp;vPortExitCritical
<LI><a href="#[108]">&gt;&gt;</a>&nbsp;&nbsp;&nbsp;vPortEnterCritical
<LI><a href="#[109]">&gt;&gt;</a>&nbsp;&nbsp;&nbsp;vListInitialise
<LI><a href="#[10c]">&gt;&gt;</a>&nbsp;&nbsp;&nbsp;xQueueGenericCreate
<LI><a href="#[10d]">&gt;&gt;</a>&nbsp;&nbsp;&nbsp;vQueueAddToRegistry
</UL>
<BR>[Called By]<UL><LI><a href="#[131]">&gt;&gt;</a>&nbsp;&nbsp;&nbsp;xTimerCreateTimerTask
</UL>

<P><STRONG><a name="[11a]"></a>prvInsertTimerInActiveList</STRONG> (Thumb, 52 bytes, Stack size 16 bytes, timers.o(i.prvInsertTimerInActiveList))
<BR><BR>[Stack]<UL><LI>Max Depth = 28<LI>Call Chain = prvInsertTimerInActiveList &rArr; vListInsert
</UL>
<BR>[Calls]<UL><LI><a href="#[106]">&gt;&gt;</a>&nbsp;&nbsp;&nbsp;vListInsert
</UL>
<BR>[Called By]<UL><LI><a href="#[122]">&gt;&gt;</a>&nbsp;&nbsp;&nbsp;prvProcessTimerOrBlockTask
<LI><a href="#[11e]">&gt;&gt;</a>&nbsp;&nbsp;&nbsp;prvProcessReceivedCommands
</UL>

<P><STRONG><a name="[11e]"></a>prvProcessReceivedCommands</STRONG> (Thumb, 180 bytes, Stack size 40 bytes, timers.o(i.prvProcessReceivedCommands))
<BR><BR>[Stack]<UL><LI>Max Depth = 256<LI>Call Chain = prvProcessReceivedCommands &rArr; prvSampleTimeNow &rArr; prvSwitchTimerLists &rArr; xTimerGenericCommand &rArr; xQueueGenericSend &rArr; prvUnlockQueue &rArr; prvNotifyQueueSetContainer &rArr; prvCopyDataToQueue &rArr; xTaskPriorityDisinherit
</UL>
<BR>[Calls]<UL><LI><a href="#[104]">&gt;&gt;</a>&nbsp;&nbsp;&nbsp;uxListRemove
<LI><a href="#[116]">&gt;&gt;</a>&nbsp;&nbsp;&nbsp;vPortFree
<LI><a href="#[120]">&gt;&gt;</a>&nbsp;&nbsp;&nbsp;xTimerGenericCommand
<LI><a href="#[11f]">&gt;&gt;</a>&nbsp;&nbsp;&nbsp;prvSampleTimeNow
<LI><a href="#[11a]">&gt;&gt;</a>&nbsp;&nbsp;&nbsp;prvInsertTimerInActiveList
<LI><a href="#[121]">&gt;&gt;</a>&nbsp;&nbsp;&nbsp;xQueueGenericReceive
</UL>
<BR>[Called By]<UL><LI><a href="#[6d]">&gt;&gt;</a>&nbsp;&nbsp;&nbsp;prvTimerTask
</UL>

<P><STRONG><a name="[122]"></a>prvProcessTimerOrBlockTask</STRONG> (Thumb, 172 bytes, Stack size 32 bytes, timers.o(i.prvProcessTimerOrBlockTask))
<BR><BR>[Stack]<UL><LI>Max Depth = 248<LI>Call Chain = prvProcessTimerOrBlockTask &rArr; prvSampleTimeNow &rArr; prvSwitchTimerLists &rArr; xTimerGenericCommand &rArr; xQueueGenericSend &rArr; prvUnlockQueue &rArr; prvNotifyQueueSetContainer &rArr; prvCopyDataToQueue &rArr; xTaskPriorityDisinherit
</UL>
<BR>[Calls]<UL><LI><a href="#[104]">&gt;&gt;</a>&nbsp;&nbsp;&nbsp;uxListRemove
<LI><a href="#[110]">&gt;&gt;</a>&nbsp;&nbsp;&nbsp;xTaskResumeAll
<LI><a href="#[10f]">&gt;&gt;</a>&nbsp;&nbsp;&nbsp;vTaskSuspendAll
<LI><a href="#[120]">&gt;&gt;</a>&nbsp;&nbsp;&nbsp;xTimerGenericCommand
<LI><a href="#[11f]">&gt;&gt;</a>&nbsp;&nbsp;&nbsp;prvSampleTimeNow
<LI><a href="#[11a]">&gt;&gt;</a>&nbsp;&nbsp;&nbsp;prvInsertTimerInActiveList
<LI><a href="#[123]">&gt;&gt;</a>&nbsp;&nbsp;&nbsp;vQueueWaitForMessageRestricted
</UL>
<BR>[Called By]<UL><LI><a href="#[6d]">&gt;&gt;</a>&nbsp;&nbsp;&nbsp;prvTimerTask
</UL>

<P><STRONG><a name="[11f]"></a>prvSampleTimeNow</STRONG> (Thumb, 36 bytes, Stack size 16 bytes, timers.o(i.prvSampleTimeNow))
<BR><BR>[Stack]<UL><LI>Max Depth = 216<LI>Call Chain = prvSampleTimeNow &rArr; prvSwitchTimerLists &rArr; xTimerGenericCommand &rArr; xQueueGenericSend &rArr; prvUnlockQueue &rArr; prvNotifyQueueSetContainer &rArr; prvCopyDataToQueue &rArr; xTaskPriorityDisinherit
</UL>
<BR>[Calls]<UL><LI><a href="#[124]">&gt;&gt;</a>&nbsp;&nbsp;&nbsp;prvSwitchTimerLists
<LI><a href="#[9f]">&gt;&gt;</a>&nbsp;&nbsp;&nbsp;xTaskGetTickCount
</UL>
<BR>[Called By]<UL><LI><a href="#[122]">&gt;&gt;</a>&nbsp;&nbsp;&nbsp;prvProcessTimerOrBlockTask
<LI><a href="#[11e]">&gt;&gt;</a>&nbsp;&nbsp;&nbsp;prvProcessReceivedCommands
</UL>

<P><STRONG><a name="[124]"></a>prvSwitchTimerLists</STRONG> (Thumb, 102 bytes, Stack size 24 bytes, timers.o(i.prvSwitchTimerLists))
<BR><BR>[Stack]<UL><LI>Max Depth = 200<LI>Call Chain = prvSwitchTimerLists &rArr; xTimerGenericCommand &rArr; xQueueGenericSend &rArr; prvUnlockQueue &rArr; prvNotifyQueueSetContainer &rArr; prvCopyDataToQueue &rArr; xTaskPriorityDisinherit
</UL>
<BR>[Calls]<UL><LI><a href="#[106]">&gt;&gt;</a>&nbsp;&nbsp;&nbsp;vListInsert
<LI><a href="#[104]">&gt;&gt;</a>&nbsp;&nbsp;&nbsp;uxListRemove
<LI><a href="#[120]">&gt;&gt;</a>&nbsp;&nbsp;&nbsp;xTimerGenericCommand
</UL>
<BR>[Called By]<UL><LI><a href="#[11f]">&gt;&gt;</a>&nbsp;&nbsp;&nbsp;prvSampleTimeNow
</UL>

<P><STRONG><a name="[6d]"></a>prvTimerTask</STRONG> (Thumb, 32 bytes, Stack size 0 bytes, timers.o(i.prvTimerTask))
<BR><BR>[Stack]<UL><LI>Max Depth = 256<LI>Call Chain = prvTimerTask &rArr; prvProcessReceivedCommands &rArr; prvSampleTimeNow &rArr; prvSwitchTimerLists &rArr; xTimerGenericCommand &rArr; xQueueGenericSend &rArr; prvUnlockQueue &rArr; prvNotifyQueueSetContainer &rArr; prvCopyDataToQueue &rArr; xTaskPriorityDisinherit
</UL>
<BR>[Calls]<UL><LI><a href="#[122]">&gt;&gt;</a>&nbsp;&nbsp;&nbsp;prvProcessTimerOrBlockTask
<LI><a href="#[11e]">&gt;&gt;</a>&nbsp;&nbsp;&nbsp;prvProcessReceivedCommands
</UL>
<BR>[Address Reference Count : 1]<UL><LI> timers.o(i.xTimerCreateTimerTask)
</UL>
<P><STRONG><a name="[128]"></a>prvHeapInit</STRONG> (Thumb, 66 bytes, Stack size 0 bytes, heap_4.o(i.prvHeapInit))
<BR><BR>[Called By]<UL><LI><a href="#[127]">&gt;&gt;</a>&nbsp;&nbsp;&nbsp;pvPortMalloc
</UL>

<P><STRONG><a name="[129]"></a>prvInsertBlockIntoFreeList</STRONG> (Thumb, 72 bytes, Stack size 12 bytes, heap_4.o(i.prvInsertBlockIntoFreeList))
<BR><BR>[Stack]<UL><LI>Max Depth = 12<LI>Call Chain = prvInsertBlockIntoFreeList
</UL>
<BR>[Called By]<UL><LI><a href="#[116]">&gt;&gt;</a>&nbsp;&nbsp;&nbsp;vPortFree
<LI><a href="#[127]">&gt;&gt;</a>&nbsp;&nbsp;&nbsp;pvPortMalloc
</UL>

<P><STRONG><a name="[67]"></a>prvTaskExitError</STRONG> (Thumb, 36 bytes, Stack size 0 bytes, port.o(i.prvTaskExitError))
<BR>[Address Reference Count : 1]<UL><LI> port.o(i.pxPortInitialiseStack)
</UL>
<P><STRONG><a name="[84]"></a>CAN1_hook</STRONG> (Thumb, 120 bytes, Stack size 8 bytes, can_receive.o(i.CAN1_hook))
<BR><BR>[Stack]<UL><LI>Max Depth = 16<LI>Call Chain = CAN1_hook &rArr; DetectHook
</UL>
<BR>[Calls]<UL><LI><a href="#[85]">&gt;&gt;</a>&nbsp;&nbsp;&nbsp;DetectHook
</UL>
<BR>[Called By]<UL><LI><a href="#[1f]">&gt;&gt;</a>&nbsp;&nbsp;&nbsp;CAN1_RX0_IRQHandler
</UL>

<P><STRONG><a name="[90]"></a>CAN2_hook</STRONG> (Thumb, 90 bytes, Stack size 0 bytes, can_receive.o(i.CAN2_hook))
<BR><BR>[Stack]<UL><LI>Max Depth = 8<LI>Call Chain = CAN2_hook &rArr; DetectHook
</UL>
<BR>[Calls]<UL><LI><a href="#[85]">&gt;&gt;</a>&nbsp;&nbsp;&nbsp;DetectHook
</UL>
<BR>[Called By]<UL><LI><a href="#[4b]">&gt;&gt;</a>&nbsp;&nbsp;&nbsp;CAN2_RX0_IRQHandler
</UL>

<P><STRONG><a name="[d3]"></a>DBUS_TO_RC</STRONG> (Thumb, 180 bytes, Stack size 20 bytes, remote_control.o(i.DBUS_TO_RC))
<BR><BR>[Stack]<UL><LI>Max Depth = 20<LI>Call Chain = DBUS_TO_RC
</UL>
<BR>[Called By]<UL><LI><a href="#[30]">&gt;&gt;</a>&nbsp;&nbsp;&nbsp;USART1_IRQHandler
</UL>

<P><STRONG><a name="[ee]"></a>CHASSIS_PID_Init</STRONG> (Thumb, 56 bytes, Stack size 0 bytes, chassis_task.o(i.CHASSIS_PID_Init))
<BR><BR>[Called By]<UL><LI><a href="#[ec]">&gt;&gt;</a>&nbsp;&nbsp;&nbsp;chassis_init
</UL>

<P><STRONG><a name="[e9]"></a>chassis_control_loop</STRONG> (Thumb, 300 bytes, Stack size 28 bytes, chassis_task.o(i.chassis_control_loop))
<BR><BR>[Stack]<UL><LI>Max Depth = 36<LI>Call Chain = chassis_control_loop &rArr; CHASSIS_PID_Calc
</UL>
<BR>[Calls]<UL><LI><a href="#[e6]">&gt;&gt;</a>&nbsp;&nbsp;&nbsp;CHASSIS_PID_Calc
</UL>
<BR>[Called By]<UL><LI><a href="#[69]">&gt;&gt;</a>&nbsp;&nbsp;&nbsp;chassis_task
</UL>

<P><STRONG><a name="[ea]"></a>chassis_feedback_update</STRONG> (Thumb, 298 bytes, Stack size 16 bytes, chassis_task.o(i.chassis_feedback_update))
<BR><BR>[Stack]<UL><LI>Max Depth = 16<LI>Call Chain = chassis_feedback_update
</UL>
<BR>[Calls]<UL><LI><a href="#[eb]">&gt;&gt;</a>&nbsp;&nbsp;&nbsp;Get_YAWmotor_relative_angle
</UL>
<BR>[Called By]<UL><LI><a href="#[69]">&gt;&gt;</a>&nbsp;&nbsp;&nbsp;chassis_task
<LI><a href="#[ec]">&gt;&gt;</a>&nbsp;&nbsp;&nbsp;chassis_init
</UL>

<P><STRONG><a name="[ec]"></a>chassis_init</STRONG> (Thumb, 186 bytes, Stack size 40 bytes, chassis_task.o(i.chassis_init))
<BR><BR>[Stack]<UL><LI>Max Depth = 56<LI>Call Chain = chassis_init &rArr; chassis_feedback_update
</UL>
<BR>[Calls]<UL><LI><a href="#[ea]">&gt;&gt;</a>&nbsp;&nbsp;&nbsp;chassis_feedback_update
<LI><a href="#[ee]">&gt;&gt;</a>&nbsp;&nbsp;&nbsp;CHASSIS_PID_Init
<LI><a href="#[ac]">&gt;&gt;</a>&nbsp;&nbsp;&nbsp;get_remote_control_point
<LI><a href="#[ed]">&gt;&gt;</a>&nbsp;&nbsp;&nbsp;get_Chassis_Motor_Data_Point
<LI><a href="#[ef]">&gt;&gt;</a>&nbsp;&nbsp;&nbsp;first_order_filter_init
</UL>
<BR>[Called By]<UL><LI><a href="#[69]">&gt;&gt;</a>&nbsp;&nbsp;&nbsp;chassis_task
</UL>

<P><STRONG><a name="[f1]"></a>chassis_set_contorl</STRONG> (Thumb, 342 bytes, Stack size 40 bytes, chassis_task.o(i.chassis_set_contorl))
<BR><BR>[Stack]<UL><LI>Max Depth = 256<LI>Call Chain = chassis_set_contorl &rArr; __hardfp_atan2 &rArr; atan &rArr; __hardfp_atan &rArr; __kernel_poly &rArr; __aeabi_dadd &rArr; _double_epilogue &rArr; _double_round
</UL>
<BR>[Calls]<UL><LI><a href="#[e4]">&gt;&gt;</a>&nbsp;&nbsp;&nbsp;chassis_behaviour_control_set
<LI><a href="#[f4]">&gt;&gt;</a>&nbsp;&nbsp;&nbsp;arm_sin_f32
<LI><a href="#[f3]">&gt;&gt;</a>&nbsp;&nbsp;&nbsp;arm_cos_f32
<LI><a href="#[f2]">&gt;&gt;</a>&nbsp;&nbsp;&nbsp;__aeabi_f2d
<LI><a href="#[74]">&gt;&gt;</a>&nbsp;&nbsp;&nbsp;__aeabi_dadd
<LI><a href="#[7b]">&gt;&gt;</a>&nbsp;&nbsp;&nbsp;__aeabi_d2f
<LI><a href="#[f5]">&gt;&gt;</a>&nbsp;&nbsp;&nbsp;float_constrain
<LI><a href="#[db]">&gt;&gt;</a>&nbsp;&nbsp;&nbsp;__hardfp_atan2
</UL>
<BR>[Called By]<UL><LI><a href="#[69]">&gt;&gt;</a>&nbsp;&nbsp;&nbsp;chassis_task
</UL>

<P><STRONG><a name="[a2]"></a>GIMBAL_Control_loop</STRONG> (Thumb, 288 bytes, Stack size 8 bytes, gimbal_task.o(i.GIMBAL_Control_loop))
<BR><BR>[Stack]<UL><LI>Max Depth = 16<LI>Call Chain = GIMBAL_Control_loop &rArr; GIMBAL_PID_Calc
</UL>
<BR>[Calls]<UL><LI><a href="#[a3]">&gt;&gt;</a>&nbsp;&nbsp;&nbsp;GIMBAL_PID_Calc
</UL>
<BR>[Called By]<UL><LI><a href="#[68]">&gt;&gt;</a>&nbsp;&nbsp;&nbsp;gimbal_task
</UL>

<P><STRONG><a name="[a4]"></a>GIMBAL_Feedback_Update</STRONG> (Thumb, 108 bytes, Stack size 8 bytes, gimbal_task.o(i.GIMBAL_Feedback_Update))
<BR><BR>[Stack]<UL><LI>Max Depth = 8<LI>Call Chain = GIMBAL_Feedback_Update
</UL>
<BR>[Calls]<UL><LI><a href="#[a5]">&gt;&gt;</a>&nbsp;&nbsp;&nbsp;motor_ecd_to_angle_change
<LI><a href="#[a6]">&gt;&gt;</a>&nbsp;&nbsp;&nbsp;MechanicalAngle_ConvertTo_AngularVelocity
</UL>
<BR>[Called By]<UL><LI><a href="#[a7]">&gt;&gt;</a>&nbsp;&nbsp;&nbsp;GIMBAL_Init
<LI><a href="#[68]">&gt;&gt;</a>&nbsp;&nbsp;&nbsp;gimbal_task
</UL>

<P><STRONG><a name="[a7]"></a>GIMBAL_Init</STRONG> (Thumb, 408 bytes, Stack size 40 bytes, gimbal_task.o(i.GIMBAL_Init))
<BR><BR>[Stack]<UL><LI>Max Depth = 48<LI>Call Chain = GIMBAL_Init &rArr; gimbal_total_pid_clear
</UL>
<BR>[Calls]<UL><LI><a href="#[ae]">&gt;&gt;</a>&nbsp;&nbsp;&nbsp;gimbal_total_pid_clear
<LI><a href="#[ad]">&gt;&gt;</a>&nbsp;&nbsp;&nbsp;GIMBAL_PID_Init
<LI><a href="#[a4]">&gt;&gt;</a>&nbsp;&nbsp;&nbsp;GIMBAL_Feedback_Update
<LI><a href="#[ab]">&gt;&gt;</a>&nbsp;&nbsp;&nbsp;get_MPU6050_Gyro_Point
<LI><a href="#[aa]">&gt;&gt;</a>&nbsp;&nbsp;&nbsp;get_MPU6050_Angle_point
<LI><a href="#[ac]">&gt;&gt;</a>&nbsp;&nbsp;&nbsp;get_remote_control_point
<LI><a href="#[a8]">&gt;&gt;</a>&nbsp;&nbsp;&nbsp;get_Yaw_Gimbal_Motor_Data_Point
<LI><a href="#[a9]">&gt;&gt;</a>&nbsp;&nbsp;&nbsp;get_Pitch_Gimbal_Motor_Data_Point
</UL>
<BR>[Called By]<UL><LI><a href="#[68]">&gt;&gt;</a>&nbsp;&nbsp;&nbsp;gimbal_task
</UL>

<P><STRONG><a name="[a3]"></a>GIMBAL_PID_Calc</STRONG> (Thumb, 368 bytes, Stack size 8 bytes, gimbal_task.o(i.GIMBAL_PID_Calc))
<BR><BR>[Stack]<UL><LI>Max Depth = 8<LI>Call Chain = GIMBAL_PID_Calc
</UL>
<BR>[Called By]<UL><LI><a href="#[a2]">&gt;&gt;</a>&nbsp;&nbsp;&nbsp;GIMBAL_Control_loop
</UL>

<P><STRONG><a name="[ad]"></a>GIMBAL_PID_Init</STRONG> (Thumb, 56 bytes, Stack size 0 bytes, gimbal_task.o(i.GIMBAL_PID_Init))
<BR><BR>[Called By]<UL><LI><a href="#[a7]">&gt;&gt;</a>&nbsp;&nbsp;&nbsp;GIMBAL_Init
</UL>

<P><STRONG><a name="[af]"></a>GIMBAL_Pitch_absolute_angle_limit</STRONG> (Thumb, 176 bytes, Stack size 16 bytes, gimbal_task.o(i.GIMBAL_Pitch_absolute_angle_limit))
<BR><BR>[Stack]<UL><LI>Max Depth = 16<LI>Call Chain = GIMBAL_Pitch_absolute_angle_limit
</UL>
<BR>[Calls]<UL><LI><a href="#[b0]">&gt;&gt;</a>&nbsp;&nbsp;&nbsp;RAD_Format
</UL>
<BR>[Called By]<UL><LI><a href="#[68]">&gt;&gt;</a>&nbsp;&nbsp;&nbsp;gimbal_task
</UL>

<P><STRONG><a name="[b1]"></a>GIMBAL_Yaw_absolute_angle_limit</STRONG> (Thumb, 176 bytes, Stack size 16 bytes, gimbal_task.o(i.GIMBAL_Yaw_absolute_angle_limit))
<BR><BR>[Stack]<UL><LI>Max Depth = 16<LI>Call Chain = GIMBAL_Yaw_absolute_angle_limit
</UL>
<BR>[Calls]<UL><LI><a href="#[b0]">&gt;&gt;</a>&nbsp;&nbsp;&nbsp;RAD_Format
</UL>
<BR>[Called By]<UL><LI><a href="#[68]">&gt;&gt;</a>&nbsp;&nbsp;&nbsp;gimbal_task
</UL>

<P><STRONG><a name="[fe]"></a>GIMBAL_relative_angle_limit</STRONG> (Thumb, 80 bytes, Stack size 0 bytes, gimbal_task.o(i.GIMBAL_relative_angle_limit))
<BR><BR>[Called By]<UL><LI><a href="#[68]">&gt;&gt;</a>&nbsp;&nbsp;&nbsp;gimbal_task
</UL>

<P><STRONG><a name="[ff]"></a>Gimbal_PID_clear</STRONG> (Thumb, 28 bytes, Stack size 0 bytes, gimbal_task.o(i.Gimbal_PID_clear))
<BR><BR>[Called By]<UL><LI><a href="#[ae]">&gt;&gt;</a>&nbsp;&nbsp;&nbsp;gimbal_total_pid_clear
</UL>

<P><STRONG><a name="[a6]"></a>MechanicalAngle_ConvertTo_AngularVelocity</STRONG> (Thumb, 78 bytes, Stack size 0 bytes, gimbal_task.o(i.MechanicalAngle_ConvertTo_AngularVelocity))
<BR><BR>[Called By]<UL><LI><a href="#[a4]">&gt;&gt;</a>&nbsp;&nbsp;&nbsp;GIMBAL_Feedback_Update
</UL>

<P><STRONG><a name="[b0]"></a>RAD_Format</STRONG> (Thumb, 36 bytes, Stack size 0 bytes, gimbal_task.o(i.RAD_Format))
<BR><BR>[Called By]<UL><LI><a href="#[b1]">&gt;&gt;</a>&nbsp;&nbsp;&nbsp;GIMBAL_Yaw_absolute_angle_limit
<LI><a href="#[af]">&gt;&gt;</a>&nbsp;&nbsp;&nbsp;GIMBAL_Pitch_absolute_angle_limit
</UL>

<P><STRONG><a name="[ae]"></a>gimbal_total_pid_clear</STRONG> (Thumb, 70 bytes, Stack size 8 bytes, gimbal_task.o(i.gimbal_total_pid_clear))
<BR><BR>[Stack]<UL><LI>Max Depth = 8<LI>Call Chain = gimbal_total_pid_clear
</UL>
<BR>[Calls]<UL><LI><a href="#[ff]">&gt;&gt;</a>&nbsp;&nbsp;&nbsp;Gimbal_PID_clear
</UL>
<BR>[Called By]<UL><LI><a href="#[a7]">&gt;&gt;</a>&nbsp;&nbsp;&nbsp;GIMBAL_Init
<LI><a href="#[68]">&gt;&gt;</a>&nbsp;&nbsp;&nbsp;gimbal_task
</UL>

<P><STRONG><a name="[a5]"></a>motor_ecd_to_angle_change</STRONG> (Thumb, 46 bytes, Stack size 0 bytes, gimbal_task.o(i.motor_ecd_to_angle_change))
<BR><BR>[Called By]<UL><LI><a href="#[a4]">&gt;&gt;</a>&nbsp;&nbsp;&nbsp;GIMBAL_Feedback_Update
</UL>

<P><STRONG><a name="[fc]"></a>gimbal_init_control</STRONG> (Thumb, 104 bytes, Stack size 12 bytes, gimbal_behaviour.o(i.gimbal_init_control))
<BR><BR>[Stack]<UL><LI>Max Depth = 12<LI>Call Chain = gimbal_init_control
</UL>
<BR>[Called By]<UL><LI><a href="#[fb]">&gt;&gt;</a>&nbsp;&nbsp;&nbsp;gimbal_behaviour_control_set
</UL>
<P>
<H3>
Undefined Global Symbols
</H3><HR></body></html>
