Component: ARM Compiler 5.06 update 6 (build 750) Tool: armlink [4d35ed]

==============================================================================

Section Cross References

    main.o(i.TIM3_IRQHandler) refers to stm32f10x_tim.o(i.TIM_GetITStatus) for TIM_GetITStatus
    main.o(i.TIM3_IRQHandler) refers to stm32f10x_tim.o(i.TIM_ClearITPendingBit) for TIM_ClearITPendingBit
    main.o(i.main) refers to delay.o(i.delay_init) for delay_init
    main.o(i.main) refers to led.o(i.LED_Init) for LED_Init
    main.o(i.main) refers to usart.o(i.uart_init) for uart_init
    main.o(i.main) refers to delay.o(i.delay_ms) for delay_ms
    main.o(i.main) refers to inv_mpu.o(i.mpu_dmp_init) for mpu_dmp_init
    main.o(i.main) refers to timer.o(i.TIM3_Int_Init) for TIM3_Int_Init
    main.o(i.main) refers to inv_mpu_dmp_motion_driver.o(i.dmp_read_fifo) for dmp_read_fifo
    main.o(i.main) refers to fflt_clz.o(x$fpl$fflt) for __aeabi_i2f
    main.o(i.main) refers to fdiv.o(x$fpl$fdiv) for __aeabi_fdiv
    main.o(i.main) refers to fmul.o(x$fpl$fmul) for __aeabi_fmul
    main.o(i.main) refers to faddsub_clz.o(x$fpl$fadd) for __aeabi_fadd
    main.o(i.main) refers to f2d.o(x$fpl$f2d) for __aeabi_f2d
    main.o(i.main) refers to asin.o(i.asin) for asin
    main.o(i.main) refers to dmul.o(x$fpl$dmul) for __aeabi_dmul
    main.o(i.main) refers to d2f.o(x$fpl$d2f) for __aeabi_d2f
    main.o(i.main) refers to faddsub_clz.o(x$fpl$fsub) for __aeabi_fsub
    main.o(i.main) refers to atan2.o(i.atan2) for atan2
    main.o(i.main) refers to main.o(i.usart_send) for usart_send
    main.o(i.main) refers to main.o(.bss) for MPU6050_Pack
    system_stm32f10x.o(i.SetSysClock) refers to system_stm32f10x.o(i.SetSysClockTo72) for SetSysClockTo72
    system_stm32f10x.o(i.SystemCoreClockUpdate) refers to system_stm32f10x.o(.data) for SystemCoreClock
    system_stm32f10x.o(i.SystemInit) refers to system_stm32f10x.o(i.SetSysClock) for SetSysClock
    delay.o(i.delay_init) refers to misc.o(i.SysTick_CLKSourceConfig) for SysTick_CLKSourceConfig
    delay.o(i.delay_init) refers to system_stm32f10x.o(.data) for SystemCoreClock
    delay.o(i.delay_init) refers to delay.o(.data) for fac_us
    delay.o(i.delay_ms) refers to delay.o(.data) for fac_ms
    delay.o(i.delay_us) refers to delay.o(.data) for fac_us
    usart.o(i.USART1_IRQHandler) refers (Special) to use_no_semi_2.o(.text) for __use_no_semihosting
    usart.o(i.USART1_IRQHandler) refers to stm32f10x_usart.o(i.USART_GetITStatus) for USART_GetITStatus
    usart.o(i.USART1_IRQHandler) refers to stm32f10x_usart.o(i.USART_ReceiveData) for USART_ReceiveData
    usart.o(i.USART1_IRQHandler) refers to usart.o(.data) for USART_RX_STA
    usart.o(i.USART1_IRQHandler) refers to usart.o(.bss) for USART_RX_BUF
    usart.o(i._sys_exit) refers (Special) to use_no_semi_2.o(.text) for __use_no_semihosting
    usart.o(i.fputc) refers (Special) to use_no_semi_2.o(.text) for __use_no_semihosting
    usart.o(i.uart_init) refers (Special) to use_no_semi_2.o(.text) for __use_no_semihosting
    usart.o(i.uart_init) refers to stm32f10x_rcc.o(i.RCC_APB2PeriphClockCmd) for RCC_APB2PeriphClockCmd
    usart.o(i.uart_init) refers to stm32f10x_gpio.o(i.GPIO_Init) for GPIO_Init
    usart.o(i.uart_init) refers to misc.o(i.NVIC_Init) for NVIC_Init
    usart.o(i.uart_init) refers to stm32f10x_usart.o(i.USART_Init) for USART_Init
    usart.o(i.uart_init) refers to stm32f10x_usart.o(i.USART_ITConfig) for USART_ITConfig
    usart.o(i.uart_init) refers to stm32f10x_usart.o(i.USART_Cmd) for USART_Cmd
    usart.o(.bss) refers (Special) to use_no_semi_2.o(.text) for __use_no_semihosting
    usart.o(.data) refers (Special) to use_no_semi_2.o(.text) for __use_no_semihosting
    startup_stm32f10x_hd.o(STACK) refers (Special) to heapauxi.o(.text) for __use_two_region_memory
    startup_stm32f10x_hd.o(HEAP) refers (Special) to heapauxi.o(.text) for __use_two_region_memory
    startup_stm32f10x_hd.o(RESET) refers (Special) to heapauxi.o(.text) for __use_two_region_memory
    startup_stm32f10x_hd.o(RESET) refers to startup_stm32f10x_hd.o(STACK) for __initial_sp
    startup_stm32f10x_hd.o(RESET) refers to startup_stm32f10x_hd.o(.text) for Reset_Handler
    startup_stm32f10x_hd.o(RESET) refers to stm32f10x_it.o(i.NMI_Handler) for NMI_Handler
    startup_stm32f10x_hd.o(RESET) refers to stm32f10x_it.o(i.HardFault_Handler) for HardFault_Handler
    startup_stm32f10x_hd.o(RESET) refers to stm32f10x_it.o(i.MemManage_Handler) for MemManage_Handler
    startup_stm32f10x_hd.o(RESET) refers to stm32f10x_it.o(i.BusFault_Handler) for BusFault_Handler
    startup_stm32f10x_hd.o(RESET) refers to stm32f10x_it.o(i.UsageFault_Handler) for UsageFault_Handler
    startup_stm32f10x_hd.o(RESET) refers to stm32f10x_it.o(i.SVC_Handler) for SVC_Handler
    startup_stm32f10x_hd.o(RESET) refers to stm32f10x_it.o(i.DebugMon_Handler) for DebugMon_Handler
    startup_stm32f10x_hd.o(RESET) refers to stm32f10x_it.o(i.PendSV_Handler) for PendSV_Handler
[...]
    i.GPIO_Init                              0x080007b2   Section        0  stm32f10x_gpio.o(i.GPIO_Init)
    i.GPIO_SetBits                           0x080008c8   Section        0  stm32f10x_gpio.o(i.GPIO_SetBits)
    i.HardFault_Handler                      0x080008cc   Section        0  stm32f10x_it.o(i.HardFault_Handler)
    i.LED_Init                               0x080008d0   Section        0  led.o(i.LED_Init)
    i.MPU_IIC_Ack                            0x08000910   Section        0  mpuiic.o(i.MPU_IIC_Ack)
    i.MPU_IIC_Delay                          0x0800095c   Section        0  mpuiic.o(i.MPU_IIC_Delay)
    i.MPU_IIC_Init                           0x08000968   Section        0  mpuiic.o(i.MPU_IIC_Init)
    i.MPU_IIC_NAck                           0x080009a0   Section        0  mpuiic.o(i.MPU_IIC_NAck)
    i.MPU_IIC_Read_Byte                      0x080009ec   Section        0  mpuiic.o(i.MPU_IIC_Read_Byte)
    i.MPU_IIC_Send_Byte                      0x08000a58   Section        0  mpuiic.o(i.MPU_IIC_Send_Byte)
    i.MPU_IIC_Start                          0x08000ab4   Section        0  mpuiic.o(i.MPU_IIC_Start)
    i.MPU_IIC_Stop                           0x08000afc   Section        0  mpuiic.o(i.MPU_IIC_Stop)
    i.MPU_IIC_Wait_Ack                       0x08000b44   Section        0  mpuiic.o(i.MPU_IIC_Wait_Ack)
    i.MPU_Read_Len                           0x08000ba8   Section        0  mpu6050.o(i.MPU_Read_Len)
    i.MPU_Write_Len                          0x08000c1c   Section        0  mpu6050.o(i.MPU_Write_Len)
    i.MemManage_Handler                      0x08000c7c   Section        0  stm32f10x_it.o(i.MemManage_Handler)
    i.NMI_Handler                            0x08000c80   Section        0  stm32f10x_it.o(i.NMI_Handler)
    i.NVIC_Init                              0x08000c84   Section        0  misc.o(i.NVIC_Init)
    i.PendSV_Handler                         0x08000cf4   Section        0  stm32f10x_it.o(i.PendSV_Handler)
    i.RCC_APB1PeriphClockCmd                 0x08000cf8   Section        0  stm32f10x_rcc.o(i.RCC_APB1PeriphClockCmd)
    i.RCC_APB2PeriphClockCmd                 0x08000d18   Section        0  stm32f10x_rcc.o(i.RCC_APB2PeriphClockCmd)
    i.RCC_GetClocksFreq                      0x08000d38   Section        0  stm32f10x_rcc.o(i.RCC_GetClocksFreq)
    i.SVC_Handler                            0x08000e0c   Section        0  stm32f10x_it.o(i.SVC_Handler)
    i.SetSysClock                            0x08000e0e   Section        0  system_stm32f10x.o(i.SetSysClock)
    SetSysClock                              0x08000e0f   Thumb Code     8  system_stm32f10x.o(i.SetSysClock)
    i.SetSysClockTo72                        0x08000e18   Section        0  system_stm32f10x.o(i.SetSysClockTo72)
    SetSysClockTo72                          0x08000e19   Thumb Code   214  system_stm32f10x.o(i.SetSysClockTo72)
    i.SysTick_CLKSourceConfig                0x08000ef8   Section        0  misc.o(i.SysTick_CLKSourceConfig)
    i.SysTick_Handler                        0x08000f20   Section        0  stm32f10x_it.o(i.SysTick_Handler)
    i.SystemInit                             0x08000f24   Section        0  system_stm32f10x.o(i.SystemInit)
    i.TIM3_IRQHandler                        0x08000f84   Section        0  main.o(i.TIM3_IRQHandler)
    i.TIM3_Int_Init                          0x08000fa0   Section        0  timer.o(i.TIM3_Int_Init)
    i.TIM_ClearITPendingBit                  0x08001000   Section        0  stm32f10x_tim.o(i.TIM_ClearITPendingBit)
    i.TIM_Cmd                                0x08001006   Section        0  stm32f10x_tim.o(i.TIM_Cmd)
    i.TIM_GetITStatus                        0x0800101e   Section        0  stm32f10x_tim.o(i.TIM_GetITStatus)
    i.TIM_ITConfig                           0x08001040   Section        0  stm32f10x_tim.o(i.TIM_ITConfig)
    i.TIM_TimeBaseInit                       0x08001054   Section        0  stm32f10x_tim.o(i.TIM_TimeBaseInit)
    i.USART1_IRQHandler                      0x080010f8   Section        0  usart.o(i.USART1_IRQHandler)
    i.USART_Cmd                              0x08001180   Section        0  stm32f10x_usart.o(i.USART_Cmd)
    i.USART_GetITStatus                      0x08001198   Section        0  stm32f10x_usart.o(i.USART_GetITStatus)
    i.USART_ITConfig                         0x080011ec   Section        0  stm32f10x_usart.o(i.USART_ITConfig)
    i.USART_Init                             0x08001238   Section        0  stm32f10x_usart.o(i.USART_Init)
    i.USART_ReceiveData                      0x08001310   Section        0  stm32f10x_usart.o(i.USART_ReceiveData)
    i.UsageFault_Handler                     0x0800131a   Section        0  stm32f10x_it.o(i.UsageFault_Handler)
    i.__ARM_fpclassify                       0x0800131e   Section        0  fpclassify.o(i.__ARM_fpclassify)
    i.__kernel_poly                          0x08001346   Section        0  poly.o(i.__kernel_poly)
    i.__mathlib_dbl_infnan                   0x080013f0   Section        0  dunder.o(i.__mathlib_dbl_infnan)
    i.__mathlib_dbl_infnan2                  0x080013f6   Section        0  dunder.o(i.__mathlib_dbl_infnan2)
    i.__mathlib_dbl_invalid                  0x080013fa   Section        0  dunder.o(i.__mathlib_dbl_invalid)
    i.__mathlib_dbl_underflow                0x08001408   Section        0  dunder.o(i.__mathlib_dbl_underflow)
    i._is_digit                              0x08001418   Section        0  __printf_wp.o(i._is_digit)
    i._sys_exit                              0x08001426   Section        0  usart.o(i._sys_exit)
    i.accel_self_test                        0x0800142c   Section        0  inv_mpu.o(i.accel_self_test)
    accel_self_test                          0x0800142d   Thumb Code   164  inv_mpu.o(i.accel_self_test)
    i.asin                                   0x080014d4   Section        0  asin.o(i.asin)
    i.atan                                   0x08001744   Section        0  atan.o(i.atan)
    i.atan2                                  0x08001964   Section        0  atan2.o(i.atan2)
    i.decode_gesture                         0x08001ae4   Section        0  inv_mpu_dmp_motion_driver.o(i.decode_gesture)
    decode_gesture                           0x08001ae5   Thumb Code    94  inv_mpu_dmp_motion_driver.o(i.decode_gesture)
    i.delay_init                             0x08001b48   Section        0  delay.o(i.delay_init)
    i.delay_ms                               0x08001b8c   Section        0  delay.o(i.delay_ms)
    i.delay_us                               0x08001bd8   Section        0  delay.o(i.delay_us)
    i.dmp_enable_6x_lp_quat                  0x08001c24   Section        0  inv_mpu_dmp_motion_driver.o(i.dmp_enable_6x_lp_quat)
    i.dmp_enable_feature                     0x08001c60   Section        0  inv_mpu_dmp_motion_driver.o(i.dmp_enable_feature)
    i.dmp_enable_gyro_cal                    0x08001e7c   Section        0  inv_mpu_dmp_motion_driver.o(i.dmp_enable_gyro_cal)
    i.dmp_enable_lp_quat                     0x08001ed4   Section        0  inv_mpu_dmp_motion_driver.o(i.dmp_enable_lp_quat)
    i.dmp_load_motion_driver_firmware        0x08001f10   Section        0  inv_mpu_dmp_motion_driver.o(i.dmp_load_motion_driver_firmware)
    i.dmp_read_fifo                          0x08001f28   Section        0  inv_mpu_dmp_motion_driver.o(i.dmp_read_fifo)
    i.dmp_set_accel_bias                     0x080020f4   Section        0  inv_mpu_dmp_motion_driver.o(i.dmp_set_accel_bias)
    i.dmp_set_fifo_rate                      0x08002224   Section        0  inv_mpu_dmp_motion_driver.o(i.dmp_set_fifo_rate)
    i.dmp_set_gyro_bias                      0x08002294   Section        0  inv_mpu_dmp_motion_driver.o(i.dmp_set_gyro_bias)
    i.dmp_set_orientation                    0x080023c4   Section        0  inv_mpu_dmp_motion_driver.o(i.dmp_set_orientation)
    i.dmp_set_shake_reject_thresh            0x080024fc   Section        0  inv_mpu_dmp_motion_driver.o(i.dmp_set_shake_reject_thresh)
    i.dmp_set_shake_reject_time              0x08002534   Section        0  inv_mpu_dmp_motion_driver.o(i.dmp_set_shake_reject_time)
    i.dmp_set_shake_reject_timeout           0x0800255a   Section        0  inv_mpu_dmp_motion_driver.o(i.dmp_set_shake_reject_timeout)
    i.dmp_set_tap_axes                       0x08002580   Section        0  inv_mpu_dmp_motion_driver.o(i.dmp_set_tap_axes)
    i.dmp_set_tap_count                      0x080025c6   Section        0  inv_mpu_dmp_motion_driver.o(i.dmp_set_tap_count)
    i.dmp_set_tap_thresh                     0x080025ec   Section        0  inv_mpu_dmp_motion_driver.o(i.dmp_set_tap_thresh)
    i.dmp_set_tap_time                       0x0800278c   Section        0  inv_mpu_dmp_motion_driver.o(i.dmp_set_tap_time)
    i.dmp_set_tap_time_multi                 0x080027b2   Section        0  inv_mpu_dmp_motion_driver.o(i.dmp_set_tap_time_multi)
    i.fputc                                  0x080027d8   Section        0  usart.o(i.fputc)
    i.get_accel_prod_shift                   0x080027f4   Section        0  inv_mpu.o(i.get_accel_prod_shift)
    get_accel_prod_shift                     0x080027f5   Thumb Code   168  inv_mpu.o(i.get_accel_prod_shift)
    i.get_st_biases                          0x080028a8   Section        0  inv_mpu.o(i.get_st_biases)
    get_st_biases                            0x080028a9   Thumb Code  1132  inv_mpu.o(i.get_st_biases)
    i.gyro_self_test                         0x08002d18   Section        0  inv_mpu.o(i.gyro_self_test)
    gyro_self_test                           0x08002d19   Thumb Code   256  inv_mpu.o(i.gyro_self_test)
    i.inv_orientation_matrix_to_scalar       0x08002e28   Section        0  inv_mpu.o(i.inv_orientation_matrix_to_scalar)
    i.inv_row_2_scale                        0x08002e50   Section        0  inv_mpu.o(i.inv_row_2_scale)
    i.main                                   0x08002ea0   Section        0  main.o(i.main)
    i.mget_ms                                0x080031ec   Section        0  inv_mpu.o(i.mget_ms)
    i.mpu_configure_fifo                     0x080031f0   Section        0  inv_mpu.o(i.mpu_configure_fifo)
    i.mpu_dmp_init                           0x08003260   Section        0  inv_mpu.o(i.mpu_dmp_init)
    i.mpu_get_accel_fsr                      0x08003300   Section        0  inv_mpu.o(i.mpu_get_accel_fsr)
    i.mpu_get_accel_sens                     0x0800334c   Section        0  inv_mpu.o(i.mpu_get_accel_sens)
    i.mpu_get_fifo_config                    0x080033a0   Section        0  inv_mpu.o(i.mpu_get_fifo_config)
    i.mpu_get_gyro_fsr                       0x080033b0   Section        0  inv_mpu.o(i.mpu_get_gyro_fsr)
    i.mpu_get_gyro_sens                      0x080033f4   Section        0  inv_mpu.o(i.mpu_get_gyro_sens)
    i.mpu_get_lpf                            0x08003444   Section        0  inv_mpu.o(i.mpu_get_lpf)
    i.mpu_get_sample_rate                    0x08003494   Section        0  inv_mpu.o(i.mpu_get_sample_rate)
    i.mpu_init                               0x080034b4   Section        0  inv_mpu.o(i.mpu_init)
    i.mpu_load_firmware                      0x080036a4   Section        0  inv_mpu.o(i.mpu_load_firmware)
    i.mpu_lp_accel_mode                      0x0800375c   Section        0  inv_mpu.o(i.mpu_lp_accel_mode)
    i.mpu_read_fifo_stream                   0x0800383c   Section        0  inv_mpu.o(i.mpu_read_fifo_stream)
    i.mpu_read_mem                           0x080038fc   Section        0  inv_mpu.o(i.mpu_read_mem)
    i.mpu_reset_fifo                         0x0800397c   Section        0  inv_mpu.o(i.mpu_reset_fifo)
    i.mpu_run_self_test                      0x08003b44   Section        0  inv_mpu.o(i.mpu_run_self_test)
    i.mpu_set_accel_fsr                      0x08003c60   Section        0  inv_mpu.o(i.mpu_set_accel_fsr)
    i.mpu_set_bypass                         0x08003ce4   Section        0  inv_mpu.o(i.mpu_set_bypass)
    i.mpu_set_dmp_state                      0x08003e30   Section        0  inv_mpu.o(i.mpu_set_dmp_state)
    i.mpu_set_gyro_fsr                       0x08003ec0   Section        0  inv_mpu.o(i.mpu_set_gyro_fsr)
    i.mpu_set_int_latched                    0x08003f48   Section        0  inv_mpu.o(i.mpu_set_int_latched)
    i.mpu_set_lpf                            0x08003fb4   Section        0  inv_mpu.o(i.mpu_set_lpf)
    i.mpu_set_sample_rate                    0x08004038   Section        0  inv_mpu.o(i.mpu_set_sample_rate)
    i.mpu_set_sensors                        0x080040d4   Section        0  inv_mpu.o(i.mpu_set_sensors)
    i.mpu_write_mem                          0x080041a4   Section        0  inv_mpu.o(i.mpu_write_mem)
    i.run_self_test                          0x08004224   Section        0  inv_mpu.o(i.run_self_test)
    i.set_int_enable                         0x080042a8   Section        0  inv_mpu.o(i.set_int_enable)
    set_int_enable                           0x080042a9   Thumb Code   138  inv_mpu.o(i.set_int_enable)
    i.sqrt                                   0x08004338   Section        0  sqrt.o(i.sqrt)
    i.uart_init                              0x08004384   Section        0  usart.o(i.uart_init)
    i.usart_send                             0x08004424   Section        0  main.o(i.usart_send)
    x$fpl$d2f                                0x08004450   Section       98  d2f.o(x$fpl$d2f)
    x$fpl$dadd                               0x080044b4   Section      336  daddsub_clz.o(x$fpl$dadd)
    _dadd1                                   0x080044c5   Thumb Code     0  daddsub_clz.o(x$fpl$dadd)
    x$fpl$dcheck1                            0x08004604   Section       16  dcheck1.o(x$fpl$dcheck1)
    x$fpl$ddiv                               0x08004614   Section      688  ddiv.o(x$fpl$ddiv)
    ddiv_entry                               0x0800461b   Thumb Code     0  ddiv.o(x$fpl$ddiv)
    x$fpl$dmul                               0x080048c4   Section      340  dmul.o(x$fpl$dmul)
    x$fpl$dnaninf                            0x08004a18   Section      156  dnaninf.o(x$fpl$dnaninf)
    x$fpl$dretinf                            0x08004ab4   Section       12  dretinf.o(x$fpl$dretinf)
    x$fpl$drsb                               0x08004ac0   Section       22  daddsub_clz.o(x$fpl$drsb)
    x$fpl$dsqrt                              0x08004ad8   Section      460  dsqrt_noumaal.o(x$fpl$dsqrt)
    x$fpl$dsub                               0x08004ca4   Section      468  daddsub_clz.o(x$fpl$dsub)
    _dsub1                                   0x08004cb5   Thumb Code     0  daddsub_clz.o(x$fpl$dsub)
    x$fpl$f2d                                0x08004e78   Section       86  f2d.o(x$fpl$f2d)
    x$fpl$fadd                               0x08004ed0   Section      196  faddsub_clz.o(x$fpl$fadd)
    _fadd1                                   0x08004edf   Thumb Code     0  faddsub_clz.o(x$fpl$fadd)
    x$fpl$fcmpinf                            0x08004f94   Section       24  fcmpi.o(x$fpl$fcmpinf)
    x$fpl$fdiv                               0x08004fac   Section      388  fdiv.o(x$fpl$fdiv)
    _fdiv1                                   0x08004fad   Thumb Code     0  fdiv.o(x$fpl$fdiv)
    x$fpl$feqf                               0x08005130   Section      104  feqf.o(x$fpl$feqf)
    x$fpl$ffix                               0x08005198   Section       54  ffix.o(x$fpl$ffix)
    x$fpl$ffixu                              0x080051d0   Section       62  ffixu.o(x$fpl$ffixu)
    x$fpl$fflt                               0x08005210   Section       48  fflt_clz.o(x$fpl$fflt)
    x$fpl$ffltu                              0x08005240   Section       38  fflt_clz.o(x$fpl$ffltu)
    x$fpl$fleqf                              0x08005268   Section      104  fleqf.o(x$fpl$fleqf)
    x$fpl$fmul                               0x080052d0   Section      258  fmul.o(x$fpl$fmul)
    x$fpl$fnaninf                            0x080053d2   Section      140  fnaninf.o(x$fpl$fnaninf)
    x$fpl$fretinf                            0x0800545e   Section       10  fretinf.o(x$fpl$fretinf)
    x$fpl$frleqf                             0x08005468   Section       98  frleqf.o(x$fpl$frleqf)
    x$fpl$fsub                               0x080054cc   Section      234  faddsub_clz.o(x$fpl$fsub)
    _fsub1                                   0x080054db   Thumb Code     0  faddsub_clz.o(x$fpl$fsub)
    x$fpl$retnan                             0x080055b6   Section      100  retnan.o(x$fpl$retnan)
    x$fpl$scalbn                             0x0800561a   Section       92  scalbn.o(x$fpl$scalbn)
    x$fpl$trapveneer                         0x08005676   Section       48  trapv.o(x$fpl$trapveneer)
    x$fpl$usenofp                            0x080056a6   Section        0  usenofp.o(x$fpl$usenofp)
    .constdata                               0x080056a8   Section       80  inv_mpu.o(.constdata)
    .constdata                               0x080056f8   Section     3062  inv_mpu_dmp_motion_driver.o(.constdata)
    dmp_memory                               0x080056f8   Data        3062  inv_mpu_dmp_motion_driver.o(.constdata)
    .constdata                               0x080062ee   Section       17  __printf_flags_wp.o(.constdata)
    maptable                                 0x080062ee   Data          17  __printf_flags_wp.o(.constdata)
    .constdata                               0x08006300   Section       80  asin.o(.constdata)
    pS                                       0x08006300   Data          48  asin.o(.constdata)
    qS                                       0x08006330   Data          32  asin.o(.constdata)
    .constdata                               0x08006350   Section      152  atan.o(.constdata)
    atanhi                                   0x08006350   Data          32  atan.o(.constdata)
    atanlo                                   0x08006370   Data          32  atan.o(.constdata)
    aTodd                                    0x08006390   Data          40  atan.o(.constdata)
    aTeven                                   0x080063b8   Data          48  atan.o(.constdata)
    .constdata                               0x080063e8   Section        8  qnan.o(.constdata)
    .conststring                             0x080063f0   Section       77  inv_mpu.o(.conststring)
    .data                                    0x20000000   Section       20  system_stm32f10x.o(.data)
    .data                                    0x20000014   Section        4  delay.o(.data)
    fac_us                                   0x20000014   Data           1  delay.o(.data)
    fac_ms                                   0x20000016   Data           2  delay.o(.data)
    .data                                    0x20000018   Section        6  usart.o(.data)
    .data                                    0x2000001e   Section       20  stm32f10x_rcc.o(.data)
    APBAHBPrescTable                         0x2000001e   Data          16  stm32f10x_rcc.o(.data)
    ADCPrescTable                            0x2000002e   Data           4  stm32f10x_rcc.o(.data)
    .data                                    0x20000034   Section       53  inv_mpu.o(.data)
    st                                       0x20000034   Data          44  inv_mpu.o(.data)
    gyro_orientation                         0x20000060   Data           9  inv_mpu.o(.data)
    .bss                                     0x2000006c   Section       26  main.o(.bss)
    .bss                                     0x20000086   Section      200  usart.o(.bss)
    .bss                                     0x20000150   Section       16  inv_mpu_dmp_motion_driver.o(.bss)
    dmp                                      0x20000150   Data          16  inv_mpu_dmp_motion_driver.o(.bss)
    .bss                                     0x20000160   Section       96  libspace.o(.bss)
    HEAP                                     0x200001c0   Section      512  startup_stm32f10x_hd.o(HEAP)
    Heap_Mem                                 0x200001c0   Data         512  startup_stm32f10x_hd.o(HEAP)
    STACK                                    0x200003c0   Section     1024  startup_stm32f10x_hd.o(STACK)
    Stack_Mem                                0x200003c0   Data        1024  startup_stm32f10x_hd.o(STACK)
    __initial_sp                             0x200007c0   Data           0  startup_stm32f10x_hd.o(STACK)

    Global Symbols

    Symbol Name                              Value     Ov Type        Size  Object(Section)

    BuildAttributes$$THM_ISAv4$P$D$K$B$S$PE$A:L22UL41UL21$X:L11$S22US41US21$IEEE1$IW$USESV6$~STKCKD$USESV7$~SHL$OTIME$ROPI$IEEEX$EBA8$UX$STANDARDLIB$REQ8$PRES8$EABIv2 0x00000000   Number         0  anon$$obj.o ABSOLUTE
    __ARM_use_no_argv                        0x00000000   Number         0  main.o ABSOLUTE
    _printf_flags                            0x00000000   Number         0  printf_stubs.o ABSOLUTE
    _printf_return_value                     0x00000000   Number         0  printf_stubs.o ABSOLUTE
    _printf_sizespec                         0x00000000   Number         0  printf_stubs.o ABSOLUTE
    _printf_widthprec                        0x00000000   Number         0  printf_stubs.o ABSOLUTE
    __ARM_exceptions_init                     - Undefined Weak Reference
    __alloca_initialize                       - Undefined Weak Reference
    __arm_preinit_                            - Undefined Weak Reference
    __cpp_initialize__aeabi_                  - Undefined Weak Reference
    __cxa_finalize                            - Undefined Weak Reference
    __rt_locale                               - Undefined Weak Reference
    __sigvec_lookup                           - Undefined Weak Reference
    _atexit_init                              - Undefined Weak Reference
    _call_atexit_fns                          - Undefined Weak Reference
    _clock_init                               - Undefined Weak Reference
    _fp_trap_init                             - Undefined Weak Reference
    _fp_trap_shutdown                         - Undefined Weak Reference
    _get_lc_collate                           - Undefined Weak Reference
    _get_lc_ctype                             - Undefined Weak Reference
    _get_lc_monetary                          - Undefined Weak Reference
    _get_lc_numeric                           - Undefined Weak Reference
    _get_lc_time                              - Undefined Weak Reference
    _getenv_init                              - Undefined Weak Reference
    _handle_redirection                       - Undefined Weak Reference
    _init_alloc                               - Undefined Weak Reference
    _init_user_alloc                          - Undefined Weak Reference
    _initio                                   - Undefined Weak Reference
    _mutex_acquire                            - Undefined Weak Reference
    _mutex_release                            - Undefined Weak Reference
    _printf_truncate_signed                   - Undefined Weak Reference
    _printf_truncate_unsigned                 - Undefined Weak Reference
    _rand_init                                - Undefined Weak Reference
    _signal_finish                            - Undefined Weak Reference
    _signal_init                              - Undefined Weak Reference
    _terminate_alloc                          - Undefined Weak Reference
    _terminate_user_alloc                     - Undefined Weak Reference
    _terminateio                              - Undefined Weak Reference
    __Vectors_Size                           0x00000130   Number         0  startup_stm32f10x_hd.o ABSOLUTE
    __Vectors                                0x08000000   Data           4  startup_stm32f10x_hd.o(RESET)
    __Vectors_End                            0x08000130   Data           0  startup_stm32f10x_hd.o(RESET)
    __main                                   0x08000131   Thumb Code     8  __main.o(!!!main)
    __scatterload                            0x08000139   Thumb Code     0  __scatter.o(!!!scatter)
    __scatterload_rt2                        0x08000139   Thumb Code    44  __scatter.o(!!!scatter)
    __scatterload_rt2_thumb_only             0x08000139   Thumb Code     0  __scatter.o(!!!scatter)
    __scatterload_null                       0x08000147   Thumb Code     0  __scatter.o(!!!scatter)
    __scatterload_copy                       0x0800016d   Thumb Code    26  __scatter_copy.o(!!handler_copy)
    __scatterload_zeroinit                   0x08000189   Thumb Code    28  __scatter_zi.o(!!handler_zi)
    _printf_d                                0x080001a5   Thumb Code     0  _printf_d.o(.ARM.Collect$$_printf_percent$$00000009)
    _printf_percent                          0x080001a5   Thumb Code     0  _printf_percent.o(.ARM.Collect$$_printf_percent$$00000000)
    _printf_percent_end                      0x080001ab   Thumb Code     0  _printf_percent_end.o(.ARM.Collect$$_printf_percent$$00000017)
    __rt_lib_init                            0x080001af   Thumb Code     0  libinit.o(.ARM.Collect$$libinit$$00000000)
    __rt_lib_init_alloca_1                   0x080001b1   Thumb Code     0  libinit2.o(.ARM.Collect$$libinit$$0000002E)
    __rt_lib_init_argv_1                     0x080001b1   Thumb Code     0  libinit2.o(.ARM.Collect$$libinit$$0000002C)
    __rt_lib_init_atexit_1                   0x080001b1   Thumb Code     0  libinit2.o(.ARM.Collect$$libinit$$0000001B)
    __rt_lib_init_clock_1                    0x080001b1   Thumb Code     0  libinit2.o(.ARM.Collect$$libinit$$00000021)
    __rt_lib_init_cpp_1                      0x080001b1   Thumb Code     0  libinit2.o(.ARM.Collect$$libinit$$00000032)
    __rt_lib_init_exceptions_1               0x080001b1   Thumb Code     0  libinit2.o(.ARM.Collect$$libinit$$00000030)
    __rt_lib_init_fp_1                       0x080001b1   Thumb Code     0  libinit2.o(.ARM.Collect$$libinit$$00000002)
    __rt_lib_init_fp_trap_1                  0x080001b1   Thumb Code     0  libinit2.o(.ARM.Collect$$libinit$$0000001F)
    __rt_lib_init_getenv_1                   0x080001b1   Thumb Code     0  libinit2.o(.ARM.Collect$$libinit$$00000023)
    __rt_lib_init_heap_1                     0x080001b1   Thumb Code     0  libinit2.o(.ARM.Collect$$libinit$$0000000A)
    __rt_lib_init_lc_collate_1               0x080001b1   Thumb Code     0  libinit2.o(.ARM.Collect$$libinit$$00000011)
    __rt_lib_init_lc_ctype_1                 0x080001b1   Thumb Code     0  libinit2.o(.ARM.Collect$$libinit$$00000013)
    __rt_lib_init_lc_monetary_1              0x080001b1   Thumb Code     0  libinit2.o(.ARM.Collect$$libinit$$00000015)
    __rt_lib_init_lc_numeric_1               0x080001b1   Thumb Code     0  libinit2.o(.ARM.Collect$$libinit$$00000017)
    __rt_lib_init_lc_time_1                  0x080001b1   Thumb Code     0  libinit2.o(.ARM.Collect$$libinit$$00000019)
    __rt_lib_init_preinit_1                  0x080001b1   Thumb Code     0  libinit2.o(.ARM.Collect$$libinit$$00000004)
    __rt_lib_init_rand_1                     0x080001b1   Thumb Code     0  libinit2.o(.ARM.Collect$$libinit$$0000000E)
    __rt_lib_init_return                     0x080001b1   Thumb Code     0  libinit2.o(.ARM.Collect$$libinit$$00000033)
    __rt_lib_init_signal_1                   0x080001b1   Thumb Code     0  libinit2.o(.ARM.Collect$$libinit$$0000001D)
    __rt_lib_init_stdio_1                    0x080001b1   Thumb Code     0  libinit2.o(.ARM.Collect$$libinit$$00000025)
    __rt_lib_init_user_alloc_1               0x080001b1   Thumb Code     0  libinit2.o(.ARM.Collect$$libinit$$0000000C)
    __rt_lib_shutdown                        0x080001b3   Thumb Code     0  libshutdown.o(.ARM.Collect$$libshutdown$$00000000)
    __rt_lib_shutdown_cpp_1                  0x080001b5   Thumb Code     0  libshutdown2.o(.ARM.Collect$$libshutdown$$00000002)
    __rt_lib_shutdown_fp_trap_1              0x080001b5   Thumb Code     0  libshutdown2.o(.ARM.Collect$$libshutdown$$00000007)
    __rt_lib_shutdown_heap_1                 0x080001b5   Thumb Code     0  libshutdown2.o(.ARM.Collect$$libshutdown$$0000000F)
    __rt_lib_shutdown_return                 0x080001b5   Thumb Code     0  libshutdown2.o(.ARM.Collect$$libshutdown$$00000010)
    __rt_lib_shutdown_signal_1               0x080001b5   Thumb Code     0  libshutdown2.o(.ARM.Collect$$libshutdown$$0000000A)
    __rt_lib_shutdown_stdio_1                0x080001b5   Thumb Code     0  libshutdown2.o(.ARM.Collect$$libshutdown$$00000004)
    __rt_lib_shutdown_user_alloc_1           0x080001b5   Thumb Code     0  libshutdown2.o(.ARM.Collect$$libshutdown$$0000000C)
    __rt_entry                               0x080001b7   Thumb Code     0  __rtentry.o(.ARM.Collect$$rtentry$$00000000)
    __rt_entry_presh_1                       0x080001b7   Thumb Code     0  __rtentry2.o(.ARM.Collect$$rtentry$$00000002)
    __rt_entry_sh                            0x080001b7   Thumb Code     0  __rtentry4.o(.ARM.Collect$$rtentry$$00000004)
    __rt_entry_li                            0x080001bd   Thumb Code     0  __rtentry2.o(.ARM.Collect$$rtentry$$0000000A)
    __rt_entry_postsh_1                      0x080001bd   Thumb Code     0  __rtentry2.o(.ARM.Collect$$rtentry$$00000009)
    __rt_entry_main                          0x080001c1   Thumb Code     0  __rtentry2.o(.ARM.Collect$$rtentry$$0000000D)
    __rt_entry_postli_1                      0x080001c1   Thumb Code     0  __rtentry2.o(.ARM.Collect$$rtentry$$0000000C)
    __rt_exit                                0x080001c9   Thumb Code     0  rtexit.o(.ARM.Collect$$rtexit$$00000000)
    __rt_exit_ls                             0x080001cb   Thumb Code     0  rtexit2.o(.ARM.Collect$$rtexit$$00000003)
    __rt_exit_prels_1                        0x080001cb   Thumb Code     0  rtexit2.o(.ARM.Collect$$rtexit$$00000002)
    __rt_exit_exit                           0x080001cf   Thumb Code     0  rtexit2.o(.ARM.Collect$$rtexit$$00000004)
    Reset_Handler                            0x080001d5   Thumb Code     8  startup_stm32f10x_hd.o(.text)
    ADC1_2_IRQHandler                        0x080001ef   Thumb Code     0  startup_stm32f10x_hd.o(.text)
    ADC3_IRQHandler                          0x080001ef   Thumb Code     0  startup_stm32f10x_hd.o(.text)
    CAN1_RX1_IRQHandler                      0x080001ef   Thumb Code     0  startup_stm32f10x_hd.o(.text)
    CAN1_SCE_IRQHandler                      0x080001ef   Thumb Code     0  startup_stm32f10x_hd.o(.text)
    DMA1_Channel1_IRQHandler                 0x080001ef   Thumb Code     0  startup_stm32f10x_hd.o(.text)
    DMA1_Channel2_IRQHandler                 0x080001ef   Thumb Code     0  startup_stm32f10x_hd.o(.text)
    DMA1_Channel3_IRQHandler                 0x080001ef   Thumb Code     0  startup_stm32f10x_hd.o(.text)
    DMA1_Channel4_IRQHandler                 0x080001ef   Thumb Code     0  startup_stm32f10x_hd.o(.text)
    DMA1_Channel5_IRQHandler                 0x080001ef   Thumb Code     0  startup_stm32f10x_hd.o(.text)
    DMA1_Channel6_IRQHandler                 0x080001ef   Thumb Code     0  startup_stm32f10x_hd.o(.text)
    DMA1_Channel7_IRQHandler                 0x080001ef   Thumb Code     0  startup_stm32f10x_hd.o(.text)
    DMA2_Channel1_IRQHandler                 0x080001ef   Thumb Code     0  startup_stm32f10x_hd.o(.text)
    DMA2_Channel2_IRQHandler                 0x080001ef   Thumb Code     0  startup_stm32f10x_hd.o(.text)
    DMA2_Channel3_IRQHandler                 0x080001ef   Thumb Code     0  startup_stm32f10x_hd.o(.text)
    DMA2_Channel4_5_IRQHandler               0x080001ef   Thumb Code     0  startup_stm32f10x_hd.o(.text)
    EXTI0_IRQHandler                         0x080001ef   Thumb Code     0  startup_stm32f10x_hd.o(.text)
    EXTI15_10_IRQHandler                     0x080001ef   Thumb Code     0  startup_stm32f10x_hd.o(.text)
    EXTI1_IRQHandler                         0x080001ef   Thumb Code     0  startup_stm32f10x_hd.o(.text)
    EXTI2_IRQHandler                         0x080001ef   Thumb Code     0  startup_stm32f10x_hd.o(.text)
    EXTI3_IRQHandler                         0x080001ef   Thumb Code     0  startup_stm32f10x_hd.o(.text)
    EXTI4_IRQHandler                         0x080001ef   Thumb Code     0  startup_stm32f10x_hd.o(.text)
    EXTI9_5_IRQHandler                       0x080001ef   Thumb Code     0  startup_stm32f10x_hd.o(.text)
    FLASH_IRQHandler                         0x080001ef   Thumb Code     0  startup_stm32f10x_hd.o(.text)
    FSMC_IRQHandler                          0x080001ef   Thumb Code     0  startup_stm32f10x_hd.o(.text)
    I2C1_ER_IRQHandler                       0x080001ef   Thumb Code     0  startup_stm32f10x_hd.o(.text)
    I2C1_EV_IRQHandler                       0x080001ef   Thumb Code     0  startup_stm32f10x_hd.o(.text)
    I2C2_ER_IRQHandler                       0x080001ef   Thumb Code     0  startup_stm32f10x_hd.o(.text)
    I2C2_EV_IRQHandler                       0x080001ef   Thumb Code     0  startup_stm32f10x_hd.o(.text)
    PVD_IRQHandler                           0x080001ef   Thumb Code     0  startup_stm32f10x_hd.o(.text)
    RCC_IRQHandler                           0x080001ef   Thumb Code     0  startup_stm32f10x_hd.o(.text)
    RTCAlarm_IRQHandler                      0x080001ef   Thumb Code     0  startup_stm32f10x_hd.o(.text)
    RTC_IRQHandler                           0x080001ef   Thumb Code     0  startup_stm32f10x_hd.o(.text)
    SDIO_IRQHandler                          0x080001ef   Thumb Code     0  startup_stm32f10x_hd.o(.text)
    SPI1_IRQHandler                          0x080001ef   Thumb Code     0  startup_stm32f10x_hd.o(.text)
    SPI2_IRQHandler                          0x080001ef   Thumb Code     0  startup_stm32f10x_hd.o(.text)
    SPI3_IRQHandler                          0x080001ef   Thumb Code     0  startup_stm32f10x_hd.o(.text)
    TAMPER_IRQHandler                        0x080001ef   Thumb Code     0  startup_stm32f10x_hd.o(.text)
    TIM1_BRK_IRQHandler                      0x080001ef   Thumb Code     0  startup_stm32f10x_hd.o(.text)
    TIM1_CC_IRQHandler                       0x080001ef   Thumb Code     0  startup_stm32f10x_hd.o(.text)
    TIM1_TRG_COM_IRQHandler                  0x080001ef   Thumb Code     0  startup_stm32f10x_hd.o(.text)
    TIM1_UP_IRQHandler                       0x080001ef   Thumb Code     0  startup_stm32f10x_hd.o(.text)
    TIM2_IRQHandler                          0x080001ef   Thumb Code     0  startup_stm32f10x_hd.o(.text)
    TIM4_IRQHandler                          0x080001ef   Thumb Code     0  startup_stm32f10x_hd.o(.text)
    TIM5_IRQHandler                          0x080001ef   Thumb Code     0  startup_stm32f10x_hd.o(.text)
    TIM6_IRQHandler                          0x080001ef   Thumb Code     0  startup_stm32f10x_hd.o(.text)
    TIM7_IRQHandler                          0x080001ef   Thumb Code     0  startup_stm32f10x_hd.o(.text)
    TIM8_BRK_IRQHandler                      0x080001ef   Thumb Code     0  startup_stm32f10x_hd.o(.text)
    TIM8_CC_IRQHandler                       0x080001ef   Thumb Code     0  startup_stm32f10x_hd.o(.text)
    TIM8_TRG_COM_IRQHandler                  0x080001ef   Thumb Code     0  startup_stm32f10x_hd.o(.text)
    TIM8_UP_IRQHandler                       0x080001ef   Thumb Code     0  startup_stm32f10x_hd.o(.text)
    UART4_IRQHandler                         0x080001ef   Thumb Code     0  startup_stm32f10x_hd.o(.text)
    UART5_IRQHandler                         0x080001ef   Thumb Code     0  startup_stm32f10x_hd.o(.text)
    USART2_IRQHandler                        0x080001ef   Thumb Code     0  startup_stm32f10x_hd.o(.text)
    USART3_IRQHandler                        0x080001ef   Thumb Code     0  startup_stm32f10x_hd.o(.text)
    USBWakeUp_IRQHandler                     0x080001ef   Thumb Code     0  startup_stm32f10x_hd.o(.text)
    USB_HP_CAN1_TX_IRQHandler                0x080001ef   Thumb Code     0  startup_stm32f10x_hd.o(.text)
    USB_LP_CAN1_RX0_IRQHandler               0x080001ef   Thumb Code     0  startup_stm32f10x_hd.o(.text)
    WWDG_IRQHandler                          0x080001ef   Thumb Code     0  startup_stm32f10x_hd.o(.text)
    __user_initial_stackheap                 0x080001f1   Thumb Code     0  startup_stm32f10x_hd.o(.text)
    __use_no_semihosting                     0x08000215   Thumb Code     2  use_no_semi_2.o(.text)
    __aeabi_ldivmod                          0x08000217   Thumb Code     0  llsdiv.o(.text)
    _ll_sdiv                                 0x08000217   Thumb Code    72  llsdiv.o(.text)
    __2printf                                0x08000261   Thumb Code    20  noretval__2printf.o(.text)
    _printf_int_dec                          0x08000279   Thumb Code   104  _printf_dec.o(.text)
    __printf                                 0x080002f1   Thumb Code   308  __printf_flags_wp.o(.text)
    memcmp                                   0x08000429   Thumb Code    88  memcmp.o(.text)
    __aeabi_memset                           0x08000481   Thumb Code    16  aeabi_memset.o(.text)
    __use_two_region_memory                  0x08000491   Thumb Code     2  heapauxi.o(.text)
    __rt_heap_escrow$2region                 0x08000493   Thumb Code     2  heapauxi.o(.text)
    __rt_heap_expand$2region                 0x08000495   Thumb Code     2  heapauxi.o(.text)
    __I$use$semihosting                      0x08000497   Thumb Code     0  use_no_semi.o(.text)
    __use_no_semihosting_swi                 0x08000497   Thumb Code     2  use_no_semi.o(.text)
    __aeabi_uldivmod                         0x08000499   Thumb Code     0  lludivv7m.o(.text)
    _ll_udiv                                 0x08000499   Thumb Code   238  lludivv7m.o(.text)
    __read_errno                             0x08000587   Thumb Code    10  _rserrno.o(.text)
    __set_errno                              0x08000591   Thumb Code    12  _rserrno.o(.text)
    _printf_int_common                       0x0800059d   Thumb Code   178  _printf_intcommon.o(.text)
    _printf_char_file                        0x08000651   Thumb Code    32  _printf_char_file.o(.text)
    __aeabi_memclr                           0x08000675   Thumb Code     0  rt_memclr.o(.text)
    __rt_memclr                              0x08000675   Thumb Code    68  rt_memclr.o(.text)
    _memset                                  0x08000679   Thumb Code     0  rt_memclr.o(.text)
    __aeabi_errno_addr                       0x080006b9   Thumb Code     8  rt_errno_addr_intlibspace.o(.text)
    __errno$intlibspace                      0x080006b9   Thumb Code     0  rt_errno_addr_intlibspace.o(.text)
    __rt_errno_addr$intlibspace              0x080006b9   Thumb Code     0  rt_errno_addr_intlibspace.o(.text)
    _printf_char_common                      0x080006cb   Thumb Code    32  _printf_char_common.o(.text)
    ferror                                   0x080006f1   Thumb Code     8  ferror.o(.text)
    __aeabi_memclr4                          0x080006f9   Thumb Code     0  rt_memclr_w.o(.text)
    __aeabi_memclr8                          0x080006f9   Thumb Code     0  rt_memclr_w.o(.text)
    __rt_memclr_w                            0x080006f9   Thumb Code    78  rt_memclr_w.o(.text)
    _memset_w                                0x080006fd   Thumb Code     0  rt_memclr_w.o(.text)
    __user_libspace                          0x08000749   Thumb Code     8  libspace.o(.text)
    __user_perproc_libspace                  0x08000749   Thumb Code     0  libspace.o(.text)
    __user_perthread_libspace                0x08000749   Thumb Code     0  libspace.o(.text)
    __user_setup_stackheap                   0x08000751   Thumb Code    74  sys_stackheap_outer.o(.text)
    exit                                     0x0800079b   Thumb Code    18  exit.o(.text)
    BusFault_Handler                         0x080007ad   Thumb Code     4  stm32f10x_it.o(i.BusFault_Handler)
    DebugMon_Handler                         0x080007b1   Thumb Code     2  stm32f10x_it.o(i.DebugMon_Handler)
    GPIO_Init                                0x080007b3   Thumb Code   278  stm32f10x_gpio.o(i.GPIO_Init)
    GPIO_SetBits                             0x080008c9   Thumb Code     4  stm32f10x_gpio.o(i.GPIO_SetBits)
    HardFault_Handler                        0x080008cd   Thumb Code     4  stm32f10x_it.o(i.HardFault_Handler)
    LED_Init                                 0x080008d1   Thumb Code    50  led.o(i.LED_Init)
    MPU_IIC_Ack                              0x08000911   Thumb Code    62  mpuiic.o(i.MPU_IIC_Ack)
    MPU_IIC_Delay                            0x0800095d   Thumb Code    10  mpuiic.o(i.MPU_IIC_Delay)
    MPU_IIC_Init                             0x08000969   Thumb Code    50  mpuiic.o(i.MPU_IIC_Init)
    MPU_IIC_NAck                             0x080009a1   Thumb Code    62  mpuiic.o(i.MPU_IIC_NAck)
    MPU_IIC_Read_Byte                        0x080009ed   Thumb Code    94  mpuiic.o(i.MPU_IIC_Read_Byte)
    MPU_IIC_Send_Byte                        0x08000a59   Thumb Code    80  mpuiic.o(i.MPU_IIC_Send_Byte)
    MPU_IIC_Start                            0x08000ab5   Thumb Code    60  mpuiic.o(i.MPU_IIC_Start)
    MPU_IIC_Stop                             0x08000afd   Thumb Code    58  mpuiic.o(i.MPU_IIC_Stop)
    MPU_IIC_Wait_Ack                         0x08000b45   Thumb Code    86  mpuiic.o(i.MPU_IIC_Wait_Ack)
    MPU_Read_Len                             0x08000ba9   Thumb Code   116  mpu6050.o(i.MPU_Read_Len)
    MPU_Write_Len                            0x08000c1d   Thumb Code    96  mpu6050.o(i.MPU_Write_Len)
    MemManage_Handler                        0x08000c7d   Thumb Code     4  stm32f10x_it.o(i.MemManage_Handler)
    NMI_Handler                              0x08000c81   Thumb Code     2  stm32f10x_it.o(i.NMI_Handler)
    NVIC_Init                                0x08000c85   Thumb Code   100  misc.o(i.NVIC_Init)
    PendSV_Handler                           0x08000cf5   Thumb Code     2  stm32f10x_it.o(i.PendSV_Handler)
    RCC_APB1PeriphClockCmd                   0x08000cf9   Thumb Code    26  stm32f10x_rcc.o(i.RCC_APB1PeriphClockCmd)
    RCC_APB2PeriphClockCmd                   0x08000d19   Thumb Code    26  stm32f10x_rcc.o(i.RCC_APB2PeriphClockCmd)
    RCC_GetClocksFreq                        0x08000d39   Thumb Code   192  stm32f10x_rcc.o(i.RCC_GetClocksFreq)
    SVC_Handler                              0x08000e0d   Thumb Code     2  stm32f10x_it.o(i.SVC_Handler)
    SysTick_CLKSourceConfig                  0x08000ef9   Thumb Code    40  misc.o(i.SysTick_CLKSourceConfig)
    SysTick_Handler                          0x08000f21   Thumb Code     2  stm32f10x_it.o(i.SysTick_Handler)
    SystemInit                               0x08000f25   Thumb Code    78  system_stm32f10x.o(i.SystemInit)
    TIM3_IRQHandler                          0x08000f85   Thumb Code    22  main.o(i.TIM3_IRQHandler)
    TIM3_Int_Init                            0x08000fa1   Thumb Code    90  timer.o(i.TIM3_Int_Init)
    TIM_ClearITPendingBit                    0x08001001   Thumb Code     6  stm32f10x_tim.o(i.TIM_ClearITPendingBit)
    TIM_Cmd                                  0x08001007   Thumb Code    24  stm32f10x_tim.o(i.TIM_Cmd)
    TIM_GetITStatus                          0x0800101f   Thumb Code    34  stm32f10x_tim.o(i.TIM_GetITStatus)
    TIM_ITConfig                             0x08001041   Thumb Code    18  stm32f10x_tim.o(i.TIM_ITConfig)
    TIM_TimeBaseInit                         0x08001055   Thumb Code   122  stm32f10x_tim.o(i.TIM_TimeBaseInit)
    USART1_IRQHandler                        0x080010f9   Thumb Code   122  usart.o(i.USART1_IRQHandler)
    USART_Cmd                                0x08001181   Thumb Code    24  stm32f10x_usart.o(i.USART_Cmd)
    USART_GetITStatus                        0x08001199   Thumb Code    84  stm32f10x_usart.o(i.USART_GetITStatus)
    USART_ITConfig                           0x080011ed   Thumb Code    74  stm32f10x_usart.o(i.USART_ITConfig)
    USART_Init                               0x08001239   Thumb Code   210  stm32f10x_usart.o(i.USART_Init)
    USART_ReceiveData                        0x08001311   Thumb Code    10  stm32f10x_usart.o(i.USART_ReceiveData)
    UsageFault_Handler                       0x0800131b   Thumb Code     4  stm32f10x_it.o(i.UsageFault_Handler)
    __ARM_fpclassify                         0x0800131f   Thumb Code    40  fpclassify.o(i.__ARM_fpclassify)
    __kernel_poly                            0x08001347   Thumb Code   170  poly.o(i.__kernel_poly)
    __mathlib_dbl_infnan                     0x080013f1   Thumb Code     6  dunder.o(i.__mathlib_dbl_infnan)
    __mathlib_dbl_infnan2                    0x080013f7   Thumb Code     4  dunder.o(i.__mathlib_dbl_infnan2)
    __mathlib_dbl_invalid                    0x080013fb   Thumb Code    12  dunder.o(i.__mathlib_dbl_invalid)
    __mathlib_dbl_underflow                  0x08001409   Thumb Code    10  dunder.o(i.__mathlib_dbl_underflow)
    _is_digit                                0x08001419   Thumb Code    14  __printf_wp.o(i._is_digit)
    _sys_exit                                0x08001427   Thumb Code     4  usart.o(i._sys_exit)
    asin                                     0x080014d5   Thumb Code   572  asin.o(i.asin)
    atan                                     0x08001745   Thumb Code   474  atan.o(i.atan)
    atan2                                    0x08001965   Thumb Code   346  atan2.o(i.atan2)
    delay_init                               0x08001b49   Thumb Code    50  delay.o(i.delay_init)
    delay_ms                                 0x08001b8d   Thumb Code    72  delay.o(i.delay_ms)
    delay_us                                 0x08001bd9   Thumb Code    72  delay.o(i.delay_us)
    dmp_enable_6x_lp_quat                    0x08001c25   Thumb Code    60  inv_mpu_dmp_motion_driver.o(i.dmp_enable_6x_lp_quat)
    dmp_enable_feature                       0x08001c61   Thumb Code   530  inv_mpu_dmp_motion_driver.o(i.dmp_enable_feature)
    dmp_enable_gyro_cal                      0x08001e7d   Thumb Code    62  inv_mpu_dmp_motion_driver.o(i.dmp_enable_gyro_cal)
    dmp_enable_lp_quat                       0x08001ed5   Thumb Code    60  inv_mpu_dmp_motion_driver.o(i.dmp_enable_lp_quat)
    dmp_load_motion_driver_firmware          0x08001f11   Thumb Code    20  inv_mpu_dmp_motion_driver.o(i.dmp_load_motion_driver_firmware)
    dmp_read_fifo                            0x08001f29   Thumb Code   456  inv_mpu_dmp_motion_driver.o(i.dmp_read_fifo)
    dmp_set_accel_bias                       0x080020f5   Thumb Code   300  inv_mpu_dmp_motion_driver.o(i.dmp_set_accel_bias)
    dmp_set_fifo_rate                        0x08002225   Thumb Code    96  inv_mpu_dmp_motion_driver.o(i.dmp_set_fifo_rate)
    dmp_set_gyro_bias                        0x08002295   Thumb Code   294  inv_mpu_dmp_motion_driver.o(i.dmp_set_gyro_bias)
    dmp_set_orientation                      0x080023c5   Thumb Code   290  inv_mpu_dmp_motion_driver.o(i.dmp_set_orientation)
    dmp_set_shake_reject_thresh              0x080024fd   Thumb Code    56  inv_mpu_dmp_motion_driver.o(i.dmp_set_shake_reject_thresh)
    dmp_set_shake_reject_time                0x08002535   Thumb Code    38  inv_mpu_dmp_motion_driver.o(i.dmp_set_shake_reject_time)
    dmp_set_shake_reject_timeout             0x0800255b   Thumb Code    38  inv_mpu_dmp_motion_driver.o(i.dmp_set_shake_reject_timeout)
    dmp_set_tap_axes                         0x08002581   Thumb Code    70  inv_mpu_dmp_motion_driver.o(i.dmp_set_tap_axes)
    dmp_set_tap_count                        0x080025c7   Thumb Code    38  inv_mpu_dmp_motion_driver.o(i.dmp_set_tap_count)
    dmp_set_tap_thresh                       0x080025ed   Thumb Code   396  inv_mpu_dmp_motion_driver.o(i.dmp_set_tap_thresh)
    dmp_set_tap_time                         0x0800278d   Thumb Code    38  inv_mpu_dmp_motion_driver.o(i.dmp_set_tap_time)
    dmp_set_tap_time_multi                   0x080027b3   Thumb Code    38  inv_mpu_dmp_motion_driver.o(i.dmp_set_tap_time_multi)
    fputc                                    0x080027d9   Thumb Code    24  usart.o(i.fputc)
    inv_orientation_matrix_to_scalar         0x08002e29   Thumb Code    40  inv_mpu.o(i.inv_orientation_matrix_to_scalar)
    inv_row_2_scale                          0x08002e51   Thumb Code    78  inv_mpu.o(i.inv_row_2_scale)
    main                                     0x08002ea1   Thumb Code   816  main.o(i.main)
    mget_ms                                  0x080031ed   Thumb Code     2  inv_mpu.o(i.mget_ms)
    mpu_configure_fifo                       0x080031f1   Thumb Code   106  inv_mpu.o(i.mpu_configure_fifo)
    mpu_dmp_init                             0x08003261   Thumb Code   154  inv_mpu.o(i.mpu_dmp_init)
    mpu_get_accel_fsr                        0x08003301   Thumb Code    72  inv_mpu.o(i.mpu_get_accel_fsr)
    mpu_get_accel_sens                       0x0800334d   Thumb Code    78  inv_mpu.o(i.mpu_get_accel_sens)
    mpu_get_fifo_config                      0x080033a1   Thumb Code    12  inv_mpu.o(i.mpu_get_fifo_config)
    mpu_get_gyro_fsr                         0x080033b1   Thumb Code    64  inv_mpu.o(i.mpu_get_gyro_fsr)
    mpu_get_gyro_sens                        0x080033f5   Thumb Code    58  inv_mpu.o(i.mpu_get_gyro_sens)
    mpu_get_lpf                              0x08003445   Thumb Code    74  inv_mpu.o(i.mpu_get_lpf)
    mpu_get_sample_rate                      0x08003495   Thumb Code    26  inv_mpu.o(i.mpu_get_sample_rate)
    mpu_init                                 0x080034b5   Thumb Code   416  inv_mpu.o(i.mpu_init)
    mpu_load_firmware                        0x080036a5   Thumb Code   180  inv_mpu.o(i.mpu_load_firmware)
    mpu_lp_accel_mode                        0x0800375d   Thumb Code   218  inv_mpu.o(i.mpu_lp_accel_mode)
    mpu_read_fifo_stream                     0x0800383d   Thumb Code   186  inv_mpu.o(i.mpu_read_fifo_stream)
    mpu_read_mem                             0x080038fd   Thumb Code   122  inv_mpu.o(i.mpu_read_mem)
    mpu_reset_fifo                           0x0800397d   Thumb Code   450  inv_mpu.o(i.mpu_reset_fifo)
    mpu_run_self_test                        0x08003b45   Thumb Code   278  inv_mpu.o(i.mpu_run_self_test)
    mpu_set_accel_fsr                        0x08003c61   Thumb Code   126  inv_mpu.o(i.mpu_set_accel_fsr)
    mpu_set_bypass                           0x08003ce5   Thumb Code   328  inv_mpu.o(i.mpu_set_bypass)
    mpu_set_dmp_state                        0x08003e31   Thumb Code   138  inv_mpu.o(i.mpu_set_dmp_state)
    mpu_set_gyro_fsr                         0x08003ec1   Thumb Code   132  inv_mpu.o(i.mpu_set_gyro_fsr)
    mpu_set_int_latched                      0x08003f49   Thumb Code   102  inv_mpu.o(i.mpu_set_int_latched)
    mpu_set_lpf                              0x08003fb5   Thumb Code   126  inv_mpu.o(i.mpu_set_lpf)
    mpu_set_sample_rate                      0x08004039   Thumb Code   152  inv_mpu.o(i.mpu_set_sample_rate)
    mpu_set_sensors                          0x080040d5   Thumb Code   202  inv_mpu.o(i.mpu_set_sensors)
    mpu_write_mem                            0x080041a5   Thumb Code   122  inv_mpu.o(i.mpu_write_mem)
    run_self_test                            0x08004225   Thumb Code   130  inv_mpu.o(i.run_self_test)
    sqrt                                     0x08004339   Thumb Code    76  sqrt.o(i.sqrt)
    uart_init                                0x08004385   Thumb Code   152  usart.o(i.uart_init)
    usart_send                               0x08004425   Thumb Code    40  main.o(i.usart_send)
    __aeabi_d2f                              0x08004451   Thumb Code     0  d2f.o(x$fpl$d2f)
    _d2f                                     0x08004451   Thumb Code    98  d2f.o(x$fpl$d2f)
    __aeabi_dadd                             0x080044b5   Thumb Code     0  daddsub_clz.o(x$fpl$dadd)
    _dadd                                    0x080044b5   Thumb Code   332  daddsub_clz.o(x$fpl$dadd)
    __fpl_dcheck_NaN1                        0x08004605   Thumb Code    10  dcheck1.o(x$fpl$dcheck1)
    __aeabi_ddiv                             0x08004615   Thumb Code     0  ddiv.o(x$fpl$ddiv)
    _ddiv                                    0x08004615   Thumb Code   552  ddiv.o(x$fpl$ddiv)
    __aeabi_dmul                             0x080048c5   Thumb Code     0  dmul.o(x$fpl$dmul)
    _dmul                                    0x080048c5   Thumb Code   332  dmul.o(x$fpl$dmul)
    __fpl_dnaninf                            0x08004a19   Thumb Code   156  dnaninf.o(x$fpl$dnaninf)
    __fpl_dretinf                            0x08004ab5   Thumb Code    12  dretinf.o(x$fpl$dretinf)
    __aeabi_drsub                            0x08004ac1   Thumb Code     0  daddsub_clz.o(x$fpl$drsb)
    _drsb                                    0x08004ac1   Thumb Code    22  daddsub_clz.o(x$fpl$drsb)
    _dsqrt                                   0x08004ad9   Thumb Code   456  dsqrt_noumaal.o(x$fpl$dsqrt)
    __aeabi_dsub                             0x08004ca5   Thumb Code     0  daddsub_clz.o(x$fpl$dsub)
    _dsub                                    0x08004ca5   Thumb Code   464  daddsub_clz.o(x$fpl$dsub)
    __aeabi_f2d                              0x08004e79   Thumb Code     0  f2d.o(x$fpl$f2d)
    _f2d                                     0x08004e79   Thumb Code    86  f2d.o(x$fpl$f2d)
    __aeabi_fadd                             0x08004ed1   Thumb Code     0  faddsub_clz.o(x$fpl$fadd)
    _fadd                                    0x08004ed1   Thumb Code   196  faddsub_clz.o(x$fpl$fadd)
    __fpl_fcmp_Inf                           0x08004f95   Thumb Code    24  fcmpi.o(x$fpl$fcmpinf)
    __aeabi_fdiv                             0x08004fad   Thumb Code     0  fdiv.o(x$fpl$fdiv)
    _fdiv                                    0x08004fad   Thumb Code   384  fdiv.o(x$fpl$fdiv)
    __aeabi_cfcmpeq                          0x08005131   Thumb Code     0  feqf.o(x$fpl$feqf)
    _fcmpeq                                  0x08005131   Thumb Code   104  feqf.o(x$fpl$feqf)
    __aeabi_f2iz                             0x08005199   Thumb Code     0  ffix.o(x$fpl$ffix)
    _ffix                                    0x08005199   Thumb Code    54  ffix.o(x$fpl$ffix)
    __aeabi_f2uiz                            0x080051d1   Thumb Code     0  ffixu.o(x$fpl$ffixu)
    _ffixu                                   0x080051d1   Thumb Code    62  ffixu.o(x$fpl$ffixu)
    __aeabi_i2f                              0x08005211   Thumb Code     0  fflt_clz.o(x$fpl$fflt)
    _fflt                                    0x08005211   Thumb Code    48  fflt_clz.o(x$fpl$fflt)
    __aeabi_ui2f                             0x08005241   Thumb Code     0  fflt_clz.o(x$fpl$ffltu)
    _ffltu                                   0x08005241   Thumb Code    38  fflt_clz.o(x$fpl$ffltu)
    __aeabi_cfcmple                          0x08005269   Thumb Code     0  fleqf.o(x$fpl$fleqf)
    _fcmple                                  0x08005269   Thumb Code   104  fleqf.o(x$fpl$fleqf)
    __fpl_fcmple_InfNaN                      0x080052bb   Thumb Code     0  fleqf.o(x$fpl$fleqf)
    __aeabi_fmul                             0x080052d1   Thumb Code     0  fmul.o(x$fpl$fmul)
    _fmul                                    0x080052d1   Thumb Code   258  fmul.o(x$fpl$fmul)
    __fpl_fnaninf                            0x080053d3   Thumb Code   140  fnaninf.o(x$fpl$fnaninf)
    __fpl_fretinf                            0x0800545f   Thumb Code    10  fretinf.o(x$fpl$fretinf)
    __aeabi_cfrcmple                         0x08005469   Thumb Code     0  frleqf.o(x$fpl$frleqf)
    _frcmple                                 0x08005469   Thumb Code    98  frleqf.o(x$fpl$frleqf)
    __aeabi_fsub                             0x080054cd   Thumb Code     0  faddsub_clz.o(x$fpl$fsub)
    _fsub                                    0x080054cd   Thumb Code   234  faddsub_clz.o(x$fpl$fsub)
    __fpl_return_NaN                         0x080055b7   Thumb Code   100  retnan.o(x$fpl$retnan)
    __ARM_scalbn                             0x0800561b   Thumb Code    92  scalbn.o(x$fpl$scalbn)
    __fpl_cmpreturn                          0x08005677   Thumb Code    48  trapv.o(x$fpl$trapveneer)
    __I$use$fp                               0x080056a6   Number         0  usenofp.o(x$fpl$usenofp)
    reg                                      0x080056a8   Data          27  inv_mpu.o(.constdata)
    hw                                       0x080056c4   Data          12  inv_mpu.o(.constdata)
    test                                     0x080056d0   Data          40  inv_mpu.o(.constdata)
    __mathlib_zero                           0x080063e8   Data           8  qnan.o(.constdata)
    Region$$Table$$Base                      0x08006440   Number         0  anon$$obj.o(Region$$Table)
    Region$$Table$$Limit                     0x08006460   Number         0  anon$$obj.o(Region$$Table)
    SystemCoreClock                          0x20000000   Data           4  system_stm32f10x.o(.data)
    AHBPrescTable                            0x20000004   Data          16  system_stm32f10x.o(.data)
    __stdout                                 0x20000018   Data           4  usart.o(.data)
    USART_RX_STA                             0x2000001c   Data           2  usart.o(.data)
    MPU6050_Pack                             0x2000006c   Data          26  main.o(.bss)
    USART_RX_BUF                             0x20000086   Data         200  usart.o(.bss)
    __libspace_start                         0x20000160   Data          96  libspace.o(.bss)
    __temporary_stack_top$libspace           0x200001c0   Data           0  libspace.o(.bss)



==============================================================================

Memory Map of the image

  Image Entry point : 0x080001d5

  Load Region LR_1 (Base: 0x08000000, Size: 0x000064cc, Max: 0xffffffff, ABSOLUTE)

    Execution Region ER_RO (Exec base: 0x08000000, Load base: 0x08000000, Size: 0x00006460, Max: 0xffffffff, ABSOLUTE)

    Exec Addr    Load Addr    Size         Type   Attr      Idx    E Section Name        Object

    0x08000000   0x08000000   0x00000130   Data   RO          386    RESET               startup_stm32f10x_hd.o
    0x08000130   0x08000130   0x00000008   Code   RO         4247  * !!!main             c_w.l(__main.o)
    0x08000138   0x08000138   0x00000034   Code   RO         4572    !!!scatter          c_w.l(__scatter.o)
    0x0800016c   0x0800016c   0x0000001a   Code   RO         4574    !!handler_copy      c_w.l(__scatter_copy.o)
    0x08000186   0x08000186   0x00000002   PAD
    0x08000188   0x08000188   0x0000001c   Code   RO         4576    !!handler_zi        c_w.l(__scatter_zi.o)
    0x080001a4   0x080001a4   0x00000000   Code   RO         4240    .ARM.Collect$$_printf_percent$$00000000  c_w.l(_printf_percent.o)
    0x080001a4   0x080001a4   0x00000006   Code   RO         4239    .ARM.Collect$$_printf_percent$$00000009  c_w.l(_printf_d.o)
    0x080001aa   0x080001aa   0x00000004   Code   RO         4332    .ARM.Collect$$_printf_percent$$00000017  c_w.l(_printf_percent_end.o)
    0x080001ae   0x080001ae   0x00000002   Code   RO         4439    .ARM.Collect$$libinit$$00000000  c_w.l(libinit.o)
    0x080001b0   0x080001b0   0x00000000   Code   RO         4451    .ARM.Collect$$libinit$$00000002  c_w.l(libinit2.o)
    0x080001b0   0x080001b0   0x00000000   Code   RO         4453    .ARM.Collect$$libinit$$00000004  c_w.l(libinit2.o)
    0x080001b0   0x080001b0   0x00000000   Code   RO         4456    .ARM.Collect$$libinit$$0000000A  c_w.l(libinit2.o)
    0x080001b0   0x080001b0   0x00000000   Code   RO         4458    .ARM.Collect$$libinit$$0000000C  c_w.l(libinit2.o)
    0x080001b0   0x080001b0   0x00000000   Code   RO         4460    .ARM.Collect$$libinit$$0000000E  c_w.l(libinit2.o)
    0x080001b0   0x080001b0   0x00000000   Code   RO         4463    .ARM.Collect$$libinit$$00000011  c_w.l(libinit2.o)
    0x080001b0   0x080001b0   0x00000000   Code   RO         4465    .ARM.Collect$$libinit$$00000013  c_w.l(libinit2.o)
    0x080001b0   0x080001b0   0x00000000   Code   RO         4467    .ARM.Collect$$libinit$$00000015  c_w.l(libinit2.o)
    0x080001b0   0x080001b0   0x00000000   Code   RO         4469    .ARM.Collect$$libinit$$00000017  c_w.l(libinit2.o)
    0x080001b0   0x080001b0   0x00000000   Code   RO         4471    .ARM.Collect$$libinit$$00000019  c_w.l(libinit2.o)
    0x080001b0   0x080001b0   0x00000000   Code   RO         4473    .ARM.Collect$$libinit$$0000001B  c_w.l(libinit2.o)
    0x080001b0   0x080001b0   0x00000000   Code   RO         4475    .ARM.Collect$$libinit$$0000001D  c_w.l(libinit2.o)
    0x080001b0   0x080001b0   0x00000000   Code   RO         4477    .ARM.Collect$$libinit$$0000001F  c_w.l(libinit2.o)
    0x080001b0   0x080001b0   0x00000000   Code   RO         4479    .ARM.Collect$$libinit$$00000021  c_w.l(libinit2.o)
    0x080001b0   0x080001b0   0x00000000   Code   RO         4481    .ARM.Collect$$libinit$$00000023  c_w.l(libinit2.o)
    0x080001b0   0x080001b0   0x00000000   Code   RO         4483    .ARM.Collect$$libinit$$00000025  c_w.l(libinit2.o)
    0x080001b0   0x080001b0   0x00000000   Code   RO         4487    .ARM.Collect$$libinit$$0000002C  c_w.l(libinit2.o)
    0x080001b0   0x080001b0   0x00000000   Code   RO         4489    .ARM.Collect$$libinit$$0000002E  c_w.l(libinit2.o)
    0x080001b0   0x080001b0   0x00000000   Code   RO         4491    .ARM.Collect$$libinit$$00000030  c_w.l(libinit2.o)
    0x080001b0   0x080001b0   0x00000000   Code   RO         4493    .ARM.Collect$$libinit$$00000032  c_w.l(libinit2.o)
    0x080001b0   0x080001b0   0x00000002   Code   RO         4494    .ARM.Collect$$libinit$$00000033  c_w.l(libinit2.o)
    0x080001b2   0x080001b2   0x00000002   Code   RO         4524    .ARM.Collect$$libshutdown$$00000000  c_w.l(libshutdown.o)
    0x080001b4   0x080001b4   0x00000000   Code   RO         4538    .ARM.Collect$$libshutdown$$00000002  c_w.l(libshutdown2.o)
    0x080001b4   0x080001b4   0x00000000   Code   RO         4540    .ARM.Collect$$libshutdown$$00000004  c_w.l(libshutdown2.o)
    0x080001b4   0x080001b4   0x00000000   Code   RO         4543    .ARM.Collect$$libshutdown$$00000007  c_w.l(libshutdown2.o)
    0x080001b4   0x080001b4   0x00000000   Code   RO         4546    .ARM.Collect$$libshutdown$$0000000A  c_w.l(libshutdown2.o)
    0x080001b4   0x080001b4   0x00000000   Code   RO         4548    .ARM.Collect$$libshutdown$$0000000C  c_w.l(libshutdown2.o)
    0x080001b4   0x080001b4   0x00000000   Code   RO         4551    .ARM.Collect$$libshutdown$$0000000F  c_w.l(libshutdown2.o)
    0x080001b4   0x080001b4   0x00000002   Code   RO         4552    .ARM.Collect$$libshutdown$$00000010  c_w.l(libshutdown2.o)
    0x080001b6   0x080001b6   0x00000000   Code   RO         4323    .ARM.Collect$$rtentry$$00000000  c_w.l(__rtentry.o)
    0x080001b6   0x080001b6   0x00000000   Code   RO         4386    .ARM.Collect$$rtentry$$00000002  c_w.l(__rtentry2.o)
    0x080001b6   0x080001b6   0x00000006   Code   RO         4398    .ARM.Collect$$rtentry$$00000004  c_w.l(__rtentry4.o)
    0x080001bc   0x080001bc   0x00000000   Code   RO         4388    .ARM.Collect$$rtentry$$00000009  c_w.l(__rtentry2.o)
    0x080001bc   0x080001bc   0x00000004   Code   RO         4389    .ARM.Collect$$rtentry$$0000000A  c_w.l(__rtentry2.o)
    0x080001c0   0x080001c0   0x00000000   Code   RO         4391    .ARM.Collect$$rtentry$$0000000C  c_w.l(__rtentry2.o)
    0x080001c0   0x080001c0   0x00000008   Code   RO         4392    .ARM.Collect$$rtentry$$0000000D  c_w.l(__rtentry2.o)
    0x080001c8   0x080001c8   0x00000002   Code   RO         4444    .ARM.Collect$$rtexit$$00000000  c_w.l(rtexit.o)
    0x080001ca   0x080001ca   0x00000000   Code   RO         4498    .ARM.Collect$$rtexit$$00000002  c_w.l(rtexit2.o)
    0x080001ca   0x080001ca   0x00000004   Code   RO         4499    .ARM.Collect$$rtexit$$00000003  c_w.l(rtexit2.o)
    0x080001ce   0x080001ce   0x00000006   Code   RO         4500    .ARM.Collect$$rtexit$$00000004  c_w.l(rtexit2.o)
    0x080001d4   0x080001d4   0x00000040   Code   RO          387  * .text               startup_stm32f10x_hd.o
    0x08000214   0x08000214   0x00000002   Code   RO         4183    .text               c_w.l(use_no_semi_2.o)
    0x08000216   0x08000216   0x00000048   Code   RO         4185    .text               c_w.l(llsdiv.o)
    0x0800025e   0x0800025e   0x00000002   PAD
    0x08000260   0x08000260   0x00000018   Code   RO         4189    .text               c_w.l(noretval__2printf.o)
    0x08000278   0x08000278   0x00000078   Code   RO         4195    .text               c_w.l(_printf_dec.o)
    0x080002f0   0x080002f0   0x00000138   Code   RO         4230    .text               c_w.l(__printf_flags_wp.o)
    0x08000428   0x08000428   0x00000058   Code   RO         4241    .text               c_w.l(memcmp.o)
    0x08000480   0x08000480   0x00000010   Code   RO         4243    .text               c_w.l(aeabi_memset.o)
    0x08000490   0x08000490   0x00000006   Code   RO         4245    .text               c_w.l(heapauxi.o)
    0x08000496   0x08000496   0x00000002   Code   RO         4321    .text               c_w.l(use_no_semi.o)
    0x08000498   0x08000498   0x000000ee   Code   RO         4324    .text               c_w.l(lludivv7m.o)
    0x08000586   0x08000586   0x00000016   Code   RO         4326    .text               c_w.l(_rserrno.o)
    0x0800059c   0x0800059c   0x000000b2   Code   RO         4328    .text               c_w.l(_printf_intcommon.o)
    0x0800064e   0x0800064e   0x00000002   PAD
    0x08000650   0x08000650   0x00000024   Code   RO         4330    .text               c_w.l(_printf_char_file.o)
    0x08000674   0x08000674   0x00000044   Code   RO         4333    .text               c_w.l(rt_memclr.o)
    0x080006b8   0x080006b8   0x00000008   Code   RO         4407    .text               c_w.l(rt_errno_addr_intlibspace.o)
    0x080006c0   0x080006c0   0x00000030   Code   RO         4409    .text               c_w.l(_printf_char_common.o)
    0x080006f0   0x080006f0   0x00000008   Code   RO         4411    .text               c_w.l(ferror.o)
    0x080006f8   0x080006f8   0x0000004e   Code   RO         4415    .text               c_w.l(rt_memclr_w.o)
    0x08000746   0x08000746   0x00000002   PAD
    0x08000748   0x08000748   0x00000008   Code   RO         4423    .text               c_w.l(libspace.o)
    0x08000750   0x08000750   0x0000004a   Code   RO         4426    .text               c_w.l(sys_stackheap_outer.o)
    0x0800079a   0x0800079a   0x00000012   Code   RO         4432    .text               c_w.l(exit.o)
    0x080007ac   0x080007ac   0x00000004   Code   RO          155    i.BusFault_Handler  stm32f10x_it.o
    0x080007b0   0x080007b0   0x00000002   Code   RO          156    i.DebugMon_Handler  stm32f10x_it.o
    0x080007b2   0x080007b2   0x00000116   Code   RO         1542    i.GPIO_Init         stm32f10x_gpio.o
    0x080008c8   0x080008c8   0x00000004   Code   RO         1550    i.GPIO_SetBits      stm32f10x_gpio.o
    0x080008cc   0x080008cc   0x00000004   Code   RO          157    i.HardFault_Handler  stm32f10x_it.o
    0x080008d0   0x080008d0   0x00000040   Code   RO         3377    i.LED_Init          led.o
    0x08000910   0x08000910   0x0000004c   Code   RO         3527    i.MPU_IIC_Ack       mpuiic.o
    0x0800095c   0x0800095c   0x0000000a   Code   RO         3528    i.MPU_IIC_Delay     mpuiic.o
    0x08000966   0x08000966   0x00000002   PAD
    0x08000968   0x08000968   0x00000038   Code   RO         3529    i.MPU_IIC_Init      mpuiic.o
    0x080009a0   0x080009a0   0x0000004c   Code   RO         3530    i.MPU_IIC_NAck      mpuiic.o
    0x080009ec   0x080009ec   0x0000006c   Code   RO         3531    i.MPU_IIC_Read_Byte  mpuiic.o
    0x08000a58   0x08000a58   0x0000005c   Code   RO         3532    i.MPU_IIC_Send_Byte  mpuiic.o
    0x08000ab4   0x08000ab4   0x00000048   Code   RO         3533    i.MPU_IIC_Start     mpuiic.o
    0x08000afc   0x08000afc   0x00000048   Code   RO         3534    i.MPU_IIC_Stop      mpuiic.o
    0x08000b44   0x08000b44   0x00000064   Code   RO         3535    i.MPU_IIC_Wait_Ack  mpuiic.o
    0x08000ba8   0x08000ba8   0x00000074   Code   RO         3592    i.MPU_Read_Len      mpu6050.o
    0x08000c1c   0x08000c1c   0x00000060   Code   RO         3598    i.MPU_Write_Len     mpu6050.o
    0x08000c7c   0x08000c7c   0x00000004   Code   RO          158    i.MemManage_Handler  stm32f10x_it.o
    0x08000c80   0x08000c80   0x00000002   Code   RO          159    i.NMI_Handler       stm32f10x_it.o
    0x08000c82   0x08000c82   0x00000002   PAD
    0x08000c84   0x08000c84   0x00000070   Code   RO          391    i.NVIC_Init         misc.o
    0x08000cf4   0x08000cf4   0x00000002   Code   RO          160    i.PendSV_Handler    stm32f10x_it.o
    0x08000cf6   0x08000cf6   0x00000002   PAD
    0x08000cf8   0x08000cf8   0x00000020   Code   RO         1958    i.RCC_APB1PeriphClockCmd  stm32f10x_rcc.o
    0x08000d18   0x08000d18   0x00000020   Code   RO         1960    i.RCC_APB2PeriphClockCmd  stm32f10x_rcc.o
    0x08000d38   0x08000d38   0x000000d4   Code   RO         1968    i.RCC_GetClocksFreq  stm32f10x_rcc.o
    0x08000e0c   0x08000e0c   0x00000002   Code   RO          161    i.SVC_Handler       stm32f10x_it.o
    0x08000e0e   0x08000e0e   0x00000008   Code   RO          244    i.SetSysClock       system_stm32f10x.o
    0x08000e16   0x08000e16   0x00000002   PAD
    0x08000e18   0x08000e18   0x000000e0   Code   RO          245    i.SetSysClockTo72   system_stm32f10x.o
    0x08000ef8   0x08000ef8   0x00000028   Code   RO          395    i.SysTick_CLKSourceConfig  misc.o
    0x08000f20   0x08000f20   0x00000002   Code   RO          162    i.SysTick_Handler   stm32f10x_it.o
    0x08000f22   0x08000f22   0x00000002   PAD
    0x08000f24   0x08000f24   0x00000060   Code   RO          247    i.SystemInit        system_stm32f10x.o
    0x08000f84   0x08000f84   0x0000001c   Code   RO            1    i.TIM3_IRQHandler   main.o
    0x08000fa0   0x08000fa0   0x00000060   Code   RO         3389    i.TIM3_Int_Init     timer.o
    0x08001000   0x08001000   0x00000006   Code   RO         2587    i.TIM_ClearITPendingBit  stm32f10x_tim.o
    0x08001006   0x08001006   0x00000018   Code   RO         2592    i.TIM_Cmd           stm32f10x_tim.o
    0x0800101e   0x0800101e   0x00000022   Code   RO         2613    i.TIM_GetITStatus   stm32f10x_tim.o
    0x08001040   0x08001040   0x00000012   Code   RO         2617    i.TIM_ITConfig      stm32f10x_tim.o
    0x08001052   0x08001052   0x00000002   PAD
    0x08001054   0x08001054   0x000000a4   Code   RO         2663    i.TIM_TimeBaseInit  stm32f10x_tim.o
    0x080010f8   0x080010f8   0x00000088   Code   RO          333    i.USART1_IRQHandler  usart.o
    0x08001180   0x08001180   0x00000018   Code   RO         3128    i.USART_Cmd         stm32f10x_usart.o
    0x08001198   0x08001198   0x00000054   Code   RO         3132    i.USART_GetITStatus  stm32f10x_usart.o
    0x080011ec   0x080011ec   0x0000004a   Code   RO         3134    i.USART_ITConfig    stm32f10x_usart.o
    0x08001236   0x08001236   0x00000002   PAD
    0x08001238   0x08001238   0x000000d8   Code   RO         3135    i.USART_Init        stm32f10x_usart.o
    0x08001310   0x08001310   0x0000000a   Code   RO         3142    i.USART_ReceiveData  stm32f10x_usart.o
    0x0800131a   0x0800131a   0x00000004   Code   RO          163    i.UsageFault_Handler  stm32f10x_it.o
    0x0800131e   0x0800131e   0x00000028   Code   RO         4372    i.__ARM_fpclassify  m_ws.l(fpclassify.o)
    0x08001346   0x08001346   0x000000aa   Code   RO         4374    i.__kernel_poly     m_ws.l(poly.o)
    0x080013f0   0x080013f0   0x00000006   Code   RO         4359    i.__mathlib_dbl_infnan  m_ws.l(dunder.o)
    0x080013f6   0x080013f6   0x00000004   Code   RO         4360    i.__mathlib_dbl_infnan2  m_ws.l(dunder.o)
    0x080013fa   0x080013fa   0x0000000c   Code   RO         4361    i.__mathlib_dbl_invalid  m_ws.l(dunder.o)
    0x08001406   0x08001406   0x00000002   PAD
    0x08001408   0x08001408   0x00000010   Code   RO         4364    i.__mathlib_dbl_underflow  m_ws.l(dunder.o)
    0x08001418   0x08001418   0x0000000e   Code   RO         4228    i._is_digit         c_w.l(__printf_wp.o)
    0x08001426   0x08001426   0x00000004   Code   RO          334    i._sys_exit         usart.o
    0x0800142a   0x0800142a   0x00000002   PAD
    0x0800142c   0x0800142c   0x000000a8   Code   RO         3668    i.accel_self_test   inv_mpu.o
    0x080014d4   0x080014d4   0x00000270   Code   RO         4304    i.asin              m_ws.l(asin.o)
    0x08001744   0x08001744   0x00000220   Code   RO         4349    i.atan              m_ws.l(atan.o)
    0x08001964   0x08001964   0x00000180   Code   RO         4314    i.atan2             m_ws.l(atan2.o)
    0x08001ae4   0x08001ae4   0x00000064   Code   RO         3999    i.decode_gesture    inv_mpu_dmp_motion_driver.o
    0x08001b48   0x08001b48   0x00000044   Code   RO          278    i.delay_init        delay.o
    0x08001b8c   0x08001b8c   0x0000004c   Code   RO          279    i.delay_ms          delay.o
    0x08001bd8   0x08001bd8   0x0000004c   Code   RO          280    i.delay_us          delay.o
    0x08001c24   0x08001c24   0x0000003c   Code   RO         4000    i.dmp_enable_6x_lp_quat  inv_mpu_dmp_motion_driver.o
    0x08001c60   0x08001c60   0x0000021c   Code   RO         4001    i.dmp_enable_feature  inv_mpu_dmp_motion_driver.o
    0x08001e7c   0x08001e7c   0x00000058   Code   RO         4002    i.dmp_enable_gyro_cal  inv_mpu_dmp_motion_driver.o
    0x08001ed4   0x08001ed4   0x0000003c   Code   RO         4003    i.dmp_enable_lp_quat  inv_mpu_dmp_motion_driver.o
    0x08001f10   0x08001f10   0x00000018   Code   RO         4008    i.dmp_load_motion_driver_firmware  inv_mpu_dmp_motion_driver.o
    0x08001f28   0x08001f28   0x000001cc   Code   RO         4009    i.dmp_read_fifo     inv_mpu_dmp_motion_driver.o
    0x080020f4   0x080020f4   0x00000130   Code   RO         4012    i.dmp_set_accel_bias  inv_mpu_dmp_motion_driver.o
    0x08002224   0x08002224   0x00000070   Code   RO         4013    i.dmp_set_fifo_rate  inv_mpu_dmp_motion_driver.o
    0x08002294   0x08002294   0x00000130   Code   RO         4014    i.dmp_set_gyro_bias  inv_mpu_dmp_motion_driver.o
    0x080023c4   0x080023c4   0x00000138   Code   RO         4016    i.dmp_set_orientation  inv_mpu_dmp_motion_driver.o
    0x080024fc   0x080024fc   0x00000038   Code   RO         4019    i.dmp_set_shake_reject_thresh  inv_mpu_dmp_motion_driver.o
    0x08002534   0x08002534   0x00000026   Code   RO         4020    i.dmp_set_shake_reject_time  inv_mpu_dmp_motion_driver.o
    0x0800255a   0x0800255a   0x00000026   Code   RO         4021    i.dmp_set_shake_reject_timeout  inv_mpu_dmp_motion_driver.o
    0x08002580   0x08002580   0x00000046   Code   RO         4022    i.dmp_set_tap_axes  inv_mpu_dmp_motion_driver.o
    0x080025c6   0x080025c6   0x00000026   Code   RO         4023    i.dmp_set_tap_count  inv_mpu_dmp_motion_driver.o
    0x080025ec   0x080025ec   0x000001a0   Code   RO         4024    i.dmp_set_tap_thresh  inv_mpu_dmp_motion_driver.o
    0x0800278c   0x0800278c   0x00000026   Code   RO         4025    i.dmp_set_tap_time  inv_mpu_dmp_motion_driver.o
    0x080027b2   0x080027b2   0x00000026   Code   RO         4026    i.dmp_set_tap_time_multi  inv_mpu_dmp_motion_driver.o
    0x080027d8   0x080027d8   0x0000001c   Code   RO          335    i.fputc             usart.o
    0x080027f4   0x080027f4   0x000000b4   Code   RO         3669    i.get_accel_prod_shift  inv_mpu.o
    0x080028a8   0x080028a8   0x00000470   Code   RO         3670    i.get_st_biases     inv_mpu.o
    0x08002d18   0x08002d18   0x00000110   Code   RO         3671    i.gyro_self_test    inv_mpu.o
    0x08002e28   0x08002e28   0x00000028   Code   RO         3672    i.inv_orientation_matrix_to_scalar  inv_mpu.o
    0x08002e50   0x08002e50   0x0000004e   Code   RO         3673    i.inv_row_2_scale   inv_mpu.o
    0x08002e9e   0x08002e9e   0x00000002   PAD
    0x08002ea0   0x08002ea0   0x0000034c   Code   RO            2    i.main              main.o
    0x080031ec   0x080031ec   0x00000002   Code   RO         3674    i.mget_ms           inv_mpu.o
    0x080031ee   0x080031ee   0x00000002   PAD
    0x080031f0   0x080031f0   0x00000070   Code   RO         3675    i.mpu_configure_fifo  inv_mpu.o
    0x08003260   0x08003260   0x000000a0   Code   RO         3677    i.mpu_dmp_init      inv_mpu.o
    0x08003300   0x08003300   0x0000004c   Code   RO         3678    i.mpu_get_accel_fsr  inv_mpu.o
    0x0800334c   0x0800334c   0x00000054   Code   RO         3680    i.mpu_get_accel_sens  inv_mpu.o
    0x080033a0   0x080033a0   0x00000010   Code   RO         3685    i.mpu_get_fifo_config  inv_mpu.o
    0x080033b0   0x080033b0   0x00000044   Code   RO         3686    i.mpu_get_gyro_fsr  inv_mpu.o
    0x080033f4   0x080033f4   0x00000050   Code   RO         3688    i.mpu_get_gyro_sens  inv_mpu.o
    0x08003444   0x08003444   0x00000050   Code   RO         3690    i.mpu_get_lpf       inv_mpu.o
    0x08003494   0x08003494   0x00000020   Code   RO         3692    i.mpu_get_sample_rate  inv_mpu.o
    0x080034b4   0x080034b4   0x000001f0   Code   RO         3694    i.mpu_init          inv_mpu.o
    0x080036a4   0x080036a4   0x000000b8   Code   RO         3695    i.mpu_load_firmware  inv_mpu.o
    0x0800375c   0x0800375c   0x000000e0   Code   RO         3696    i.mpu_lp_accel_mode  inv_mpu.o
    0x0800383c   0x0800383c   0x000000c0   Code   RO         3699    i.mpu_read_fifo_stream  inv_mpu.o
    0x080038fc   0x080038fc   0x00000080   Code   RO         3700    i.mpu_read_mem      inv_mpu.o
    0x0800397c   0x0800397c   0x000001c8   Code   RO         3703    i.mpu_reset_fifo    inv_mpu.o
    0x08003b44   0x08003b44   0x0000011c   Code   RO         3704    i.mpu_run_self_test  inv_mpu.o
    0x08003c60   0x08003c60   0x00000084   Code   RO         3706    i.mpu_set_accel_fsr  inv_mpu.o
    0x08003ce4   0x08003ce4   0x0000014c   Code   RO         3707    i.mpu_set_bypass    inv_mpu.o
    0x08003e30   0x08003e30   0x00000090   Code   RO         3709    i.mpu_set_dmp_state  inv_mpu.o
    0x08003ec0   0x08003ec0   0x00000088   Code   RO         3710    i.mpu_set_gyro_fsr  inv_mpu.o
    0x08003f48   0x08003f48   0x0000006c   Code   RO         3711    i.mpu_set_int_latched  inv_mpu.o
    0x08003fb4   0x08003fb4   0x00000084   Code   RO         3713    i.mpu_set_lpf       inv_mpu.o
    0x08004038   0x08004038   0x0000009c   Code   RO         3714    i.mpu_set_sample_rate  inv_mpu.o
    0x080040d4   0x080040d4   0x000000d0   Code   RO         3715    i.mpu_set_sensors   inv_mpu.o
    0x080041a4   0x080041a4   0x00000080   Code   RO         3716    i.mpu_write_mem     inv_mpu.o
    0x08004224   0x08004224   0x00000082   Code   RO         3717    i.run_self_test     inv_mpu.o
    0x080042a6   0x080042a6   0x00000002   PAD
    0x080042a8   0x080042a8   0x00000090   Code   RO         3718    i.set_int_enable    inv_mpu.o
    0x08004338   0x08004338   0x0000004c   Code   RO         4378    i.sqrt              m_ws.l(sqrt.o)
    0x08004384   0x08004384   0x000000a0   Code   RO          336    i.uart_init         usart.o
    0x08004424   0x08004424   0x0000002c   Code   RO            3    i.usart_send        main.o
    0x08004450   0x08004450   0x00000062   Code   RO         4249    x$fpl$d2f           fz_ws.l(d2f.o)
    0x080044b2   0x080044b2   0x00000002   PAD
    0x080044b4   0x080044b4   0x00000150   Code   RO         4251    x$fpl$dadd          fz_ws.l(daddsub_clz.o)
    0x08004604   0x08004604   0x00000010   Code   RO         4417    x$fpl$dcheck1       fz_ws.l(dcheck1.o)
    0x08004614   0x08004614   0x000002b0   Code   RO         4258    x$fpl$ddiv          fz_ws.l(ddiv.o)
    0x080048c4   0x080048c4   0x00000154   Code   RO         4267    x$fpl$dmul          fz_ws.l(dmul.o)
    0x08004a18   0x08004a18   0x0000009c   Code   RO         4335    x$fpl$dnaninf       fz_ws.l(dnaninf.o)
    0x08004ab4   0x08004ab4   0x0000000c   Code   RO         4337    x$fpl$dretinf       fz_ws.l(dretinf.o)
    0x08004ac0   0x08004ac0   0x00000016   Code   RO         4252    x$fpl$drsb          fz_ws.l(daddsub_clz.o)
    0x08004ad6   0x08004ad6   0x00000002   PAD
    0x08004ad8   0x08004ad8   0x000001cc   Code   RO         4421    x$fpl$dsqrt         fz_ws.l(dsqrt_noumaal.o)
    0x08004ca4   0x08004ca4   0x000001d4   Code   RO         4253    x$fpl$dsub          fz_ws.l(daddsub_clz.o)
    0x08004e78   0x08004e78   0x00000056   Code   RO         4269    x$fpl$f2d           fz_ws.l(f2d.o)
    0x08004ece   0x08004ece   0x00000002   PAD
    0x08004ed0   0x08004ed0   0x000000c4   Code   RO         4271    x$fpl$fadd          fz_ws.l(faddsub_clz.o)
    0x08004f94   0x08004f94   0x00000018   Code   RO         4339    x$fpl$fcmpinf       fz_ws.l(fcmpi.o)
    0x08004fac   0x08004fac   0x00000184   Code   RO         4278    x$fpl$fdiv          fz_ws.l(fdiv.o)
    0x08005130   0x08005130   0x00000068   Code   RO         4281    x$fpl$feqf          fz_ws.l(feqf.o)
    0x08005198   0x08005198   0x00000036   Code   RO         4283    x$fpl$ffix          fz_ws.l(ffix.o)
    0x080051ce   0x080051ce   0x00000002   PAD
    0x080051d0   0x080051d0   0x0000003e   Code   RO         4287    x$fpl$ffixu         fz_ws.l(ffixu.o)
    0x0800520e   0x0800520e   0x00000002   PAD
    0x08005210   0x08005210   0x00000030   Code   RO         4292    x$fpl$fflt          fz_ws.l(fflt_clz.o)
    0x08005240   0x08005240   0x00000026   Code   RO         4291    x$fpl$ffltu         fz_ws.l(fflt_clz.o)
    0x08005266   0x08005266   0x00000002   PAD
    0x08005268   0x08005268   0x00000068   Code   RO         4297    x$fpl$fleqf         fz_ws.l(fleqf.o)
    0x080052d0   0x080052d0   0x00000102   Code   RO         4299    x$fpl$fmul          fz_ws.l(fmul.o)
    0x080053d2   0x080053d2   0x0000008c   Code   RO         4341    x$fpl$fnaninf       fz_ws.l(fnaninf.o)
    0x0800545e   0x0800545e   0x0000000a   Code   RO         4343    x$fpl$fretinf       fz_ws.l(fretinf.o)
    0x08005468   0x08005468   0x00000062   Code   RO         4301    x$fpl$frleqf        fz_ws.l(frleqf.o)
    0x080054ca   0x080054ca   0x00000002   PAD
    0x080054cc   0x080054cc   0x000000ea   Code   RO         4273    x$fpl$fsub          fz_ws.l(faddsub_clz.o)
    0x080055b6   0x080055b6   0x00000064   Code   RO         4442    x$fpl$retnan        fz_ws.l(retnan.o)
    0x0800561a   0x0800561a   0x0000005c   Code   RO         4345    x$fpl$scalbn        fz_ws.l(scalbn.o)
    0x08005676   0x08005676   0x00000030   Code   RO         4495    x$fpl$trapveneer    fz_ws.l(trapv.o)
    0x080056a6   0x080056a6   0x00000000   Code   RO         4347    x$fpl$usenofp       fz_ws.l(usenofp.o)
    0x080056a6   0x080056a6   0x00000002   PAD
    0x080056a8   0x080056a8   0x00000050   Data   RO         3720    .constdata          inv_mpu.o
    0x080056f8   0x080056f8   0x00000bf6   Data   RO         4028    .constdata          inv_mpu_dmp_motion_driver.o
    0x080062ee   0x080062ee   0x00000011   Data   RO         4231    .constdata          c_w.l(__printf_flags_wp.o)
    0x080062ff   0x080062ff   0x00000001   PAD
    0x08006300   0x08006300   0x00000050   Data   RO         4305    .constdata          m_ws.l(asin.o)
    0x08006350   0x08006350   0x00000098   Data   RO         4350    .constdata          m_ws.l(atan.o)
    0x080063e8   0x080063e8   0x00000008   Data   RO         4376    .constdata          m_ws.l(qnan.o)
    0x080063f0   0x080063f0   0x0000004d   Data   RO         3721    .conststring        inv_mpu.o
    0x0800643d   0x0800643d   0x00000003   PAD
    0x08006440   0x08006440   0x00000020   Data   RO         4570    Region$$Table       anon$$obj.o


    Execution Region ER_RW (Exec base: 0x20000000, Load base: 0x08006460, Size: 0x0000006c, Max: 0xffffffff, ABSOLUTE)

    Exec Addr    Load Addr    Size         Type   Attr      Idx    E Section Name        Object

    0x20000000   0x08006460   0x00000014   Data   RW          248    .data               system_stm32f10x.o
    0x20000014   0x08006474   0x00000004   Data   RW          281    .data               delay.o
    0x20000018   0x08006478   0x00000006   Data   RW          338    .data               usart.o
    0x2000001e   0x0800647e   0x00000014   Data   RW         1988    .data               stm32f10x_rcc.o
    0x20000032   0x08006492   0x00000002   PAD
    0x20000034   0x08006494   0x00000035   Data   RW         3722    .data               inv_mpu.o


    Execution Region ER_ZI (Exec base: 0x2000006c, Load base: 0x080064cc, Size: 0x00000754, Max: 0xffffffff, ABSOLUTE)

    Exec Addr    Load Addr    Size         Type   Attr      Idx    E Section Name        Object

    0x2000006c        -       0x0000001a   Zero   RW            4    .bss                main.o
    0x20000086        -       0x000000c8   Zero   RW          337    .bss                usart.o
    0x2000014e   0x080064cc   0x00000002   PAD
    0x20000150        -       0x00000010   Zero   RW         4027    .bss                inv_mpu_dmp_motion_driver.o
    0x20000160        -       0x00000060   Zero   RW         4424    .bss                c_w.l(libspace.o)
    0x200001c0        -       0x00000200   Zero   RW          385    HEAP                startup_stm32f10x_hd.o
    0x200003c0        -       0x00000400   Zero   RW          384    STACK               startup_stm32f10x_hd.o


==============================================================================

Image component sizes


      Code (inc. data)   RO Data    RW Data    ZI Data      Debug   Object Name

       220         26          0          4          0       1623   delay.o
      6298        286        157         53          0      28625   inv_mpu.o
      3096        122       3062          0         16      19886   inv_mpu_dmp_motion_driver.o
        64         14          0          0          0        447   led.o
       916         38          0          0         26     253989   main.o
       152         12          0          0          0       1466   misc.o
       212          0          0          0          0       1891   mpu6050.o
       662        100          0          0          0       4330   mpuiic.o
        64         26        304          0       1536        776   startup_stm32f10x_hd.o
       282          0          0          0          0       2423   stm32f10x_gpio.o
        26          0          0          0          0       3478   stm32f10x_it.o
       276         32          0         20          0       4310   stm32f10x_rcc.o
       246         42          0          0          0       3402   stm32f10x_tim.o
       408          6          0          0          0       4854   stm32f10x_usart.o
         0          0          0          0          0         32   sys.o
       328         28          0         20          0       1957   system_stm32f10x.o
        96          6          0          0          0        612   timer.o
       328         26          0          6        200       3952   usart.o

    ----------------------------------------------------------------------
     13696        764       3558        108       1780     338053   Object Totals
         0          0         32          0          0          0   (incl. Generated)
        22          0          3          5          2          0   (incl. Padding)

    ----------------------------------------------------------------------

      Code (inc. data)   RO Data    RW Data    ZI Data      Debug   Library Member Name

         8          0          0          0          0         68   __main.o
       312          4         17          0          0         92   __printf_flags_wp.o
        14          0          0          0          0         68   __printf_wp.o
         0          0          0          0          0          0   __rtentry.o
        12          0          0          0          0          0   __rtentry2.o
         6          0          0          0          0          0   __rtentry4.o
        52          8          0          0          0          0   __scatter.o
        26          0          0          0          0          0   __scatter_copy.o
        28          0          0          0          0          0   __scatter_zi.o
        48          6          0          0          0         96   _printf_char_common.o
        36          4          0          0          0         80   _printf_char_file.o
         6          0          0          0          0          0   _printf_d.o
       120         16          0          0          0         92   _printf_dec.o
       178          0          0          0          0         88   _printf_intcommon.o
         0          0          0          0          0          0   _printf_percent.o
         4          0          0          0          0          0   _printf_percent_end.o
        22          0          0          0          0        100   _rserrno.o
        16          0          0          0          0         68   aeabi_memset.o
        18          0          0          0          0         80   exit.o
         8          0          0          0          0         68   ferror.o
         6          0          0          0          0        152   heapauxi.o
         2          0          0          0          0          0   libinit.o
         2          0          0          0          0          0   libinit2.o
         2          0          0          0          0          0   libshutdown.o
         2          0          0          0          0          0   libshutdown2.o
         8          4          0          0         96         68   libspace.o
        72          0          0          0          0         76   llsdiv.o
       238          0          0          0          0        100   lludivv7m.o
        88          0          0          0          0         76   memcmp.o
        24          4          0          0          0         84   noretval__2printf.o
         8          4          0          0          0         68   rt_errno_addr_intlibspace.o
        68          0          0          0          0         68   rt_memclr.o
        78          0          0          0          0         80   rt_memclr_w.o
         2          0          0          0          0          0   rtexit.o
        10          0          0          0          0          0   rtexit2.o
        74          0          0          0          0         80   sys_stackheap_outer.o
         2          0          0          0          0         68   use_no_semi.o
         2          0          0          0          0         68   use_no_semi_2.o
        98          4          0          0          0         92   d2f.o
       826         16          0          0          0        348   daddsub_clz.o
        16          4          0          0          0         68   dcheck1.o
       688        140          0          0          0        208   ddiv.o
       340         12          0          0          0        104   dmul.o
       156          4          0          0          0         92   dnaninf.o
        12          0          0          0          0         68   dretinf.o
       460         56          0          0          0        120   dsqrt_noumaal.o
        86          4          0          0          0         84   f2d.o
       430          8          0          0          0        168   faddsub_clz.o
        24          0          0          0          0         68   fcmpi.o
       388         76          0          0          0         96   fdiv.o
       104          4          0          0          0         84   feqf.o
        54          4          0          0          0         84   ffix.o
        62          4          0          0          0         84   ffixu.o
        86          0          0          0          0        136   fflt_clz.o
       104          4          0          0          0         84   fleqf.o
       258          4          0          0          0         84   fmul.o
       140          4          0          0          0         84   fnaninf.o
        10          0          0          0          0         68   fretinf.o
        98          0          0          0          0         68   frleqf.o
       100          0          0          0          0         68   retnan.o
        92          0          0          0          0         68   scalbn.o
        48          0          0          0          0         68   trapv.o
         0          0          0          0          0          0   usenofp.o
       624         52         80          0          0        168   asin.o
       544         70        152          0          0        124   atan.o
       384         38          0          0          0        144   atan2.o
        38          6          0          0          0        272   dunder.o
        40          0          0          0          0         68   fpclassify.o
       170          0          0          0          0         96   poly.o
         0          0          8          0          0          0   qnan.o
        76          0          0          0          0         84   sqrt.o

    ----------------------------------------------------------------------
      8184        564        258          0         96       5340   Library Totals
        26          0          1          0          0          0   (incl. Padding)

    ----------------------------------------------------------------------

      Code (inc. data)   RO Data    RW Data    ZI Data      Debug   Library Name

      1602         50         17          0         96       1888   c_w.l
      4680        348          0          0          0       2496   fz_ws.l
      1876        166        240          0          0        956   m_ws.l

    ----------------------------------------------------------------------
      8184        564        258          0         96       5340   Library Totals

    ----------------------------------------------------------------------

==============================================================================


      Code (inc. data)   RO Data    RW Data    ZI Data      Debug   

     21880       1328       3816        108       1876     335225   Grand Totals
     21880       1328       3816        108       1876     335225   ELF Image Totals
     21880       1328       3816        108          0          0   ROM Totals

==============================================================================

    Total RO  Size (Code + RO Data)                25696 (  25.09kB)
    Total RW  Size (RW Data + ZI Data)              1984 (   1.94kB)
    Total ROM Size (Code + RO Data + RW Data)      25804 (  25.20kB)

==============================================================================

